2026-05-04 15:28:54,624 - 配置: lr=3e-05, batch=64, max_len=512, dropout=0.1, gru_hidden=256, freeze_layers=11, sample_per_class=0, epochs=5
2026-05-04 15:52:22,892 - Epoch 1: train_loss=627.8609, valid_loss=51.4113, valid_acc=0.8736, valid_macro_f1=0.6157
2026-05-04 15:52:22,892 -
验证集分类报告:
               precision    recall  f1-score   support

         中医器械     0.9474    0.6667    0.7826        27
       临床检验器械     0.8043    0.7400    0.7708       100
       医用康复器械     0.9091    0.4545    0.6061        22
       医用成像器械     0.9287    0.9640    0.9460       973
    医用诊察和监护器械     0.8653    0.9460    0.9038       611
         医用软件     0.8254    0.5714    0.6753        91
   医疗器械消毒灭菌器械     0.0000    0.0000    0.0000        10
        口腔科器械     0.8056    0.9355    0.8657        31
   呼吸、麻醉和急救器械     0.4615    0.2727    0.3429        22
妇产科、辅助生殖和避孕器械     0.8906    0.9828    0.9344        58
       患者承载器械     0.0000    0.0000    0.0000        11
       放射治疗器械     0.7692    0.4762    0.5882        21
       无源手术器械     0.8784    0.9091    0.8935       429
       无源植入器械     0.7812    0.3788    0.5102        66
       有源手术器械     0.8193    0.9220    0.8676       295
       有源植入器械     1.0000    0.1000    0.1818        20
   注输、护理和防护器械     0.7184    0.6981    0.7081       106
       物理治疗器械     1.0000    0.2143    0.3529        28
         眼科器械     0.9394    0.9748    0.9568       159
   神经和心血管手术器械     0.7742    0.7869    0.7805        61
 输血、透析和体外循环器械     0.0000    0.0000    0.0000         9
       骨科手术器械     0.8567    0.8997    0.8777       299

     accuracy                         0.8736      3449
    macro avg     0.7261    0.5861    0.6157      3449
 weighted avg     0.8650    0.8736    0.8612      3449

2026-05-04 15:53:41,825 - 测试集: acc=0.8620, macro_f1=0.5962
2026-05-04 15:53:41,825 -
测试集分类报告:
               precision    recall  f1-score   support

         中医器械     1.0000    0.5000    0.6667        26
       临床检验器械     0.7500    0.7200    0.7347       100
       医用康复器械     0.9091    0.4545    0.6061        22
       医用成像器械     0.9286    0.9764    0.9519       973
    医用诊察和监护器械     0.8671    0.9379    0.9011       612
         医用软件     0.7429    0.5714    0.6460        91
   医疗器械消毒灭菌器械     0.0000    0.0000    0.0000        10
        口腔科器械     0.8158    1.0000    0.8986        31
   呼吸、麻醉和急救器械     0.6250    0.4545    0.5263        22
妇产科、辅助生殖和避孕器械     0.8871    0.9322    0.9091        59
       患者承载器械     0.0000    0.0000    0.0000        10
       放射治疗器械     0.8889    0.4000    0.5517        20
       无源手术器械     0.8637    0.8718    0.8677       429
       无源植入器械     0.7333    0.3284    0.4536        67
       有源手术器械     0.7788    0.8949    0.8328       295
       有源植入器械     0.6667    0.1053    0.1818        19
   注输、护理和防护器械     0.6491    0.6916    0.6697       107
       物理治疗器械     1.0000    0.1071    0.1935        28
         眼科器械     0.9503    0.9623    0.9563       159
   神经和心血管手术器械     0.6769    0.7097    0.6929        62
 输血、透析和体外循环器械     0.0000    0.0000    0.0000         9
       骨科手术器械     0.8709    0.8796    0.8752       299

     accuracy                         0.8620      3450
    macro avg     0.7093    0.5681    0.5962      3450
 weighted avg     0.8536    0.8620    0.8493      3450

2026-05-04 16:16:50,228 - Epoch 2: train_loss=399.2620, valid_loss=46.6119, valid_acc=0.9095, valid_macro_f1=0.7966
2026-05-04 16:16:50,228 -
验证集分类报告:
               precision    recall  f1-score   support

         中医器械     0.9583    0.8519    0.9020        27
       临床检验器械     0.8804    0.8100    0.8438       100
       医用康复器械     0.8636    0.8636    0.8636        22
       医用成像器械     0.9389    0.9784    0.9582       973
    医用诊察和监护器械     0.9116    0.9624    0.9363       611
         医用软件     0.9048    0.6264    0.7403        91
   医疗器械消毒灭菌器械     1.0000    0.6000    0.7500        10
        口腔科器械     0.9655    0.9032    0.9333        31
   呼吸、麻醉和急救器械     0.5500    0.5000    0.5238        22
妇产科、辅助生殖和避孕器械     0.9492    0.9655    0.9573        58
       患者承载器械     1.0000    0.1818    0.3077        11
       放射治疗器械     0.8750    0.6667    0.7568        21
       无源手术器械     0.9180    0.9138    0.9159       429
       无源植入器械     0.6933    0.7879    0.7376        66
       有源手术器械     0.8922    0.9254    0.9085       295
       有源植入器械     1.0000    0.6500    0.7879        20
   注输、护理和防护器械     0.8211    0.7358    0.7761       106
       物理治疗器械     0.7600    0.6786    0.7170        28
         眼科器械     0.9509    0.9748    0.9627       159
   神经和心血管手术器械     0.8182    0.8852    0.8504        61
 输血、透析和体外循环器械     1.0000    0.3333    0.5000         9
       骨科手术器械     0.9190    0.8729    0.8954       299

     accuracy                         0.9095      3449
    macro avg     0.8895    0.7576    0.7966      3449
 weighted avg     0.9099    0.9095    0.9067      3449

2026-05-04 16:18:11,051 - 测试集: acc=0.9014, macro_f1=0.7786
2026-05-04 16:18:11,052 -
测试集分类报告:
               precision    recall  f1-score   support

         中医器械     1.0000    0.9615    0.9804        26
       临床检验器械     0.7677    0.7600    0.7638       100
       医用康复器械     0.8261    0.8636    0.8444        22
       医用成像器械     0.9501    0.9794    0.9646       973
    医用诊察和监护器械     0.8940    0.9510    0.9216       612
         医用软件     0.8636    0.6264    0.7261        91
   医疗器械消毒灭菌器械     1.0000    0.6000    0.7500        10
        口腔科器械     0.9394    1.0000    0.9688        31
   呼吸、麻醉和急救器械     0.5652    0.5909    0.5778        22
妇产科、辅助生殖和避孕器械     0.9153    0.9153    0.9153        59
       患者承载器械     1.0000    0.2000    0.3333        10
       放射治疗器械     0.7333    0.5500    0.6286        20
       无源手术器械     0.8884    0.9091    0.8986       429
       无源植入器械     0.7051    0.8209    0.7586        67
       有源手术器械     0.8804    0.8983    0.8893       295
       有源植入器械     0.5833    0.3684    0.4516        19
   注输、护理和防护器械     0.8421    0.7477    0.7921       107
       物理治疗器械     0.7895    0.5357    0.6383        28
         眼科器械     0.9563    0.9623    0.9592       159
   神经和心血管手术器械     0.8413    0.8548    0.8480        62
 输血、透析和体外循环器械     1.0000    0.4444    0.6154         9
       骨科手术器械     0.9453    0.8662    0.9040       299

     accuracy                         0.9014      3450
    macro avg     0.8585    0.7457    0.7786      3450
 weighted avg     0.9010    0.9014    0.8986      3450

2026-05-04 16:37:12,179 - Epoch 3: train_loss=365.9702, valid_loss=44.9736, valid_acc=0.9188, valid_macro_f1=0.8279
2026-05-04 16:37:12,179 -
验证集分类报告:
               precision    recall  f1-score   support

         中医器械     0.9200    0.8519    0.8846        27
       临床检验器械     0.8737    0.8300    0.8513       100
       医用康复器械     0.8750    0.9545    0.9130        22
       医用成像器械     0.9467    0.9856    0.9658       973
    医用诊察和监护器械     0.9340    0.9493    0.9416       611
         医用软件     0.8182    0.6923    0.7500        91
   医疗器械消毒灭菌器械     1.0000    0.5000    0.6667        10
        口腔科器械     0.9667    0.9355    0.9508        31
   呼吸、麻醉和急救器械     0.7857    0.5000    0.6111        22
妇产科、辅助生殖和避孕器械     0.9333    0.9655    0.9492        58
       患者承载器械     1.0000    0.3636    0.5333        11
       放射治疗器械     0.8947    0.8095    0.8500        21
       无源手术器械     0.9272    0.9207    0.9240       429
       无源植入器械     0.7544    0.6515    0.6992        66
       有源手术器械     0.9136    0.9322    0.9228       295
       有源植入器械     1.0000    0.7500    0.8571        20
   注输、护理和防护器械     0.8438    0.7642    0.8020       106
       物理治疗器械     0.8077    0.7500    0.7778        28
         眼科器械     0.9750    0.9811    0.9781       159
   神经和心血管手术器械     0.8710    0.8852    0.8780        61
 输血、透析和体外循环器械     1.0000    0.4444    0.6154         9
       骨科手术器械     0.8698    0.9164    0.8925       299

     accuracy                         0.9188      3449
    macro avg     0.9050    0.7879    0.8279      3449
 weighted avg     0.9177    0.9188    0.9165      3449

2026-05-04 16:38:19,171 - 测试集: acc=0.9099, macro_f1=0.7970
2026-05-04 16:38:19,171 -
测试集分类报告:
               precision    recall  f1-score   support

         中医器械     1.0000    0.8846    0.9388        26
       临床检验器械     0.7767    0.8000    0.7882       100
       医用康复器械     0.8000    0.9091    0.8511        22
       医用成像器械     0.9445    0.9794    0.9617       973
    医用诊察和监护器械     0.9136    0.9330    0.9232       612
         医用软件     0.8421    0.7033    0.7665        91
   医疗器械消毒灭菌器械     0.6667    0.6000    0.6316        10
        口腔科器械     0.9394    1.0000    0.9688        31
   呼吸、麻醉和急救器械     0.6667    0.5455    0.6000        22
妇产科、辅助生殖和避孕器械     0.9180    0.9492    0.9333        59
       患者承载器械     0.6667    0.2000    0.3077        10
       放射治疗器械     0.7500    0.6000    0.6667        20
       无源手术器械     0.9016    0.9184    0.9099       429
       无源植入器械     0.7879    0.7761    0.7820        67
       有源手术器械     0.8993    0.9085    0.9039       295
       有源植入器械     0.6667    0.4211    0.5161        19
   注输、护理和防护器械     0.8778    0.7383    0.8020       107
       物理治疗器械     0.8947    0.6071    0.7234        28
         眼科器械     0.9568    0.9748    0.9657       159
   神经和心血管手术器械     0.8966    0.8387    0.8667        62
 输血、透析和体外循环器械     1.0000    0.6667    0.8000         9
       骨科手术器械     0.9236    0.9298    0.9267       299

     accuracy                         0.9099      3450
    macro avg     0.8495    0.7674    0.7970      3450
 weighted avg     0.9077    0.9099    0.9073      3450

2026-05-04 16:55:34,587 - Epoch 4: train_loss=347.7402, valid_loss=44.5253, valid_acc=0.9191, valid_macro_f1=0.8447
2026-05-04 16:55:34,587 -
验证集分类报告:
               precision    recall  f1-score   support

         中医器械     0.9565    0.8148    0.8800        27
       临床检验器械     0.8763    0.8500    0.8629       100
       医用康复器械     0.8947    0.7727    0.8293        22
       医用成像器械     0.9476    0.9846    0.9657       973
    医用诊察和监护器械     0.9056    0.9738    0.9385       611
         医用软件     0.8852    0.5934    0.7105        91
   医疗器械消毒灭菌器械     1.0000    0.6000    0.7500        10
        口腔科器械     0.9655    0.9032    0.9333        31
   呼吸、麻醉和急救器械     0.7333    0.5000    0.5946        22
妇产科、辅助生殖和避孕器械     0.9333    0.9655    0.9492        58
       患者承载器械     0.8889    0.7273    0.8000        11
       放射治疗器械     0.8947    0.8095    0.8500        21
       无源手术器械     0.9136    0.9371    0.9252       429
       无源植入器械     0.7391    0.7727    0.7556        66
       有源手术器械     0.9331    0.8983    0.9154       295
       有源植入器械     1.0000    0.7000    0.8235        20
   注输、护理和防护器械     0.8710    0.7642    0.8141       106
       物理治疗器械     0.7692    0.7143    0.7407        28
         眼科器械     0.9747    0.9686    0.9716       159
   神经和心血管手术器械     0.8689    0.8689    0.8689        61
 输血、透析和体外循环器械     1.0000    0.6667    0.8000         9
       骨科手术器械     0.9144    0.8930    0.9036       299

     accuracy                         0.9191      3449
    macro avg     0.9030    0.8036    0.8447      3449
 weighted avg     0.9185    0.9191    0.9169      3449

2026-05-04 16:56:36,920 - 测试集: acc=0.9110, macro_f1=0.8133
2026-05-04 16:56:36,920 -
测试集分类报告:
               precision    recall  f1-score   support

         中医器械     1.0000    0.8846    0.9388        26
       临床检验器械     0.7810    0.8200    0.8000       100
       医用康复器械     0.8947    0.7727    0.8293        22
       医用成像器械     0.9482    0.9774    0.9626       973
    医用诊察和监护器械     0.8840    0.9592    0.9201       612
         医用软件     0.8710    0.5934    0.7059        91
   医疗器械消毒灭菌器械     0.6667    0.6000    0.6316        10
        口腔科器械     0.9394    1.0000    0.9688        31
   呼吸、麻醉和急救器械     0.7857    0.5000    0.6111        22
妇产科、辅助生殖和避孕器械     0.9167    0.9322    0.9244        59
       患者承载器械     1.0000    0.4000    0.5714        10
       放射治疗器械     0.6842    0.6500    0.6667        20
       无源手术器械     0.8896    0.9394    0.9138       429
       无源植入器械     0.8286    0.8657    0.8467        67
       有源手术器械     0.9225    0.8881    0.9050       295
       有源植入器械     0.7333    0.5789    0.6471        19
   注输、护理和防护器械     0.8667    0.7290    0.7919       107
       物理治疗器械     0.8889    0.5714    0.6957        28
         眼科器械     0.9568    0.9748    0.9657       159
   神经和心血管手术器械     0.9434    0.8065    0.8696        62
 输血、透析和体外循环器械     1.0000    0.6667    0.8000         9
       骨科手术器械     0.9507    0.9030    0.9262       299

     accuracy                         0.9110      3450
    macro avg     0.8796    0.7733    0.8133      3450
 weighted avg     0.9108    0.9110    0.9083      3450

2026-05-04 17:14:00,115 - Epoch 5: train_loss=335.7769, valid_loss=43.8452, valid_acc=0.9237, valid_macro_f1=0.8469
2026-05-04 17:14:00,116 -
验证集分类报告:
               precision    recall  f1-score   support

         中医器械     0.9565    0.8148    0.8800        27
       临床检验器械     0.8257    0.9000    0.8612       100
       医用康复器械     0.9091    0.9091    0.9091        22
       医用成像器械     0.9504    0.9846    0.9672       973
    医用诊察和监护器械     0.9385    0.9493    0.9439       611
         医用软件     0.8421    0.7033    0.7665        91
   医疗器械消毒灭菌器械     1.0000    0.7000    0.8235        10
        口腔科器械     0.9667    0.9355    0.9508        31
   呼吸、麻醉和急救器械     0.7368    0.6364    0.6829        22
妇产科、辅助生殖和避孕器械     0.9492    0.9655    0.9573        58
       患者承载器械     0.8889    0.7273    0.8000        11
       放射治疗器械     0.8571    0.5714    0.6857        21
       无源手术器械     0.9376    0.9114    0.9243       429
       无源植入器械     0.8421    0.7273    0.7805        66
       有源手术器械     0.9172    0.9390    0.9280       295
       有源植入器械     1.0000    0.7000    0.8235        20
   注输、护理和防护器械     0.8586    0.8019    0.8293       106
       物理治疗器械     0.8333    0.7143    0.7692        28
         眼科器械     0.9750    0.9811    0.9781       159
   神经和心血管手术器械     0.8281    0.8689    0.8480        61
 输血、透析和体外循环器械     1.0000    0.4444    0.6154         9
       骨科手术器械     0.8854    0.9298    0.9070       299

     accuracy                         0.9237      3449
    macro avg     0.9045    0.8098    0.8469      3449
 weighted avg     0.9232    0.9237    0.9222      3449

2026-05-04 17:15:08,107 - 测试集: acc=0.9168, macro_f1=0.8285
2026-05-04 17:15:08,107 -
测试集分类报告:
               precision    recall  f1-score   support

         中医器械     1.0000    0.9231    0.9600        26
       临床检验器械     0.7373    0.8700    0.7982       100
       医用康复器械     0.9524    0.9091    0.9302        22
       医用成像器械     0.9510    0.9784    0.9645       973
    医用诊察和监护器械     0.9222    0.9297    0.9260       612
         医用软件     0.8400    0.6923    0.7590        91
   医疗器械消毒灭菌器械     0.7143    0.5000    0.5882        10
        口腔科器械     0.9118    1.0000    0.9538        31
   呼吸、麻醉和急救器械     0.7895    0.6818    0.7317        22
妇产科、辅助生殖和避孕器械     0.9180    0.9492    0.9333        59
       患者承载器械     1.0000    0.4000    0.5714        10
       放射治疗器械     0.8000    0.6000    0.6857        20
       无源手术器械     0.9144    0.9207    0.9175       429
       无源植入器械     0.8615    0.8358    0.8485        67
       有源手术器械     0.9010    0.9254    0.9130       295
       有源植入器械     0.7857    0.5789    0.6667        19
   注输、护理和防护器械     0.8218    0.7757    0.7981       107
       物理治疗器械     0.8947    0.6071    0.7234        28
         眼科器械     0.9509    0.9748    0.9627       159
   神经和心血管手术器械     0.8947    0.8226    0.8571        62
 输血、透析和体外循环器械     1.0000    0.6667    0.8000         9
       骨科手术器械     0.9456    0.9298    0.9376       299

     accuracy                         0.9168      3450
    macro avg     0.8867    0.7941    0.8285      3450
 weighted avg     0.9165    0.9168    0.9152      3450

2026-05-04 17:15:09,204 - 训练完成, 验证集最佳macro_f1=0.8469(第5轮)
