2026-05-04 17:26:54,843 - 配置: lr=1e-05, batch=16(实际4x4累积), max_len=400, dropout=0.1, kernels=[2, 3, 4, 5], channels=256, freeze_layers=11, sample_per_class=0, epochs=3
2026-05-04 17:40:30,789 - Epoch 1: train_loss=11516.1403, valid_loss=946.3979, valid_acc=0.8263, valid_macro_f1=0.4425
2026-05-04 17:40:30,789 - 
验证集分类报告:
               precision    recall  f1-score   support

         中医器械     1.0000    0.1111    0.2000        27
       临床检验器械     0.7595    0.6000    0.6704       100
       医用康复器械     0.0000    0.0000    0.0000        22
       医用成像器械     0.8967    0.9630    0.9286       973
    医用诊察和监护器械     0.8041    0.9607    0.8755       611
         医用软件     0.8140    0.3846    0.5224        91
   医疗器械消毒灭菌器械     0.0000    0.0000    0.0000        10
        口腔科器械     0.9583    0.7419    0.8364        31
   呼吸、麻醉和急救器械     0.0000    0.0000    0.0000        22
妇产科、辅助生殖和避孕器械     0.9286    0.8966    0.9123        58
       患者承载器械     0.0000    0.0000    0.0000        11
       放射治疗器械     0.0000    0.0000    0.0000        21
       无源手术器械     0.8702    0.8438    0.8568       429
       无源植入器械     0.6667    0.0303    0.0580        66
       有源手术器械     0.7244    0.8644    0.7883       295
       有源植入器械     0.0000    0.0000    0.0000        20
   注输、护理和防护器械     0.6632    0.5943    0.6269       106
       物理治疗器械     0.0000    0.0000    0.0000        28
         眼科器械     0.8971    0.9874    0.9401       159
   神经和心血管手术器械     0.6875    0.7213    0.7040        61
 输血、透析和体外循环器械     0.0000    0.0000    0.0000         9
       骨科手术器械     0.7418    0.9030    0.8145       299

     accuracy                         0.8263      3449
    macro avg     0.5187    0.4365    0.4425      3449
 weighted avg     0.7921    0.8263    0.7955      3449

2026-05-04 17:41:08,468 - 测试集: acc=0.8122, macro_f1=0.4179
2026-05-04 17:41:08,468 - 
测试集分类报告:
               precision    recall  f1-score   support

         中医器械     0.0000    0.0000    0.0000        26
       临床检验器械     0.7159    0.6300    0.6702       100
       医用康复器械     0.0000    0.0000    0.0000        22
       医用成像器械     0.8863    0.9692    0.9259       973
    医用诊察和监护器械     0.7632    0.9428    0.8436       612
         医用软件     0.6667    0.1538    0.2500        91
   医疗器械消毒灭菌器械     0.0000    0.0000    0.0000        10
        口腔科器械     1.0000    0.8387    0.9123        31
   呼吸、麻醉和急救器械     0.0000    0.0000    0.0000        22
妇产科、辅助生殖和避孕器械     0.9245    0.8305    0.8750        59
       患者承载器械     0.0000    0.0000    0.0000        10
       放射治疗器械     0.0000    0.0000    0.0000        20
       无源手术器械     0.8439    0.8065    0.8248       429
       无源植入器械     1.0000    0.0149    0.0294        67
       有源手术器械     0.7307    0.8644    0.7919       295
       有源植入器械     0.0000    0.0000    0.0000        19
   注输、护理和防护器械     0.6373    0.6075    0.6220       107
       物理治疗器械     0.0000    0.0000    0.0000        28
         眼科器械     0.9107    0.9623    0.9358       159
   神经和心血管手术器械     0.6825    0.6935    0.6880        62
 输血、透析和体外循环器械     0.0000    0.0000    0.0000         9
       骨科手术器械     0.7650    0.8930    0.8241       299

     accuracy                         0.8122      3450
    macro avg     0.4785    0.4185    0.4179      3450
 weighted avg     0.7756    0.8122    0.7770      3450

2026-05-04 17:54:44,401 - Epoch 2: train_loss=7752.5634, valid_loss=823.7769, valid_acc=0.8716, valid_macro_f1=0.6132
2026-05-04 17:54:44,401 - 
验证集分类报告:
               precision    recall  f1-score   support

         中医器械     0.9545    0.7778    0.8571        27
       临床检验器械     0.7714    0.8100    0.7902       100
       医用康复器械     0.7895    0.6818    0.7317        22
       医用成像器械     0.9105    0.9825    0.9451       973
    医用诊察和监护器械     0.8964    0.9345    0.9151       611
         医用软件     0.8525    0.5714    0.6842        91
   医疗器械消毒灭菌器械     0.0000    0.0000    0.0000        10
        口腔科器械     0.9032    0.9032    0.9032        31
   呼吸、麻醉和急救器械     0.5000    0.2273    0.3125        22
妇产科、辅助生殖和避孕器械     0.9194    0.9828    0.9500        58
       患者承载器械     0.0000    0.0000    0.0000        11
       放射治疗器械     0.7500    0.2857    0.4138        21
       无源手术器械     0.8770    0.8974    0.8871       429
       无源植入器械     0.7368    0.2121    0.3294        66
       有源手术器械     0.8506    0.8881    0.8690       295
       有源植入器械     1.0000    0.3000    0.4615        20
   注输、护理和防护器械     0.7174    0.6226    0.6667       106
       物理治疗器械     1.0000    0.1071    0.1935        28
         眼科器械     0.9290    0.9874    0.9573       159
   神经和心血管手术器械     0.7183    0.8361    0.7727        61
 输血、透析和体外循环器械     0.0000    0.0000    0.0000         9
       骨科手术器械     0.8012    0.9030    0.8491       299

     accuracy                         0.8716      3449
    macro avg     0.7217    0.5869    0.6132      3449
 weighted avg     0.8612    0.8716    0.8568      3449

2026-05-04 17:55:20,531 - 测试集: acc=0.8646, macro_f1=0.6164
2026-05-04 17:55:20,531 - 
测试集分类报告:
               precision    recall  f1-score   support

         中医器械     0.9565    0.8462    0.8980        26
       临床检验器械     0.7080    0.8000    0.7512       100
       医用康复器械     0.8462    0.5000    0.6286        22
       医用成像器械     0.8983    0.9805    0.9376       973
    医用诊察和监护器械     0.8864    0.9183    0.9021       612
         医用软件     0.8125    0.5714    0.6710        91
   医疗器械消毒灭菌器械     0.0000    0.0000    0.0000        10
        口腔科器械     0.9091    0.9677    0.9375        31
   呼吸、麻醉和急救器械     0.7333    0.5000    0.5946        22
妇产科、辅助生殖和避孕器械     0.8871    0.9322    0.9091        59
       患者承载器械     0.0000    0.0000    0.0000        10
       放射治疗器械     0.8750    0.3500    0.5000        20
       无源手术器械     0.8670    0.8811    0.8740       429
       无源植入器械     0.7619    0.2388    0.3636        67
       有源手术器械     0.8399    0.8712    0.8552       295
       有源植入器械     1.0000    0.1053    0.1905        19
   注输、护理和防护器械     0.7766    0.6822    0.7264       107
       物理治疗器械     1.0000    0.1786    0.3030        28
         眼科器械     0.9500    0.9560    0.9530       159
   神经和心血管手术器械     0.6765    0.7419    0.7077        62
 输血、透析和体外循环器械     0.0000    0.0000    0.0000         9
       骨科手术器械     0.8157    0.9030    0.8571       299

     accuracy                         0.8646      3450
    macro avg     0.7364    0.5875    0.6164      3450
 weighted avg     0.8570    0.8646    0.8512      3450

2026-05-04 18:08:34,646 - Epoch 3: train_loss=7043.2412, valid_loss=776.3902, valid_acc=0.8927, valid_macro_f1=0.7380
2026-05-04 18:08:34,646 - 
验证集分类报告:
               precision    recall  f1-score   support

         中医器械     0.9200    0.8519    0.8846        27
       临床检验器械     0.8247    0.8000    0.8122       100
       医用康复器械     0.7391    0.7727    0.7556        22
       医用成像器械     0.9349    0.9743    0.9542       973
    医用诊察和监护器械     0.9016    0.9444    0.9225       611
         医用软件     0.7808    0.6264    0.6951        91
   医疗器械消毒灭菌器械     1.0000    0.2000    0.3333        10
        口腔科器械     0.9333    0.9032    0.9180        31
   呼吸、麻醉和急救器械     0.6429    0.4091    0.5000        22
妇产科、辅助生殖和避孕器械     0.9344    0.9828    0.9580        58
       患者承载器械     1.0000    0.2727    0.4286        11
       放射治疗器械     0.7143    0.4762    0.5714        21
       无源手术器械     0.8904    0.9091    0.8997       429
       无源植入器械     0.8438    0.4091    0.5510        66
       有源手术器械     0.8686    0.9186    0.8929       295
       有源植入器械     0.9231    0.6000    0.7273        20
   注输、护理和防护器械     0.8046    0.6604    0.7254       106
       物理治疗器械     0.8421    0.5714    0.6809        28
         眼科器械     0.9576    0.9937    0.9753       159
   神经和心血管手术器械     0.7571    0.8689    0.8092        61
 输血、透析和体外循环器械     1.0000    0.2222    0.3636         9
       骨科手术器械     0.8540    0.8997    0.8762       299

     accuracy                         0.8927      3449
    macro avg     0.8667    0.6939    0.7380      3449
 weighted avg     0.8908    0.8927    0.8866      3449

2026-05-04 18:09:12,681 - 测试集: acc=0.8852, macro_f1=0.7087
2026-05-04 18:09:12,682 - 
测试集分类报告:
               precision    recall  f1-score   support

         中医器械     0.9231    0.9231    0.9231        26
       临床检验器械     0.7297    0.8100    0.7678       100
       医用康复器械     0.8333    0.6818    0.7500        22
       医用成像器械     0.9258    0.9743    0.9494       973
    医用诊察和监护器械     0.8889    0.9281    0.9081       612
         医用软件     0.8143    0.6264    0.7081        91
   医疗器械消毒灭菌器械     0.0000    0.0000    0.0000        10
        口腔科器械     0.9688    1.0000    0.9841        31
   呼吸、麻醉和急救器械     0.7059    0.5455    0.6154        22
妇产科、辅助生殖和避孕器械     0.8889    0.9492    0.9180        59
       患者承载器械     0.0000    0.0000    0.0000        10
       放射治疗器械     0.7692    0.5000    0.6061        20
       无源手术器械     0.8756    0.8858    0.8806       429
       无源植入器械     0.9032    0.4179    0.5714        67
       有源手术器械     0.8562    0.9085    0.8816       295
       有源植入器械     0.7500    0.4737    0.5806        19
   注输、护理和防护器械     0.8471    0.6729    0.7500       107
       物理治疗器械     0.9375    0.5357    0.6818        28
         眼科器械     0.9625    0.9686    0.9655       159
   神经和心血管手术器械     0.6986    0.8226    0.7556        62
 输血、透析和体外循环器械     1.0000    0.3333    0.5000         9
       骨科手术器械     0.8774    0.9097    0.8933       299

     accuracy                         0.8852      3450
    macro avg     0.7798    0.6758    0.7087      3450
 weighted avg     0.8798    0.8852    0.8783      3450

2026-05-04 18:09:13,758 - 训练完成, 验证集最佳macro_f1=0.7380(第3轮)
