2026-05-04 00:41:57,688 - INFO - 开始加载数据集，共 2 个文件
2026-05-04 00:41:57,688 - INFO - 读取文件: ./返修/数据集_D2_D3高置信.parquet
2026-05-04 00:41:59,158 - INFO - 读取文件: ./返修/增强数据集_输血透析体外循环.parquet
2026-05-04 00:41:59,172 - INFO - 合并后数据量: 34493 条
2026-05-04 00:41:59,188 - INFO - last_label
医用成像器械           9732
医用诊察和监护器械        6115
无源手术器械           4288
骨科手术器械           2992
有源手术器械           2949
眼科器械             1591
注输、护理和防护器械       1063
临床检验器械           1002
医用软件              911
无源植入器械            663
神经和心血管手术器械        616
妇产科、辅助生殖和避孕器械     584
口腔科器械             308
物理治疗器械            282
中医器械              263
呼吸、麻醉和急救器械        220
医用康复器械            220
放射治疗器械            203
有源植入器械            193
患者承载器械            107
医疗器械消毒灭菌器械         98
输血、透析和体外循环器械       93
Name: count, dtype: int64
2026-05-04 00:41:59,267 - INFO - ['中医器械', '临床检验器械', '医用康复器械', '医用成像器械', '医用诊察和监护器械', '医用软件', '医疗器械消毒灭菌器械', '口腔科器械', '呼吸、麻醉和急救器械', '妇产科、辅助生殖和避孕器械', '患者承载器械', '放射治疗器械', '无源手术器械', '无源植入器械', '有源手术器械', '有源植入器械', '注输、护理和防护器械', '物理治疗器械', '眼科器械', '神经和心血管手术器械', '输血、透析和体外循环器械', '骨科手术器械']
2026-05-04 01:10:23,651 - INFO - 第 1 轮: 训练损失=985.5117, 训练Acc=0.3978, 训练Macro-F1=0.0781, 验证损失=106.1584, 验证Acc=0.5431, 验证Precision=0.4916, 验证Recall=0.5431, 验证weight-F1=0.4320, 验证Macro-F1=0.1118
2026-05-04 01:12:19,892 - INFO - ========== 测试集评估结果 ==========
2026-05-04 01:12:19,892 - INFO - 第 1 轮: 测试损失=106.1476, 测试Acc=0.5371, 测试Precision=0.5005, 测试Recall=0.5371, 测试weighted-F1=0.4261, 测试Macro-F1=0.1094
2026-05-04 01:12:19,892 - INFO -
测试集分类报告：
               precision    recall  f1-score   support

         中医器械     0.0000    0.0000    0.0000        26
       临床检验器械     0.0000    0.0000    0.0000       100
       医用康复器械     0.0000    0.0000    0.0000        22
       医用成像器械     0.5606    0.9507    0.7053       973
    医用诊察和监护器械     0.5639    0.7500    0.6438       612
         医用软件     0.0000    0.0000    0.0000        91
   医疗器械消毒灭菌器械     0.0000    0.0000    0.0000        10
        口腔科器械     0.0000    0.0000    0.0000        31
   呼吸、麻醉和急救器械     0.0000    0.0000    0.0000        22
妇产科、辅助生殖和避孕器械     0.0000    0.0000    0.0000        59
       患者承载器械     0.0000    0.0000    0.0000        10
       放射治疗器械     0.0000    0.0000    0.0000        20
       无源手术器械     0.4322    0.8834    0.5804       429
       无源植入器械     0.0000    0.0000    0.0000        67
       有源手术器械     0.8333    0.0339    0.0651       295
       有源植入器械     0.0000    0.0000    0.0000        19
   注输、护理和防护器械     0.0000    0.0000    0.0000       107
       物理治疗器械     0.0000    0.0000    0.0000        28
         眼科器械     1.0000    0.0063    0.0125       159
   神经和心血管手术器械     0.0000    0.0000    0.0000        62
 输血、透析和体外循环器械     0.0000    0.0000    0.0000         9
       骨科手术器械     0.8229    0.2642    0.4000       299

     accuracy                         0.5371      3450
    macro avg     0.1915    0.1313    0.1094      3450
 weighted avg     0.5005    0.5371    0.4261      3450

2026-05-04 01:12:20,746 - INFO - 第 1 轮耗时: 数据搬运=1.2721s, 训练=1270.1240s
2026-05-04 01:44:33,732 - INFO - 第 2 轮: 训练损失=815.9116, 训练Acc=0.5647, 训练Macro-F1=0.1372, 验证损失=92.9431, 验证Acc=0.6164, 验证Precision=0.5715, 验证Recall=0.6164, 验证weight-F1=0.5321, 验证Macro-F1=0.1665
2026-05-04 01:46:27,224 - INFO - ========== 测试集评估结果 ==========
2026-05-04 01:46:27,224 - INFO - 第 2 轮: 测试损失=92.7546, 测试Acc=0.6183, 测试Precision=0.5722, 测试Recall=0.6183, 测试weighted-F1=0.5368, 测试Macro-F1=0.1711
2026-05-04 01:46:27,224 - INFO -
测试集分类报告：
               precision    recall  f1-score   support

         中医器械     0.0000    0.0000    0.0000        26
       临床检验器械     0.0000    0.0000    0.0000       100
       医用康复器械     0.0000    0.0000    0.0000        22
       医用成像器械     0.6538    0.9394    0.7710       973
    医用诊察和监护器械     0.6034    0.8627    0.7102       612
         医用软件     0.0000    0.0000    0.0000        91
   医疗器械消毒灭菌器械     0.0000    0.0000    0.0000        10
        口腔科器械     0.0000    0.0000    0.0000        31
   呼吸、麻醉和急救器械     0.0000    0.0000    0.0000        22
妇产科、辅助生殖和避孕器械     0.0000    0.0000    0.0000        59
       患者承载器械     0.0000    0.0000    0.0000        10
       放射治疗器械     0.0000    0.0000    0.0000        20
       无源手术器械     0.5000    0.8974    0.6422       429
       无源植入器械     0.0000    0.0000    0.0000        67
       有源手术器械     0.8700    0.2949    0.4405       295
       有源植入器械     0.0000    0.0000    0.0000        19
   注输、护理和防护器械     0.7143    0.0467    0.0877       107
       物理治疗器械     0.0000    0.0000    0.0000        28
         眼科器械     1.0000    0.2264    0.3692       159
   神经和心血管手术器械     1.0000    0.0645    0.1212        62
 输血、透析和体外循环器械     0.0000    0.0000    0.0000         9
       骨科手术器械     0.6692    0.5819    0.6225       299

     accuracy                         0.6183      3450
    macro avg     0.2732    0.1779    0.1711      3450
 weighted avg     0.5722    0.6183    0.5368      3450

2026-05-04 01:46:28,437 - INFO - 第 2 轮耗时: 数据搬运=1.7352s, 训练=1461.9600s
2026-05-04 02:19:02,482 - INFO - 第 3 轮: 训练损失=735.4940, 训练Acc=0.6226, 训练Macro-F1=0.1894, 验证损失=85.1807, 验证Acc=0.6709, 验证Precision=0.6172, 验证Recall=0.6709, 验证weight-F1=0.6078, 验证Macro-F1=0.2214
2026-05-04 02:21:00,213 - INFO - ========== 测试集评估结果 ==========
2026-05-04 02:21:00,214 - INFO - 第 3 轮: 测试损失=84.8499, 测试Acc=0.6713, 测试Precision=0.6177, 测试Recall=0.6713, 测试weighted-F1=0.6109, 测试Macro-F1=0.2331
2026-05-04 02:21:00,214 - INFO -
测试集分类报告：
               precision    recall  f1-score   support

         中医器械     0.0000    0.0000    0.0000        26
       临床检验器械     1.0000    0.1100    0.1982       100
       医用康复器械     0.0000    0.0000    0.0000        22
       医用成像器械     0.7406    0.9157    0.8189       973
    医用诊察和监护器械     0.6230    0.9101    0.7397       612
         医用软件     0.0000    0.0000    0.0000        91
   医疗器械消毒灭菌器械     0.0000    0.0000    0.0000        10
        口腔科器械     0.0000    0.0000    0.0000        31
   呼吸、麻醉和急救器械     0.0000    0.0000    0.0000        22
妇产科、辅助生殖和避孕器械     0.0000    0.0000    0.0000        59
       患者承载器械     0.0000    0.0000    0.0000        10
       放射治疗器械     0.0000    0.0000    0.0000        20
       无源手术器械     0.5451    0.8741    0.6714       429
       无源植入器械     0.0000    0.0000    0.0000        67
       有源手术器械     0.7373    0.5424    0.6250       295
       有源植入器械     0.0000    0.0000    0.0000        19
   注输、护理和防护器械     0.6207    0.1682    0.2647       107
       物理治疗器械     0.0000    0.0000    0.0000        28
         眼科器械     0.9765    0.5220    0.6803       159
   神经和心血管手术器械     0.9048    0.3065    0.4578        62
 输血、透析和体外循环器械     0.0000    0.0000    0.0000         9
       骨科手术器械     0.6689    0.6756    0.6722       299

     accuracy                         0.6713      3450
    macro avg     0.3099    0.2284    0.2331      3450
 weighted avg     0.6177    0.6713    0.6109      3450

2026-05-04 02:21:01,640 - INFO - 第 3 轮耗时: 数据搬运=1.6642s, 训练=1486.5137s
2026-05-04 02:53:50,989 - INFO - 第 4 轮: 训练损失=685.4600, 训练Acc=0.6597, 训练Macro-F1=0.2349, 验证损失=80.1226, 验证Acc=0.6970, 验证Precision=0.6624, 验证Recall=0.6970, 验证weight-F1=0.6455, 验证Macro-F1=0.2658
2026-05-04 02:55:49,889 - INFO - ========== 测试集评估结果 ==========
2026-05-04 02:55:49,889 - INFO - 第 4 轮: 测试损失=79.6864, 测试Acc=0.7014, 测试Precision=0.6594, 测试Recall=0.7014, 测试weighted-F1=0.6495, 测试Macro-F1=0.2711
2026-05-04 02:55:49,889 - INFO -
测试集分类报告：
               precision    recall  f1-score   support

         中医器械     0.0000    0.0000    0.0000        26
       临床检验器械     0.9286    0.2600    0.4062       100
       医用康复器械     0.0000    0.0000    0.0000        22
       医用成像器械     0.7699    0.9250    0.8403       973
    医用诊察和监护器械     0.6493    0.9167    0.7602       612
         医用软件     0.5000    0.0220    0.0421        91
   医疗器械消毒灭菌器械     0.0000    0.0000    0.0000        10
        口腔科器械     0.0000    0.0000    0.0000        31
   呼吸、麻醉和急救器械     0.0000    0.0000    0.0000        22
妇产科、辅助生殖和避孕器械     0.7500    0.0508    0.0952        59
       患者承载器械     0.0000    0.0000    0.0000        10
       放射治疗器械     0.0000    0.0000    0.0000        20
       无源手术器械     0.5798    0.8718    0.6965       429
       无源植入器械     0.0000    0.0000    0.0000        67
       有源手术器械     0.7383    0.6407    0.6860       295
       有源植入器械     0.0000    0.0000    0.0000        19
   注输、护理和防护器械     0.6087    0.2617    0.3660       107
       物理治疗器械     0.0000    0.0000    0.0000        28
         眼科器械     0.9528    0.6352    0.7623       159
   神经和心血管手术器械     0.8333    0.4839    0.6122        62
 输血、透析和体外循环器械     0.0000    0.0000    0.0000         9
       骨科手术器械     0.7055    0.6890    0.6971       299

     accuracy                         0.7014      3450
    macro avg     0.3644    0.2617    0.2711      3450
 weighted avg     0.6594    0.7014    0.6495      3450

2026-05-04 02:55:50,723 - INFO - 第 4 轮耗时: 数据搬运=1.3222s, 训练=1492.7273s
2026-05-04 03:28:35,008 - INFO - 第 5 轮: 训练损失=650.4572, 训练Acc=0.6837, 训练Macro-F1=0.2695, 验证损失=76.4410, 验证Acc=0.7150, 验证Precision=0.6867, 验证Recall=0.7150, 验证weight-F1=0.6700, 验证Macro-F1=0.2946
2026-05-04 03:30:27,850 - INFO - ========== 测试集评估结果 ==========
2026-05-04 03:30:27,850 - INFO - 第 5 轮: 测试损失=75.9392, 测试Acc=0.7203, 测试Precision=0.7075, 测试Recall=0.7203, 测试weighted-F1=0.6750, 测试Macro-F1=0.3046
2026-05-04 03:30:27,850 - INFO -
测试集分类报告：
               precision    recall  f1-score   support

         中医器械     0.0000    0.0000    0.0000        26
       临床检验器械     0.9000    0.3600    0.5143       100
       医用康复器械     0.0000    0.0000    0.0000        22
       医用成像器械     0.7889    0.9219    0.8502       973
    医用诊察和监护器械     0.6643    0.9248    0.7732       612
         医用软件     0.7273    0.0879    0.1569        91
   医疗器械消毒灭菌器械     0.0000    0.0000    0.0000        10
        口腔科器械     1.0000    0.0645    0.1212        31
   呼吸、麻醉和急救器械     0.0000    0.0000    0.0000        22
妇产科、辅助生殖和避孕器械     0.8333    0.0847    0.1538        59
       患者承载器械     0.0000    0.0000    0.0000        10
       放射治疗器械     0.0000    0.0000    0.0000        20
       无源手术器械     0.6082    0.8648    0.7141       429
       无源植入器械     1.0000    0.0149    0.0294        67
       有源手术器械     0.7471    0.6610    0.7014       295
       有源植入器械     0.0000    0.0000    0.0000        19
   注输、护理和防护器械     0.7143    0.3738    0.4908       107
       物理治疗器械     0.0000    0.0000    0.0000        28
         眼科器械     0.9187    0.7107    0.8014       159
   神经和心血管手术器械     0.8043    0.5968    0.6852        62
 输血、透析和体外循环器械     0.0000    0.0000    0.0000         9
       骨科手术器械     0.7016    0.7157    0.7086       299

     accuracy                         0.7203      3450
    macro avg     0.4731    0.2901    0.3046      3450
 weighted avg     0.7075    0.7203    0.6750      3450

2026-05-04 03:30:28,970 - INFO - 第 5 轮耗时: 数据搬运=1.2889s, 训练=1501.0425s
2026-05-04 04:03:09,697 - INFO - 第 6 轮: 训练损失=623.5668, 训练Acc=0.7024, 训练Macro-F1=0.3025, 验证损失=73.8477, 验证Acc=0.7269, 验证Precision=0.7000, 验证Recall=0.7269, 验证weight-F1=0.6858, 验证Macro-F1=0.3172
2026-05-04 04:05:07,363 - INFO - ========== 测试集评估结果 ==========
2026-05-04 04:05:07,363 - INFO - 第 6 轮: 测试损失=73.2815, 测试Acc=0.7333, 测试Precision=0.7179, 测试Recall=0.7333, 测试weighted-F1=0.6911, 测试Macro-F1=0.3227
2026-05-04 04:05:07,363 - INFO -
测试集分类报告：
               precision    recall  f1-score   support

         中医器械     0.0000    0.0000    0.0000        26
       临床检验器械     0.9231    0.3600    0.5180       100
       医用康复器械     0.0000    0.0000    0.0000        22
       医用成像器械     0.8152    0.9157    0.8625       973
    医用诊察和监护器械     0.6811    0.9248    0.7845       612
         医用软件     0.7857    0.1209    0.2095        91
   医疗器械消毒灭菌器械     0.0000    0.0000    0.0000        10
        口腔科器械     1.0000    0.1290    0.2286        31
   呼吸、麻醉和急救器械     0.0000    0.0000    0.0000        22
妇产科、辅助生殖和避孕器械     0.9091    0.1695    0.2857        59
       患者承载器械     0.0000    0.0000    0.0000        10
       放射治疗器械     0.0000    0.0000    0.0000        20
       无源手术器械     0.6381    0.8671    0.7352       429
       无源植入器械     1.0000    0.0149    0.0294        67
       有源手术器械     0.7063    0.7254    0.7157       295
       有源植入器械     0.0000    0.0000    0.0000        19
   注输、护理和防护器械     0.6615    0.4019    0.5000       107
       物理治疗器械     0.0000    0.0000    0.0000        28
         眼科器械     0.9118    0.7799    0.8407       159
   神经和心血管手术器械     0.7872    0.5968    0.6789        62
 输血、透析和体外循环器械     0.0000    0.0000    0.0000         9
       骨科手术器械     0.6842    0.7391    0.7106       299

     accuracy                         0.7333      3450
    macro avg     0.4774    0.3066    0.3227      3450
 weighted avg     0.7179    0.7333    0.6911      3450

2026-05-04 04:05:08,705 - INFO - 第 6 轮耗时: 数据搬运=1.4863s, 训练=1491.5872s
2026-05-04 04:37:37,060 - INFO - 第 7 轮: 训练损失=603.9807, 训练Acc=0.7165, 训练Macro-F1=0.3321, 验证损失=71.7319, 验证Acc=0.7393, 验证Precision=0.7274, 验证Recall=0.7393, 验证weight-F1=0.7032, 验证Macro-F1=0.3462
2026-05-04 04:39:42,248 - INFO - ========== 测试集评估结果 ==========
2026-05-04 04:39:42,248 - INFO - 第 7 轮: 测试损失=71.1373, 测试Acc=0.7429, 测试Precision=0.7232, 测试Recall=0.7429, 测试weighted-F1=0.7050, 测试Macro-F1=0.3456
2026-05-04 04:39:42,249 - INFO -
测试集分类报告：
               precision    recall  f1-score   support

         中医器械     0.0000    0.0000    0.0000        26
       临床检验器械     0.8421    0.4800    0.6115       100
       医用康复器械     0.5000    0.0909    0.1538        22
       医用成像器械     0.8199    0.9219    0.8679       973
    医用诊察和监护器械     0.6901    0.9314    0.7928       612
         医用软件     0.6667    0.1758    0.2783        91
   医疗器械消毒灭菌器械     0.0000    0.0000    0.0000        10
        口腔科器械     0.8000    0.1290    0.2222        31
   呼吸、麻醉和急救器械     0.0000    0.0000    0.0000        22
妇产科、辅助生殖和避孕器械     0.9231    0.2034    0.3333        59
       患者承载器械     0.0000    0.0000    0.0000        10
       放射治疗器械     0.0000    0.0000    0.0000        20
       无源手术器械     0.6474    0.8601    0.7387       429
       无源植入器械     1.0000    0.0448    0.0857        67
       有源手术器械     0.7345    0.7220    0.7282       295
       有源植入器械     0.0000    0.0000    0.0000        19
   注输、护理和防护器械     0.6769    0.4112    0.5116       107
       物理治疗器械     0.0000    0.0000    0.0000        28
         眼科器械     0.9185    0.7799    0.8435       159
   神经和心血管手术器械     0.8000    0.6452    0.7143        62
 输血、透析和体外循环器械     0.0000    0.0000    0.0000         9
       骨科手术器械     0.7038    0.7391    0.7210       299

     accuracy                         0.7429      3450
    macro avg     0.4874    0.3243    0.3456      3450
 weighted avg     0.7232    0.7429    0.7050      3450

2026-05-04 04:39:43,619 - INFO - 第 7 轮耗时: 数据搬运=1.3809s, 训练=1478.6607s
2026-05-04 05:12:35,944 - INFO - 第 8 轮: 训练损失=587.5103, 训练Acc=0.7286, 训练Macro-F1=0.3559, 验证损失=69.9462, 验证Acc=0.7544, 验证Precision=0.7428, 验证Recall=0.7544, 验证weight-F1=0.7243, 验证Macro-F1=0.3913
2026-05-04 05:14:31,324 - INFO - ========== 测试集评估结果 ==========
2026-05-04 05:14:31,324 - INFO - 第 8 轮: 测试损失=69.3318, 测试Acc=0.7557, 测试Precision=0.7377, 测试Recall=0.7557, 测试weighted-F1=0.7232, 测试Macro-F1=0.3782
2026-05-04 05:14:31,324 - INFO -
测试集分类报告：
               precision    recall  f1-score   support

         中医器械     0.0000    0.0000    0.0000        26
       临床检验器械     0.8030    0.5300    0.6386       100
       医用康复器械     0.5714    0.1818    0.2759        22
       医用成像器械     0.8262    0.9281    0.8742       973
    医用诊察和监护器械     0.7231    0.9216    0.8103       612
         医用软件     0.6923    0.2967    0.4154        91
   医疗器械消毒灭菌器械     0.0000    0.0000    0.0000        10
        口腔科器械     0.8333    0.1613    0.2703        31
   呼吸、麻醉和急救器械     0.0000    0.0000    0.0000        22
妇产科、辅助生殖和避孕器械     0.8696    0.3390    0.4878        59
       患者承载器械     0.0000    0.0000    0.0000        10
       放射治疗器械     1.0000    0.0500    0.0952        20
       无源手术器械     0.6625    0.8555    0.7467       429
       无源植入器械     1.0000    0.0597    0.1127        67
       有源手术器械     0.7324    0.7424    0.7374       295
       有源植入器械     0.0000    0.0000    0.0000        19
   注输、护理和防护器械     0.6579    0.4673    0.5464       107
       物理治疗器械     0.0000    0.0000    0.0000        28
         眼科器械     0.9203    0.7987    0.8552       159
   神经和心血管手术器械     0.7925    0.6774    0.7304        62
 输血、透析和体外循环器械     0.0000    0.0000    0.0000         9
       骨科手术器械     0.7106    0.7391    0.7246       299

     accuracy                         0.7557      3450
    macro avg     0.5361    0.3522    0.3782      3450
 weighted avg     0.7377    0.7557    0.7232      3450

2026-05-04 05:14:32,606 - INFO - 第 8 轮耗时: 数据搬运=1.4316s, 训练=1509.0103s
2026-05-04 05:46:46,249 - INFO - 第 9 轮: 训练损失=576.5890, 训练Acc=0.7377, 训练Macro-F1=0.3896, 验证损失=68.6413, 验证Acc=0.7602, 验证Precision=0.7493, 验证Recall=0.7602, 验证weight-F1=0.7319, 验证Macro-F1=0.4090
2026-05-04 05:48:42,208 - INFO - ========== 测试集评估结果 ==========
2026-05-04 05:48:42,208 - INFO - 第 9 轮: 测试损失=68.0340, 测试Acc=0.7643, 测试Precision=0.7556, 测试Recall=0.7643, 测试weighted-F1=0.7340, 测试Macro-F1=0.4040
2026-05-04 05:48:42,208 - INFO -
测试集分类报告：
               precision    recall  f1-score   support

         中医器械     0.0000    0.0000    0.0000        26
       临床检验器械     0.8182    0.5400    0.6506       100
       医用康复器械     0.5556    0.2273    0.3226        22
       医用成像器械     0.8383    0.9322    0.8827       973
    医用诊察和监护器械     0.7266    0.9248    0.8138       612
         医用软件     0.6923    0.2967    0.4154        91
   医疗器械消毒灭菌器械     0.0000    0.0000    0.0000        10
        口腔科器械     0.8750    0.2258    0.3590        31
   呼吸、麻醉和急救器械     0.5000    0.0455    0.0833        22
妇产科、辅助生殖和避孕器械     0.8846    0.3898    0.5412        59
       患者承载器械     0.0000    0.0000    0.0000        10
       放射治疗器械     1.0000    0.2000    0.3333        20
       无源手术器械     0.6998    0.8368    0.7622       429
       无源植入器械     1.0000    0.0299    0.0580        67
       有源手术器械     0.7249    0.7593    0.7417       295
       有源植入器械     0.0000    0.0000    0.0000        19
   注输、护理和防护器械     0.6235    0.4953    0.5521       107
       物理治疗器械     1.0000    0.0357    0.0690        28
         眼科器械     0.9241    0.8428    0.8816       159
   神经和心血管手术器械     0.6885    0.6774    0.6829        62
 输血、透析和体外循环器械     0.0000    0.0000    0.0000         9
       骨科手术器械     0.7147    0.7625    0.7379       299

     accuracy                         0.7643      3450
    macro avg     0.6030    0.3737    0.4040      3450
 weighted avg     0.7556    0.7643    0.7340      3450

2026-05-04 05:48:43,184 - INFO - 第 9 轮耗时: 数据搬运=1.4675s, 训练=1473.0279s
2026-05-04 06:21:08,722 - INFO - 第 10 轮: 训练损失=565.7329, 训练Acc=0.7477, 训练Macro-F1=0.4226, 验证损失=67.5961, 验证Acc=0.7637, 验证Precision=0.7474, 验证Recall=0.7637, 验证weight-F1=0.7365, 验证Macro-F1=0.4152
2026-05-04 06:23:00,729 - INFO - ========== 测试集评估结果 ==========
2026-05-04 06:23:00,729 - INFO - 第 10 轮: 测试损失=66.9781, 测试Acc=0.7728, 测试Precision=0.7636, 测试Recall=0.7728, 测试weighted-F1=0.7449, 测试Macro-F1=0.4245
2026-05-04 06:23:00,729 - INFO -
测试集分类报告：
               precision    recall  f1-score   support

         中医器械     0.0000    0.0000    0.0000        26
       临床检验器械     0.8235    0.5600    0.6667       100
       医用康复器械     0.6364    0.3182    0.4242        22
       医用成像器械     0.8454    0.9332    0.8872       973
    医用诊察和监护器械     0.7289    0.9314    0.8178       612
         医用软件     0.6977    0.3297    0.4478        91
   医疗器械消毒灭菌器械     0.0000    0.0000    0.0000        10
        口腔科器械     0.8750    0.2258    0.3590        31
   呼吸、麻醉和急救器械     0.5000    0.0455    0.0833        22
妇产科、辅助生殖和避孕器械     0.8710    0.4576    0.6000        59
       患者承载器械     0.0000    0.0000    0.0000        10
       放射治疗器械     1.0000    0.2000    0.3333        20
       无源手术器械     0.7095    0.8368    0.7679       429
       无源植入器械     1.0000    0.0746    0.1389        67
       有源手术器械     0.7368    0.7593    0.7479       295
       有源植入器械     0.0000    0.0000    0.0000        19
   注输、护理和防护器械     0.6471    0.5140    0.5729       107
       物理治疗器械     1.0000    0.0714    0.1333        28
         眼科器械     0.9329    0.8742    0.9026       159
   神经和心血管手术器械     0.7500    0.6774    0.7119        62
 输血、透析和体外循环器械     0.0000    0.0000    0.0000         9
       骨科手术器械     0.7210    0.7692    0.7443       299

     accuracy                         0.7728      3450
    macro avg     0.6125    0.3899    0.4245      3450
 weighted avg     0.7636    0.7728    0.7449      3450

2026-05-04 06:23:02,559 - INFO - 第 10 轮耗时: 数据搬运=1.4740s, 训练=1473.2546s
2026-05-04 06:48:45,598 - INFO - 第 11 轮: 训练损失=557.7783, 训练Acc=0.7510, 训练Macro-F1=0.4445, 验证损失=66.6225, 验证Acc=0.7715, 验证Precision=0.7630, 验证Recall=0.7715, 验证weight-F1=0.7480, 验证Macro-F1=0.4508
2026-05-04 06:50:19,953 - INFO - ========== 测试集评估结果 ==========
2026-05-04 06:50:19,954 - INFO - 第 11 轮: 测试损失=66.0118, 测试Acc=0.7800, 测试Precision=0.7716, 测试Recall=0.7800, 测试weighted-F1=0.7552, 测试Macro-F1=0.4521
2026-05-04 06:50:19,954 - INFO -
测试集分类报告：
               precision    recall  f1-score   support

         中医器械     0.0000    0.0000    0.0000        26
       临床检验器械     0.7945    0.5800    0.6705       100
       医用康复器械     0.6667    0.3636    0.4706        22
       医用成像器械     0.8489    0.9353    0.8900       973
    医用诊察和监护器械     0.7510    0.9265    0.8296       612
         医用软件     0.7368    0.4615    0.5676        91
   医疗器械消毒灭菌器械     0.0000    0.0000    0.0000        10
        口腔科器械     0.8182    0.2903    0.4286        31
   呼吸、麻醉和急救器械     0.6667    0.0909    0.1600        22
妇产科、辅助生殖和避孕器械     0.8710    0.4576    0.6000        59
       患者承载器械     0.3333    0.1000    0.1538        10
       放射治疗器械     1.0000    0.2500    0.4000        20
       无源手术器械     0.7123    0.8368    0.7696       429
       无源植入器械     1.0000    0.0896    0.1644        67
       有源手术器械     0.7410    0.7661    0.7533       295
       有源植入器械     0.0000    0.0000    0.0000        19
   注输、护理和防护器械     0.6588    0.5234    0.5833       107
       物理治疗器械     1.0000    0.0714    0.1333        28
         眼科器械     0.9329    0.8742    0.9026       159
   神经和心血管手术器械     0.7544    0.6935    0.7227        62
 输血、透析和体外循环器械     0.0000    0.0000    0.0000         9
       骨科手术器械     0.7219    0.7726    0.7464       299

     accuracy                         0.7800      3450
    macro avg     0.6367    0.4129    0.4521      3450
 weighted avg     0.7716    0.7800    0.7552      3450

2026-05-04 06:50:21,055 - INFO - 第 11 轮耗时: 数据搬运=1.6479s, 训练=1158.1760s
2026-05-04 07:10:30,471 - INFO - 第 12 轮: 训练损失=551.4280, 训练Acc=0.7579, 训练Macro-F1=0.4729, 验证损失=65.8639, 验证Acc=0.7773, 验证Precision=0.7736, 验证Recall=0.7773, 验证weight-F1=0.7556, 验证Macro-F1=0.4788
2026-05-04 07:11:37,979 - INFO - ========== 测试集评估结果 ==========
2026-05-04 07:11:37,979 - INFO - 第 12 轮: 测试损失=65.2553, 测试Acc=0.7849, 测试Precision=0.7793, 测试Recall=0.7849, 测试weighted-F1=0.7627, 测试Macro-F1=0.4874
2026-05-04 07:11:37,979 - INFO -
测试集分类报告：
               precision    recall  f1-score   support

         中医器械     0.0000    0.0000    0.0000        26
       临床检验器械     0.8000    0.6000    0.6857       100
       医用康复器械     0.6667    0.4545    0.5405        22
       医用成像器械     0.8487    0.9394    0.8917       973
    医用诊察和监护器械     0.7608    0.9199    0.8328       612
         医用软件     0.7500    0.4615    0.5714        91
   医疗器械消毒灭菌器械     1.0000    0.1000    0.1818        10
        口腔科器械     0.8571    0.3871    0.5333        31
   呼吸、麻醉和急救器械     0.7500    0.1364    0.2308        22
妇产科、辅助生殖和避孕器械     0.8235    0.4746    0.6022        59
       患者承载器械     0.3333    0.1000    0.1538        10
       放射治疗器械     1.0000    0.2500    0.4000        20
       无源手术器械     0.7174    0.8345    0.7716       429
       无源植入器械     0.8889    0.1194    0.2105        67
       有源手术器械     0.7443    0.7797    0.7616       295
       有源植入器械     0.0000    0.0000    0.0000        19
   注输、护理和防护器械     0.6588    0.5234    0.5833       107
       物理治疗器械     1.0000    0.1071    0.1935        28
         眼科器械     0.9329    0.8742    0.9026       159
   神经和心血管手术器械     0.7333    0.7097    0.7213        62
 输血、透析和体外循环器械     1.0000    0.1111    0.2000         9
       骨科手术器械     0.7395    0.7692    0.7541       299

     accuracy                         0.7849      3450
    macro avg     0.7275    0.4387    0.4874      3450
 weighted avg     0.7793    0.7849    0.7627      3450

2026-05-04 07:11:39,041 - INFO - 第 12 轮耗时: 数据搬运=0.7872s, 训练=898.6583s
2026-05-04 07:27:49,074 - INFO - 第 13 轮: 训练损失=545.7208, 训练Acc=0.7632, 训练Macro-F1=0.4900, 验证损失=65.1576, 验证Acc=0.7808, 验证Precision=0.7792, 验证Recall=0.7808, 验证weight-F1=0.7608, 验证Macro-F1=0.4993
2026-05-04 07:28:53,703 - INFO - ========== 测试集评估结果 ==========
2026-05-04 07:28:53,704 - INFO - 第 13 轮: 测试损失=64.5744, 测试Acc=0.7928, 测试Precision=0.7952, 测试Recall=0.7928, 测试weighted-F1=0.7724, 测试Macro-F1=0.5144
2026-05-04 07:28:53,704 - INFO -
测试集分类报告：
               precision    recall  f1-score   support

         中医器械     1.0000    0.0769    0.1429        26
       临床检验器械     0.8125    0.6500    0.7222       100
       医用康复器械     0.6875    0.5000    0.5789        22
       医用成像器械     0.8569    0.9353    0.8943       973
    医用诊察和监护器械     0.7715    0.9216    0.8399       612
         医用软件     0.7049    0.4725    0.5658        91
   医疗器械消毒灭菌器械     1.0000    0.2000    0.3333        10
        口腔科器械     0.8667    0.4194    0.5652        31
   呼吸、麻醉和急救器械     0.7500    0.1364    0.2308        22
妇产科、辅助生殖和避孕器械     0.8286    0.4915    0.6170        59
       患者承载器械     0.3333    0.1000    0.1538        10
       放射治疗器械     1.0000    0.3500    0.5185        20
       无源手术器械     0.7479    0.8228    0.7836       429
       无源植入器械     1.0000    0.1194    0.2133        67
       有源手术器械     0.7445    0.8000    0.7712       295
       有源植入器械     0.0000    0.0000    0.0000        19
   注输、护理和防护器械     0.6512    0.5234    0.5803       107
       物理治疗器械     1.0000    0.1071    0.1935        28
         眼科器械     0.9281    0.8931    0.9103       159
   神经和心血管手术器械     0.7500    0.7258    0.7377        62
 输血、透析和体外循环器械     1.0000    0.1111    0.2000         9
       骨科手术器械     0.7259    0.8060    0.7639       299

     accuracy                         0.7928      3450
    macro avg     0.7800    0.4619    0.5144      3450
 weighted avg     0.7952    0.7928    0.7724      3450

2026-05-04 07:28:54,658 - INFO - 第 13 轮耗时: 数据搬运=0.9609s, 训练=694.1332s
2026-05-04 07:44:51,111 - INFO - 第 14 轮: 训练损失=539.5722, 训练Acc=0.7686, 训练Macro-F1=0.5104, 验证损失=64.6427, 验证Acc=0.7852, 验证Precision=0.7830, 验证Recall=0.7852, 验证weight-F1=0.7649, 验证Macro-F1=0.5042
2026-05-04 07:45:53,891 - INFO - ========== 测试集评估结果 ==========
2026-05-04 07:45:53,891 - INFO - 第 14 轮: 测试损失=64.0399, 测试Acc=0.7896, 测试Precision=0.7903, 测试Recall=0.7896, 测试weighted-F1=0.7702, 测试Macro-F1=0.5216
2026-05-04 07:45:53,891 - INFO -
测试集分类报告：
               precision    recall  f1-score   support

         中医器械     1.0000    0.1154    0.2069        26
       临床检验器械     0.7975    0.6300    0.7039       100
       医用康复器械     0.7059    0.5455    0.6154        22
       医用成像器械     0.8509    0.9383    0.8925       973
    医用诊察和监护器械     0.7768    0.9101    0.8382       612
         医用软件     0.6984    0.4835    0.5714        91
   医疗器械消毒灭菌器械     1.0000    0.2000    0.3333        10
        口腔科器械     0.8667    0.4194    0.5652        31
   呼吸、麻醉和急救器械     0.7500    0.1364    0.2308        22
妇产科、辅助生殖和避孕器械     0.8462    0.5593    0.6735        59
       患者承载器械     0.3333    0.1000    0.1538        10
       放射治疗器械     1.0000    0.3500    0.5185        20
       无源手术器械     0.7084    0.8438    0.7702       429
       无源植入器械     0.8889    0.1194    0.2105        67
       有源手术器械     0.7550    0.7729    0.7638       295
       有源植入器械     0.0000    0.0000    0.0000        19
   注输、护理和防护器械     0.6548    0.5140    0.5759       107
       物理治疗器械     1.0000    0.1429    0.2500        28
         眼科器械     0.9281    0.8931    0.9103       159
   神经和心血管手术器械     0.7586    0.7097    0.7333        62
 输血、透析和体外循环器械     1.0000    0.1111    0.2000         9
       骨科手术器械     0.7484    0.7659    0.7570       299

     accuracy                         0.7896      3450
    macro avg     0.7758    0.4664    0.5216      3450
 weighted avg     0.7903    0.7896    0.7702      3450

2026-05-04 07:45:55,050 - INFO - 第 14 轮耗时: 数据搬运=1.0082s, 训练=678.2367s
2026-05-04 08:02:16,044 - INFO - 第 15 轮: 训练损失=535.3177, 训练Acc=0.7724, 训练Macro-F1=0.5204, 验证损失=64.1766, 验证Acc=0.7872, 验证Precision=0.7870, 验证Recall=0.7872, 验证weight-F1=0.7691, 验证Macro-F1=0.5289
2026-05-04 08:03:20,860 - INFO - ========== 测试集评估结果 ==========
2026-05-04 08:03:20,861 - INFO - 第 15 轮: 测试损失=63.6080, 测试Acc=0.7957, 测试Precision=0.7949, 测试Recall=0.7957, 测试weighted-F1=0.7779, 测试Macro-F1=0.5404
2026-05-04 08:03:20,862 - INFO -
测试集分类报告：
               precision    recall  f1-score   support

         中医器械     1.0000    0.1923    0.3226        26
       临床检验器械     0.8077    0.6300    0.7079       100
       医用康复器械     0.6875    0.5000    0.5789        22
       医用成像器械     0.8487    0.9394    0.8917       973
    医用诊察和监护器械     0.7789    0.9150    0.8415       612
         医用软件     0.6984    0.4835    0.5714        91
   医疗器械消毒灭菌器械     1.0000    0.3000    0.4615        10
        口腔科器械     0.8667    0.4194    0.5652        31
   呼吸、麻醉和急救器械     0.8000    0.1818    0.2963        22
妇产科、辅助生殖和避孕器械     0.8684    0.5593    0.6804        59
       患者承载器械     0.3333    0.1000    0.1538        10
       放射治疗器械     1.0000    0.3500    0.5185        20
       无源手术器械     0.7716    0.8112    0.7909       429
       无源植入器械     0.8462    0.1642    0.2750        67
       有源手术器械     0.7500    0.7932    0.7710       295
       有源植入器械     0.0000    0.0000    0.0000        19
   注输、护理和防护器械     0.6477    0.5327    0.5846       107
       物理治疗器械     1.0000    0.1429    0.2500        28
         眼科器械     0.9286    0.8994    0.9137       159
   神经和心血管手术器械     0.7759    0.7258    0.7500        62
 输血、透析和体外循环器械     1.0000    0.1111    0.2000         9
       骨科手术器械     0.7176    0.8161    0.7637       299

     accuracy                         0.7957      3450
    macro avg     0.7785    0.4803    0.5404      3450
 weighted avg     0.7949    0.7957    0.7779      3450

2026-05-04 08:03:21,649 - INFO - 第 15 轮耗时: 数据搬运=1.0629s, 训练=695.1351s
2026-05-04 08:19:34,686 - INFO - 第 16 轮: 训练损失=531.5278, 训练Acc=0.7760, 训练Macro-F1=0.5370, 验证损失=63.8080, 验证Acc=0.7889, 验证Precision=0.7896, 验证Recall=0.7889, 验证weight-F1=0.7715, 验证Macro-F1=0.5414
2026-05-04 08:20:38,358 - INFO - ========== 测试集评估结果 ==========
2026-05-04 08:20:38,358 - INFO - 第 16 轮: 测试损失=63.2271, 测试Acc=0.7974, 测试Precision=0.7968, 测试Recall=0.7974, 测试weighted-F1=0.7806, 测试Macro-F1=0.5513
2026-05-04 08:20:38,358 - INFO -
测试集分类报告：
               precision    recall  f1-score   support

         中医器械     1.0000    0.2692    0.4242        26
       临床检验器械     0.8077    0.6300    0.7079       100
       医用康复器械     0.7059    0.5455    0.6154        22
       医用成像器械     0.8509    0.9383    0.8925       973
    医用诊察和监护器械     0.7711    0.9248    0.8410       612
         医用软件     0.7455    0.4505    0.5616        91
   医疗器械消毒灭菌器械     1.0000    0.3000    0.4615        10
        口腔科器械     0.8667    0.4194    0.5652        31
   呼吸、麻醉和急救器械     0.8000    0.1818    0.2963        22
妇产科、辅助生殖和避孕器械     0.8889    0.5424    0.6737        59
       患者承载器械     0.3333    0.1000    0.1538        10
       放射治疗器械     1.0000    0.3500    0.5185        20
       无源手术器械     0.7376    0.8322    0.7820       429
       无源植入器械     0.8235    0.2090    0.3333        67
       有源手术器械     0.7624    0.7831    0.7726       295
       有源植入器械     0.0000    0.0000    0.0000        19
   注输、护理和防护器械     0.6588    0.5234    0.5833       107
       物理治疗器械     1.0000    0.1786    0.3030        28
         眼科器械     0.9342    0.8931    0.9132       159
   神经和心血管手术器械     0.7759    0.7258    0.7500        62
 输血、透析和体外循环器械     1.0000    0.1111    0.2000         9
       骨科手术器械     0.7628    0.7960    0.7791       299

     accuracy                         0.7974      3450
    macro avg     0.7830    0.4865    0.5513      3450
 weighted avg     0.7968    0.7974    0.7806      3450

2026-05-04 08:20:39,526 - INFO - 第 16 轮耗时: 数据搬运=1.0833s, 训练=697.4190s
2026-05-04 08:36:51,630 - INFO - 第 17 轮: 训练损失=528.3289, 训练Acc=0.7775, 训练Macro-F1=0.5475, 验证损失=63.3578, 验证Acc=0.7927, 验证Precision=0.7946, 验证Recall=0.7927, 验证weight-F1=0.7775, 验证Macro-F1=0.5653
2026-05-04 08:37:55,742 - INFO - ========== 测试集评估结果 ==========
2026-05-04 08:37:55,742 - INFO - 第 17 轮: 测试损失=62.7825, 测试Acc=0.8032, 测试Precision=0.8028, 测试Recall=0.8032, 测试weighted-F1=0.7882, 测试Macro-F1=0.5778
2026-05-04 08:37:55,742 - INFO -
测试集分类报告：
               precision    recall  f1-score   support

         中医器械     1.0000    0.2692    0.4242        26
       临床检验器械     0.8400    0.6300    0.7200       100
       医用康复器械     0.7059    0.5455    0.6154        22
       医用成像器械     0.8601    0.9353    0.8961       973
    医用诊察和监护器械     0.7863    0.9199    0.8479       612
         医用软件     0.7031    0.4945    0.5806        91
   医疗器械消毒灭菌器械     1.0000    0.3000    0.4615        10
        口腔科器械     0.8824    0.4839    0.6250        31
   呼吸、麻醉和急救器械     0.8571    0.2727    0.4138        22
妇产科、辅助生殖和避孕器械     0.8810    0.6271    0.7327        59
       患者承载器械     0.5000    0.2000    0.2857        10
       放射治疗器械     0.8889    0.4000    0.5517        20
       无源手术器械     0.7601    0.8345    0.7956       429
       无源植入器械     0.8571    0.1791    0.2963        67
       有源手术器械     0.7690    0.7898    0.7793       295
       有源植入器械     0.0000    0.0000    0.0000        19
   注输、护理和防护器械     0.6316    0.5607    0.5941       107
       物理治疗器械     1.0000    0.1786    0.3030        28
         眼科器械     0.9404    0.8931    0.9161       159
   神经和心血管手术器械     0.7302    0.7419    0.7360        62
 输血、透析和体外循环器械     1.0000    0.2222    0.3636         9
       骨科手术器械     0.7401    0.8094    0.7732       299

     accuracy                         0.8032      3450
    macro avg     0.7879    0.5131    0.5778      3450
 weighted avg     0.8028    0.8032    0.7882      3450

2026-05-04 08:37:56,571 - INFO - 第 17 轮耗时: 数据搬运=0.7538s, 训练=693.0559s
2026-05-04 08:53:51,470 - INFO - 第 18 轮: 训练损失=525.1895, 训练Acc=0.7798, 训练Macro-F1=0.5629, 验证损失=63.0454, 验证Acc=0.7921, 验证Precision=0.7913, 验证Recall=0.7921, 验证weight-F1=0.7777, 验证Macro-F1=0.5660
2026-05-04 08:54:54,599 - INFO - ========== 测试集评估结果 ==========
2026-05-04 08:54:54,600 - INFO - 第 18 轮: 测试损失=62.4708, 测试Acc=0.8052, 测试Precision=0.8088, 测试Recall=0.8052, 测试weighted-F1=0.7919, 测试Macro-F1=0.5930
2026-05-04 08:54:54,600 - INFO -
测试集分类报告：
               precision    recall  f1-score   support

         中医器械     1.0000    0.2692    0.4242        26
       临床检验器械     0.8289    0.6300    0.7159       100
       医用康复器械     0.7222    0.5909    0.6500        22
       医用成像器械     0.8579    0.9373    0.8959       973
    医用诊察和监护器械     0.7887    0.9150    0.8472       612
         医用软件     0.6984    0.4835    0.5714        91
   医疗器械消毒灭菌器械     1.0000    0.3000    0.4615        10
        口腔科器械     0.8750    0.4516    0.5957        31
   呼吸、麻醉和急救器械     0.8571    0.2727    0.4138        22
妇产科、辅助生殖和避孕器械     0.8837    0.6441    0.7451        59
       患者承载器械     0.5000    0.2000    0.2857        10
       放射治疗器械     0.9000    0.4500    0.6000        20
       无源手术器械     0.7516    0.8392    0.7930       429
       无源植入器械     0.8182    0.2687    0.4045        67
       有源手术器械     0.7733    0.7864    0.7798       295
       有源植入器械     1.0000    0.0526    0.1000        19
   注输、护理和防护器械     0.6344    0.5514    0.5900       107
       物理治疗器械     1.0000    0.2143    0.3529        28
         眼科器械     0.9236    0.9119    0.9177       159
   神经和心血管手术器械     0.7895    0.7258    0.7563        62
 输血、透析和体外循环器械     1.0000    0.2222    0.3636         9
       骨科手术器械     0.7636    0.7993    0.7810       299

     accuracy                         0.8052      3450
    macro avg     0.8348    0.5235    0.5930      3450
 weighted avg     0.8088    0.8052    0.7919      3450

2026-05-04 08:54:55,483 - INFO - 第 18 轮耗时: 数据搬运=1.0536s, 训练=668.6659s
2026-05-04 09:10:45,832 - INFO - 第 19 轮: 训练损失=522.9755, 训练Acc=0.7839, 训练Macro-F1=0.5735, 验证损失=62.7941, 验证Acc=0.7962, 验证Precision=0.7965, 验证Recall=0.7962, 验证weight-F1=0.7821, 验证Macro-F1=0.5781
2026-05-04 09:11:49,473 - INFO - ========== 测试集评估结果 ==========
2026-05-04 09:11:49,474 - INFO - 第 19 轮: 测试损失=62.2389, 测试Acc=0.8064, 测试Precision=0.8112, 测试Recall=0.8064, 测试weighted-F1=0.7932, 测试Macro-F1=0.6047
2026-05-04 09:11:49,474 - INFO -
测试集分类报告：
               precision    recall  f1-score   support

         中医器械     1.0000    0.3077    0.4706        26
       临床检验器械     0.8289    0.6300    0.7159       100
       医用康复器械     0.7222    0.5909    0.6500        22
       医用成像器械     0.8593    0.9353    0.8957       973
    医用诊察和监护器械     0.7847    0.9232    0.8483       612
         医用软件     0.7119    0.4615    0.5600        91
   医疗器械消毒灭菌器械     1.0000    0.3000    0.4615        10
        口腔科器械     0.8750    0.4516    0.5957        31
   呼吸、麻醉和急救器械     0.8571    0.2727    0.4138        22
妇产科、辅助生殖和避孕器械     0.8974    0.5932    0.7143        59
       患者承载器械     0.6667    0.4000    0.5000        10
       放射治疗器械     0.9000    0.4500    0.6000        20
       无源手术器械     0.7526    0.8368    0.7925       429
       无源植入器械     0.8636    0.2836    0.4270        67
       有源手术器械     0.7687    0.8000    0.7841       295
       有源植入器械     1.0000    0.0526    0.1000        19
   注输、护理和防护器械     0.6667    0.5421    0.5979       107
       物理治疗器械     1.0000    0.2143    0.3529        28
         眼科器械     0.9295    0.9119    0.9206       159
   神经和心血管手术器械     0.7797    0.7419    0.7603        62
 输血、透析和体外循环器械     1.0000    0.2222    0.3636         9
       骨科手术器械     0.7628    0.7960    0.7791       299

     accuracy                         0.8064      3450
    macro avg     0.8467    0.5326    0.6047      3450
 weighted avg     0.8112    0.8064    0.7932      3450

2026-05-04 09:11:50,394 - INFO - 第 19 轮耗时: 数据搬运=1.1350s, 训练=667.8786s
2026-05-04 09:27:55,617 - INFO - 第 20 轮: 训练损失=520.3560, 训练Acc=0.7881, 训练Macro-F1=0.5819, 验证损失=62.4765, 验证Acc=0.7965, 验证Precision=0.7967, 验证Recall=0.7965, 验证weight-F1=0.7834, 验证Macro-F1=0.5863
2026-05-04 09:28:59,717 - INFO - ========== 测试集评估结果 ==========
2026-05-04 09:28:59,717 - INFO - 第 20 轮: 测试损失=61.9049, 测试Acc=0.8090, 测试Precision=0.8124, 测试Recall=0.8090, 测试weighted-F1=0.7954, 测试Macro-F1=0.5952
2026-05-04 09:28:59,717 - INFO -
测试集分类报告：
               precision    recall  f1-score   support

         中医器械     1.0000    0.3077    0.4706        26
       临床检验器械     0.8375    0.6700    0.7444       100
       医用康复器械     0.7222    0.5909    0.6500        22
       医用成像器械     0.8680    0.9394    0.9023       973
    医用诊察和监护器械     0.7952    0.9134    0.8502       612
         医用软件     0.7167    0.4725    0.5695        91
   医疗器械消毒灭菌器械     1.0000    0.3000    0.4615        10
        口腔科器械     0.8333    0.4839    0.6122        31
   呼吸、麻醉和急救器械     0.7500    0.2727    0.4000        22
妇产科、辅助生殖和避孕器械     0.9000    0.6102    0.7273        59
       患者承载器械     0.5000    0.2000    0.2857        10
       放射治疗器械     0.9000    0.4500    0.6000        20
       无源手术器械     0.7495    0.8508    0.7969       429
       无源植入器械     0.8333    0.2239    0.3529        67
       有源手术器械     0.7702    0.8068    0.7881       295
       有源植入器械     1.0000    0.0526    0.1000        19
   注输、护理和防护器械     0.6344    0.5514    0.5900       107
       物理治疗器械     1.0000    0.2143    0.3529        28
         眼科器械     0.9241    0.9182    0.9211       159
   神经和心血管手术器械     0.8214    0.7419    0.7797        62
 输血、透析和体外循环器械     1.0000    0.2222    0.3636         9
       骨科手术器械     0.7556    0.7960    0.7752       299

     accuracy                         0.8090      3450
    macro avg     0.8323    0.5268    0.5952      3450
 weighted avg     0.8124    0.8090    0.7954      3450

2026-05-04 09:28:59,717 - INFO - 第 20 轮耗时: 数据搬运=0.8269s, 训练=680.9389s
2026-05-04 09:44:47,106 - INFO - 第 21 轮: 训练损失=518.9416, 训练Acc=0.7868, 训练Macro-F1=0.5836, 验证损失=62.2435, 验证Acc=0.7991, 验证Precision=0.7959, 验证Recall=0.7991, 验证weight-F1=0.7861, 验证Macro-F1=0.5858
2026-05-04 09:45:49,975 - INFO - ========== 测试集评估结果 ==========
2026-05-04 09:45:49,975 - INFO - 第 21 轮: 测试损失=61.6990, 测试Acc=0.8133, 测试Precision=0.8160, 测试Recall=0.8133, 测试weighted-F1=0.8011, 测试Macro-F1=0.6170
2026-05-04 09:45:49,975 - INFO -
测试集分类报告：
               precision    recall  f1-score   support

         中医器械     1.0000    0.3077    0.4706        26
       临床检验器械     0.8228    0.6500    0.7263       100
       医用康复器械     0.7222    0.5909    0.6500        22
       医用成像器械     0.8650    0.9414    0.9016       973
    医用诊察和监护器械     0.7991    0.9167    0.8539       612
         医用软件     0.7213    0.4835    0.5789        91
   医疗器械消毒灭菌器械     1.0000    0.4000    0.5714        10
        口腔科器械     0.8500    0.5484    0.6667        31
   呼吸、麻醉和急救器械     0.8571    0.2727    0.4138        22
妇产科、辅助生殖和避孕器械     0.8980    0.7458    0.8148        59
       患者承载器械     0.6000    0.3000    0.4000        10
       放射治疗器械     0.9000    0.4500    0.6000        20
       无源手术器械     0.7637    0.8438    0.8018       429
       无源植入器械     0.8077    0.3134    0.4516        67
       有源手术器械     0.7611    0.8102    0.7849       295
       有源植入器械     1.0000    0.0526    0.1000        19
   注输、护理和防护器械     0.6824    0.5421    0.6042       107
       物理治疗器械     1.0000    0.2143    0.3529        28
         眼科器械     0.9182    0.9182    0.9182       159
   神经和心血管手术器械     0.8182    0.7258    0.7692        62
 输血、透析和体外循环器械     1.0000    0.2222    0.3636         9
       骨科手术器械     0.7712    0.7893    0.7802       299

     accuracy                         0.8133      3450
    macro avg     0.8436    0.5472    0.6170      3450
 weighted avg     0.8160    0.8133    0.8011      3450

2026-05-04 09:45:50,846 - INFO - 第 21 轮耗时: 数据搬运=0.7994s, 训练=666.1664s
2026-05-04 10:02:01,488 - INFO - 第 22 轮: 训练损失=515.9973, 训练Acc=0.7891, 训练Macro-F1=0.5929, 验证损失=62.0678, 验证Acc=0.8011, 验证Precision=0.8004, 验证Recall=0.8011, 验证weight-F1=0.7888, 验证Macro-F1=0.6031
2026-05-04 10:03:03,330 - INFO - ========== 测试集评估结果 ==========
2026-05-04 10:03:03,330 - INFO - 第 22 轮: 测试损失=61.5501, 测试Acc=0.8125, 测试Precision=0.8152, 测试Recall=0.8125, 测试weighted-F1=0.8001, 测试Macro-F1=0.6167
2026-05-04 10:03:03,330 - INFO -
测试集分类报告：
               precision    recall  f1-score   support

         中医器械     1.0000    0.3077    0.4706        26
       临床检验器械     0.8333    0.6500    0.7303       100
       医用康复器械     0.7222    0.5909    0.6500        22
       医用成像器械     0.8589    0.9445    0.8997       973
    医用诊察和监护器械     0.7980    0.9167    0.8532       612
         医用软件     0.7288    0.4725    0.5733        91
   医疗器械消毒灭菌器械     1.0000    0.4000    0.5714        10
        口腔科器械     0.8571    0.5806    0.6923        31
   呼吸、麻醉和急救器械     0.7500    0.2727    0.4000        22
妇产科、辅助生殖和避孕器械     0.8958    0.7288    0.8037        59
       患者承载器械     0.6000    0.3000    0.4000        10
       放射治疗器械     0.9000    0.4500    0.6000        20
       无源手术器械     0.7768    0.8275    0.8014       429
       无源植入器械     0.8333    0.2985    0.4396        67
       有源手术器械     0.7580    0.8068    0.7816       295
       有源植入器械     1.0000    0.0526    0.1000        19
   注输、护理和防护器械     0.6860    0.5514    0.6114       107
       物理治疗器械     1.0000    0.2143    0.3529        28
         眼科器械     0.9416    0.9119    0.9265       159
   神经和心血管手术器械     0.7619    0.7742    0.7680        62
 输血、透析和体外循环器械     1.0000    0.2222    0.3636         9
       骨科手术器械     0.7621    0.7926    0.7770       299

     accuracy                         0.8125      3450
    macro avg     0.8393    0.5485    0.6167      3450
 weighted avg     0.8152    0.8125    0.8001      3450

2026-05-04 10:03:03,330 - INFO - 第 22 轮耗时: 数据搬运=1.0545s, 训练=693.9919s
2026-05-04 10:16:27,095 - INFO - 第 23 轮: 训练损失=514.5921, 训练Acc=0.7889, 训练Macro-F1=0.6003, 验证损失=61.8717, 验证Acc=0.8020, 验证Precision=0.8020, 验证Recall=0.8020, 验证weight-F1=0.7903, 验证Macro-F1=0.6047
2026-05-04 10:17:13,698 - INFO - ========== 测试集评估结果 ==========
2026-05-04 10:17:13,698 - INFO - 第 23 轮: 测试损失=61.3403, 测试Acc=0.8130, 测试Precision=0.8163, 测试Recall=0.8130, 测试weighted-F1=0.8010, 测试Macro-F1=0.6184
2026-05-04 10:17:13,698 - INFO -
测试集分类报告：
               precision    recall  f1-score   support

         中医器械     1.0000    0.3077    0.4706        26
       临床检验器械     0.8421    0.6400    0.7273       100
       医用康复器械     0.7222    0.5909    0.6500        22
       医用成像器械     0.8628    0.9435    0.9013       973
    医用诊察和监护器械     0.7935    0.9232    0.8535       612
         医用软件     0.7288    0.4725    0.5733        91
   医疗器械消毒灭菌器械     1.0000    0.4000    0.5714        10
        口腔科器械     0.8571    0.5806    0.6923        31
   呼吸、麻醉和急救器械     0.7500    0.2727    0.4000        22
妇产科、辅助生殖和避孕器械     0.9111    0.6949    0.7885        59
       患者承载器械     0.6000    0.3000    0.4000        10
       放射治疗器械     1.0000    0.4500    0.6207        20
       无源手术器械     0.7746    0.8252    0.7991       429
       无源植入器械     0.8148    0.3284    0.4681        67
       有源手术器械     0.7611    0.8102    0.7849       295
       有源植入器械     1.0000    0.0526    0.1000        19
   注输、护理和防护器械     0.6667    0.5607    0.6091       107
       物理治疗器械     1.0000    0.2143    0.3529        28
         眼科器械     0.9481    0.9182    0.9329       159
   神经和心血管手术器械     0.7833    0.7581    0.7705        62
 输血、透析和体外循环器械     1.0000    0.2222    0.3636         9
       骨科手术器械     0.7613    0.7893    0.7750       299

     accuracy                         0.8130      3450
    macro avg     0.8444    0.5480    0.6184      3450
 weighted avg     0.8163    0.8130    0.8010      3450

2026-05-04 10:17:14,815 - INFO - 第 23 轮耗时: 数据搬运=0.6600s, 训练=562.0414s
2026-05-04 10:28:27,638 - INFO - 第 24 轮: 训练损失=513.6997, 训练Acc=0.7910, 训练Macro-F1=0.6035, 验证损失=61.6821, 验证Acc=0.8049, 验证Precision=0.8052, 验证Recall=0.8049, 验证weight-F1=0.7937, 验证Macro-F1=0.6157
2026-05-04 10:29:14,669 - INFO - ========== 测试集评估结果 ==========
2026-05-04 10:29:14,669 - INFO - 第 24 轮: 测试损失=61.1766, 测试Acc=0.8154, 测试Precision=0.8178, 测试Recall=0.8154, 测试weighted-F1=0.8036, 测试Macro-F1=0.6257
2026-05-04 10:29:14,669 - INFO -
测试集分类报告：
               precision    recall  f1-score   support

         中医器械     1.0000    0.3462    0.5143        26
       临床检验器械     0.8354    0.6600    0.7374       100
       医用康复器械     0.7222    0.5909    0.6500        22
       医用成像器械     0.8648    0.9404    0.9010       973
    医用诊察和监护器械     0.7969    0.9232    0.8554       612
         医用软件     0.7368    0.4615    0.5676        91
   医疗器械消毒灭菌器械     1.0000    0.4000    0.5714        10
        口腔科器械     0.8636    0.6129    0.7170        31
   呼吸、麻醉和急救器械     0.7500    0.2727    0.4000        22
妇产科、辅助生殖和避孕器械     0.9130    0.7119    0.8000        59
       患者承载器械     0.6667    0.4000    0.5000        10
       放射治疗器械     0.8182    0.4500    0.5806        20
       无源手术器械     0.7742    0.8392    0.8054       429
       无源植入器械     0.8148    0.3284    0.4681        67
       有源手术器械     0.7685    0.8102    0.7888       295
       有源植入器械     1.0000    0.0526    0.1000        19
   注输、护理和防护器械     0.6667    0.5607    0.6091       107
       物理治疗器械     1.0000    0.2143    0.3529        28
         眼科器械     0.9419    0.9182    0.9299       159
   神经和心血管手术器械     0.7742    0.7742    0.7742        62
 输血、透析和体外循环器械     1.0000    0.2222    0.3636         9
       骨科手术器械     0.7730    0.7860    0.7794       299

     accuracy                         0.8154      3450
    macro avg     0.8400    0.5580    0.6257      3450
 weighted avg     0.8178    0.8154    0.8036      3450

2026-05-04 10:29:15,417 - INFO - 第 24 轮耗时: 数据搬运=0.2839s, 训练=444.4417s
2026-05-04 10:40:28,097 - INFO - 第 25 轮: 训练损失=511.3655, 训练Acc=0.7933, 训练Macro-F1=0.6102, 验证损失=61.5608, 验证Acc=0.8052, 验证Precision=0.8050, 验证Recall=0.8052, 验证weight-F1=0.7935, 验证Macro-F1=0.6101
2026-05-04 10:41:12,203 - INFO - ========== 测试集评估结果 ==========
2026-05-04 10:41:12,203 - INFO - 第 25 轮: 测试损失=61.0603, 测试Acc=0.8151, 测试Precision=0.8168, 测试Recall=0.8151, 测试weighted-F1=0.8032, 测试Macro-F1=0.6220
2026-05-04 10:41:12,204 - INFO -
测试集分类报告：
               precision    recall  f1-score   support

         中医器械     1.0000    0.3462    0.5143        26
       临床检验器械     0.8354    0.6600    0.7374       100
       医用康复器械     0.7368    0.6364    0.6829        22
       医用成像器械     0.8648    0.9404    0.9010       973
    医用诊察和监护器械     0.8003    0.9167    0.8545       612
         医用软件     0.7500    0.4615    0.5714        91
   医疗器械消毒灭菌器械     1.0000    0.3000    0.4615        10
        口腔科器械     0.8333    0.6452    0.7273        31
   呼吸、麻醉和急救器械     0.7500    0.2727    0.4000        22
妇产科、辅助生殖和避孕器械     0.8958    0.7288    0.8037        59
       患者承载器械     0.6667    0.4000    0.5000        10
       放射治疗器械     0.8182    0.4500    0.5806        20
       无源手术器械     0.7702    0.8438    0.8053       429
       无源植入器械     0.7500    0.3134    0.4421        67
       有源手术器械     0.7627    0.8169    0.7889       295
       有源植入器械     1.0000    0.0526    0.1000        19
   注输、护理和防护器械     0.6667    0.5607    0.6091       107
       物理治疗器械     1.0000    0.2143    0.3529        28
         眼科器械     0.9359    0.9182    0.9270       159
   神经和心血管手术器械     0.7869    0.7742    0.7805        62
 输血、透析和体外循环器械     1.0000    0.2222    0.3636         9
       骨科手术器械     0.7819    0.7793    0.7806       299

     accuracy                         0.8151      3450
    macro avg     0.8366    0.5570    0.6220      3450
 weighted avg     0.8168    0.8151    0.8032      3450

2026-05-04 10:41:12,204 - INFO - 第 25 轮耗时: 数据搬运=0.2862s, 训练=448.8306s
2026-05-04 10:52:24,664 - INFO - 第 26 轮: 训练损失=510.7452, 训练Acc=0.7943, 训练Macro-F1=0.6149, 验证损失=61.3979, 验证Acc=0.8037, 验证Precision=0.8035, 验证Recall=0.8037, 验证weight-F1=0.7920, 验证Macro-F1=0.6095
2026-05-04 10:53:10,574 - INFO - ========== 测试集评估结果 ==========
2026-05-04 10:53:10,575 - INFO - 第 26 轮: 测试损失=60.9126, 测试Acc=0.8177, 测试Precision=0.8206, 测试Recall=0.8177, 测试weighted-F1=0.8058, 测试Macro-F1=0.6216
2026-05-04 10:53:10,575 - INFO -
测试集分类报告：
               precision    recall  f1-score   support

         中医器械     1.0000    0.3846    0.5556        26
       临床检验器械     0.8375    0.6700    0.7444       100
       医用康复器械     0.7222    0.5909    0.6500        22
       医用成像器械     0.8682    0.9414    0.9034       973
    医用诊察和监护器械     0.7969    0.9232    0.8554       612
         医用软件     0.7636    0.4615    0.5753        91
   医疗器械消毒灭菌器械     1.0000    0.3000    0.4615        10
        口腔科器械     0.8571    0.5806    0.6923        31
   呼吸、麻醉和急救器械     0.7500    0.2727    0.4000        22
妇产科、辅助生殖和避孕器械     0.9149    0.7288    0.8113        59
       患者承载器械     0.6000    0.3000    0.4000        10
       放射治疗器械     0.8333    0.5000    0.6250        20
       无源手术器械     0.7871    0.8275    0.8068       429
       无源植入器械     0.8261    0.2836    0.4222        67
       有源手术器械     0.7735    0.8102    0.7914       295
       有源植入器械     1.0000    0.0526    0.1000        19
   注输、护理和防护器械     0.6739    0.5794    0.6231       107
       物理治疗器械     1.0000    0.2500    0.4000        28
         眼科器械     0.9481    0.9182    0.9329       159
   神经和心血管手术器械     0.7742    0.7742    0.7742        62
 输血、透析和体外循环器械     1.0000    0.2222    0.3636         9
       骨科手术器械     0.7546    0.8227    0.7872       299

     accuracy                         0.8177      3450
    macro avg     0.8401    0.5543    0.6216      3450
 weighted avg     0.8206    0.8177    0.8058      3450

2026-05-04 10:53:10,575 - INFO - 第 26 轮耗时: 数据搬运=0.2999s, 训练=444.1516s
2026-05-04 11:04:26,524 - INFO - 第 27 轮: 训练损失=509.0130, 训练Acc=0.7969, 训练Macro-F1=0.6228, 验证损失=61.1923, 验证Acc=0.8069, 验证Precision=0.8063, 验证Recall=0.8069, 验证weight-F1=0.7960, 验证Macro-F1=0.6163
2026-05-04 11:05:13,181 - INFO - ========== 测试集评估结果 ==========
2026-05-04 11:05:13,181 - INFO - 第 27 轮: 测试损失=60.7025, 测试Acc=0.8177, 测试Precision=0.8193, 测试Recall=0.8177, 测试weighted-F1=0.8070, 测试Macro-F1=0.6372
2026-05-04 11:05:13,181 - INFO -
测试集分类报告：
               precision    recall  f1-score   support

         中医器械     1.0000    0.3846    0.5556        26
       临床检验器械     0.8333    0.6500    0.7303       100
       医用康复器械     0.7368    0.6364    0.6829        22
       医用成像器械     0.8695    0.9383    0.9026       973
    医用诊察和监护器械     0.8003    0.9232    0.8574       612
         医用软件     0.7333    0.4835    0.5828        91
   医疗器械消毒灭菌器械     1.0000    0.4000    0.5714        10
        口腔科器械     0.8636    0.6129    0.7170        31
   呼吸、麻醉和急救器械     0.7500    0.2727    0.4000        22
妇产科、辅助生殖和避孕器械     0.9149    0.7288    0.8113        59
       患者承载器械     0.6667    0.4000    0.5000        10
       放射治疗器械     0.8333    0.5000    0.6250        20
       无源手术器械     0.7752    0.8438    0.8080       429
       无源植入器械     0.7419    0.3433    0.4694        67
       有源手术器械     0.7675    0.8169    0.7915       295
       有源植入器械     1.0000    0.0526    0.1000        19
   注输、护理和防护器械     0.6778    0.5701    0.6193       107
       物理治疗器械     1.0000    0.2857    0.4444        28
         眼科器械     0.9419    0.9182    0.9299       159
   神经和心血管手术器械     0.7869    0.7742    0.7805        62
 输血、透析和体外循环器械     1.0000    0.2222    0.3636         9
       骨科手术器械     0.7759    0.7759    0.7759       299

     accuracy                         0.8177      3450
    macro avg     0.8395    0.5697    0.6372      3450
 weighted avg     0.8193    0.8177    0.8070      3450

2026-05-04 11:05:14,021 - INFO - 第 27 轮耗时: 数据搬运=0.2747s, 训练=447.1276s
2026-05-04 11:16:26,807 - INFO - 第 28 轮: 训练损失=507.8161, 训练Acc=0.7984, 训练Macro-F1=0.6305, 验证损失=61.0347, 验证Acc=0.8104, 验证Precision=0.8095, 验证Recall=0.8104, 验证weight-F1=0.7995, 验证Macro-F1=0.6204
2026-05-04 11:17:13,606 - INFO - ========== 测试集评估结果 ==========
2026-05-04 11:17:13,606 - INFO - 第 28 轮: 测试损失=60.5653, 测试Acc=0.8183, 测试Precision=0.8193, 测试Recall=0.8183, 测试weighted-F1=0.8079, 测试Macro-F1=0.6381
2026-05-04 11:17:13,607 - INFO -
测试集分类报告：
               precision    recall  f1-score   support

         中医器械     1.0000    0.3846    0.5556        26
       临床检验器械     0.8354    0.6600    0.7374       100
       医用康复器械     0.7368    0.6364    0.6829        22
       医用成像器械     0.8648    0.9404    0.9010       973
    医用诊察和监护器械     0.8043    0.9199    0.8582       612
         医用软件     0.7458    0.4835    0.5867        91
   医疗器械消毒灭菌器械     1.0000    0.4000    0.5714        10
        口腔科器械     0.8000    0.6452    0.7143        31
   呼吸、麻醉和急救器械     0.7500    0.2727    0.4000        22
妇产科、辅助生殖和避孕器械     0.8958    0.7288    0.8037        59
       患者承载器械     0.6667    0.4000    0.5000        10
       放射治疗器械     0.8333    0.5000    0.6250        20
       无源手术器械     0.7873    0.8368    0.8113       429
       无源植入器械     0.7273    0.3582    0.4800        67
       有源手术器械     0.7710    0.8102    0.7901       295
       有源植入器械     1.0000    0.0526    0.1000        19
   注输、护理和防护器械     0.6632    0.5888    0.6238       107
       物理治疗器械     1.0000    0.2857    0.4444        28
         眼科器械     0.9359    0.9182    0.9270       159
   神经和心血管手术器械     0.7869    0.7742    0.7805        62
 输血、透析和体外循环器械     1.0000    0.2222    0.3636         9
       骨科手术器械     0.7800    0.7826    0.7813       299

     accuracy                         0.8183      3450
    macro avg     0.8357    0.5728    0.6381      3450
 weighted avg     0.8193    0.8183    0.8079      3450

2026-05-04 11:17:14,328 - INFO - 第 28 轮耗时: 数据搬运=0.2459s, 训练=446.5758s
2026-05-04 11:28:24,820 - INFO - 第 29 轮: 训练损失=506.8186, 训练Acc=0.7976, 训练Macro-F1=0.6233, 验证损失=60.9622, 验证Acc=0.8095, 验证Precision=0.8084, 验证Recall=0.8095, 验证weight-F1=0.7980, 验证Macro-F1=0.6149
2026-05-04 11:29:09,768 - INFO - ========== 测试集评估结果 ==========
2026-05-04 11:29:09,768 - INFO - 第 29 轮: 测试损失=60.5105, 测试Acc=0.8191, 测试Precision=0.8208, 测试Recall=0.8191, 测试weighted-F1=0.8088, 测试Macro-F1=0.6413
2026-05-04 11:29:09,768 - INFO -
测试集分类报告：
               precision    recall  f1-score   support

         中医器械     1.0000    0.3846    0.5556        26
       临床检验器械     0.8442    0.6500    0.7345       100
       医用康复器械     0.7778    0.6364    0.7000        22
       医用成像器械     0.8655    0.9394    0.9009       973
    医用诊察和监护器械     0.8011    0.9216    0.8571       612
         医用软件     0.7333    0.4835    0.5828        91
   医疗器械消毒灭菌器械     1.0000    0.4000    0.5714        10
        口腔科器械     0.8333    0.6452    0.7273        31
   呼吸、麻醉和急救器械     0.7500    0.2727    0.4000        22
妇产科、辅助生殖和避孕器械     0.9149    0.7288    0.8113        59
       患者承载器械     0.6250    0.5000    0.5556        10
       放射治疗器械     0.8182    0.4500    0.5806        20
       无源手术器械     0.7856    0.8368    0.8104       429
       无源植入器械     0.7500    0.3582    0.4848        67
       有源手术器械     0.7732    0.8203    0.7961       295
       有源植入器械     1.0000    0.0526    0.1000        19
   注输、护理和防护器械     0.6737    0.5981    0.6337       107
       物理治疗器械     1.0000    0.2857    0.4444        28
         眼科器械     0.9419    0.9182    0.9299       159
   神经和心血管手术器械     0.8000    0.7742    0.7869        62
 输血、透析和体外循环器械     1.0000    0.2222    0.3636         9
       骨科手术器械     0.7800    0.7826    0.7813       299

     accuracy                         0.8191      3450
    macro avg     0.8394    0.5755    0.6413      3450
 weighted avg     0.8208    0.8191    0.8088      3450

2026-05-04 11:29:10,820 - INFO - 第 29 轮耗时: 数据搬运=0.2560s, 训练=443.6788s
2026-05-04 11:40:14,468 - INFO - 第 30 轮: 训练损失=506.2583, 训练Acc=0.7985, 训练Macro-F1=0.6361, 验证损失=60.8690, 验证Acc=0.8136, 验证Precision=0.8127, 验证Recall=0.8136, 验证weight-F1=0.8035, 验证Macro-F1=0.6318
2026-05-04 11:40:59,931 - INFO - ========== 测试集评估结果 ==========
2026-05-04 11:40:59,931 - INFO - 第 30 轮: 测试损失=60.4148, 测试Acc=0.8232, 测试Precision=0.8242, 测试Recall=0.8232, 测试weighted-F1=0.8134, 测试Macro-F1=0.6509
2026-05-04 11:40:59,931 - INFO -
测试集分类报告：
               precision    recall  f1-score   support

         中医器械     1.0000    0.3846    0.5556        26
       临床检验器械     0.8375    0.6700    0.7444       100
       医用康复器械     0.7778    0.6364    0.7000        22
       医用成像器械     0.8688    0.9394    0.9027       973
    医用诊察和监护器械     0.7952    0.9265    0.8558       612
         医用软件     0.7167    0.4725    0.5695        91
   医疗器械消毒灭菌器械     1.0000    0.4000    0.5714        10
        口腔科器械     0.8000    0.6452    0.7143        31
   呼吸、麻醉和急救器械     0.7500    0.2727    0.4000        22
妇产科、辅助生殖和避孕器械     0.9167    0.7458    0.8224        59
       患者承载器械     0.6250    0.5000    0.5556        10
       放射治疗器械     0.8333    0.5000    0.6250        20
       无源手术器械     0.7909    0.8555    0.8219       429
       无源植入器械     0.7353    0.3731    0.4950        67
       有源手术器械     0.8110    0.8000    0.8055       295
       有源植入器械     1.0000    0.0526    0.1000        19
   注输、护理和防护器械     0.6848    0.5888    0.6332       107
       物理治疗器械     1.0000    0.3929    0.5641        28
         眼科器械     0.9419    0.9182    0.9299       159
   神经和心血管手术器械     0.8167    0.7903    0.8033        62
 输血、透析和体外循环器械     1.0000    0.2222    0.3636         9
       骨科手术器械     0.7815    0.7893    0.7854       299

     accuracy                         0.8232      3450
    macro avg     0.8401    0.5853    0.6509      3450
 weighted avg     0.8242    0.8232    0.8134      3450

2026-05-04 11:41:00,864 - INFO - 第 30 轮耗时: 数据搬运=0.2512s, 训练=440.2784s
2026-05-04 11:52:08,792 - INFO - 第 31 轮: 训练损失=504.4034, 训练Acc=0.7998, 训练Macro-F1=0.6297, 验证损失=60.7117, 验证Acc=0.8162, 验证Precision=0.8150, 验证Recall=0.8162, 验证weight-F1=0.8065, 验证Macro-F1=0.6352
2026-05-04 11:52:54,243 - INFO - ========== 测试集评估结果 ==========
2026-05-04 11:52:54,244 - INFO - 第 31 轮: 测试损失=60.2672, 测试Acc=0.8223, 测试Precision=0.8232, 测试Recall=0.8223, 测试weighted-F1=0.8133, 测试Macro-F1=0.6573
2026-05-04 11:52:54,244 - INFO -
测试集分类报告：
               precision    recall  f1-score   support

         中医器械     1.0000    0.3846    0.5556        26
       临床检验器械     0.8784    0.6500    0.7471       100
       医用康复器械     0.7778    0.6364    0.7000        22
       医用成像器械     0.8658    0.9414    0.9020       973
    医用诊察和监护器械     0.8020    0.9199    0.8569       612
         医用软件     0.7188    0.5055    0.5935        91
   医疗器械消毒灭菌器械     1.0000    0.4000    0.5714        10
        口腔科器械     0.8077    0.6774    0.7368        31
   呼吸、麻醉和急救器械     0.7500    0.2727    0.4000        22
妇产科、辅助生殖和避孕器械     0.9167    0.7458    0.8224        59
       患者承载器械     0.5556    0.5000    0.5263        10
       放射治疗器械     0.8333    0.5000    0.6250        20
       无源手术器械     0.7877    0.8392    0.8126       429
       无源植入器械     0.7105    0.4030    0.5143        67
       有源手术器械     0.7987    0.8068    0.8027       295
       有源植入器械     1.0000    0.0526    0.1000        19
   注输、护理和防护器械     0.6598    0.5981    0.6275       107
       物理治疗器械     0.9167    0.3929    0.5500        28
         眼科器械     0.9481    0.9182    0.9329       159
   神经和心血管手术器械     0.7727    0.8226    0.7969        62
 输血、透析和体外循环器械     1.0000    0.3333    0.5000         9
       骨科手术器械     0.7973    0.7759    0.7864       299

     accuracy                         0.8223      3450
    macro avg     0.8317    0.5944    0.6573      3450
 weighted avg     0.8232    0.8223    0.8133      3450

2026-05-04 11:52:55,262 - INFO - 第 31 轮耗时: 数据搬运=0.2693s, 训练=441.3878s
2026-05-04 12:04:09,864 - INFO - 第 32 轮: 训练损失=503.9407, 训练Acc=0.8029, 训练Macro-F1=0.6365, 验证损失=60.6085, 验证Acc=0.8136, 验证Precision=0.8124, 验证Recall=0.8136, 验证weight-F1=0.8041, 验证Macro-F1=0.6326
2026-05-04 12:04:55,665 - INFO - ========== 测试集评估结果 ==========
2026-05-04 12:04:55,665 - INFO - 第 32 轮: 测试损失=60.1517, 测试Acc=0.8220, 测试Precision=0.8232, 测试Recall=0.8220, 测试weighted-F1=0.8122, 测试Macro-F1=0.6452
2026-05-04 12:04:55,665 - INFO -
测试集分类报告：
               precision    recall  f1-score   support

         中医器械     1.0000    0.3846    0.5556        26
       临床检验器械     0.8462    0.6600    0.7416       100
       医用康复器械     0.7778    0.6364    0.7000        22
       医用成像器械     0.8711    0.9373    0.9030       973
    医用诊察和监护器械     0.7980    0.9232    0.8561       612
         医用软件     0.7333    0.4835    0.5828        91
   医疗器械消毒灭菌器械     1.0000    0.3000    0.4615        10
        口腔科器械     0.8077    0.6774    0.7368        31
   呼吸、麻醉和急救器械     0.7500    0.2727    0.4000        22
妇产科、辅助生殖和避孕器械     0.9362    0.7458    0.8302        59
       患者承载器械     0.6000    0.6000    0.6000        10
       放射治疗器械     0.8333    0.5000    0.6250        20
       无源手术器械     0.7780    0.8578    0.8160       429
       无源植入器械     0.7222    0.3881    0.5049        67
       有源手术器械     0.7967    0.8102    0.8034       295
       有源植入器械     1.0000    0.0526    0.1000        19
   注输、护理和防护器械     0.6809    0.5981    0.6368       107
       物理治疗器械     0.9000    0.3214    0.4737        28
         眼科器械     0.9419    0.9182    0.9299       159
   神经和心血管手术器械     0.7903    0.7903    0.7903        62
 输血、透析和体外循环器械     1.0000    0.2222    0.3636         9
       骨科手术器械     0.7966    0.7726    0.7844       299

     accuracy                         0.8220      3450
    macro avg     0.8346    0.5842    0.6452      3450
 weighted avg     0.8232    0.8220    0.8122      3450

2026-05-04 12:04:55,665 - INFO - 第 32 轮耗时: 数据搬运=0.2775s, 训练=443.7576s
2026-05-04 12:16:04,747 - INFO - 第 33 轮: 训练损失=503.4090, 训练Acc=0.8027, 训练Macro-F1=0.6433, 验证损失=60.5718, 验证Acc=0.8141, 验证Precision=0.8143, 验证Recall=0.8141, 验证weight-F1=0.8037, 验证Macro-F1=0.6338
2026-05-04 12:16:50,041 - INFO - ========== 测试集评估结果 ==========
2026-05-04 12:16:50,042 - INFO - 第 33 轮: 测试损失=60.1357, 测试Acc=0.8226, 测试Precision=0.8242, 测试Recall=0.8226, 测试weighted-F1=0.8124, 测试Macro-F1=0.6573
2026-05-04 12:16:50,042 - INFO -
测试集分类报告：
               precision    recall  f1-score   support

         中医器械     1.0000    0.3846    0.5556        26
       临床检验器械     0.8571    0.6600    0.7458       100
       医用康复器械     0.7778    0.6364    0.7000        22
       医用成像器械     0.8645    0.9445    0.9028       973
    医用诊察和监护器械     0.8000    0.9216    0.8565       612
         医用软件     0.7586    0.4835    0.5906        91
   医疗器械消毒灭菌器械     1.0000    0.4000    0.5714        10
        口腔科器械     0.8400    0.6774    0.7500        31
   呼吸、麻醉和急救器械     0.7500    0.2727    0.4000        22
妇产科、辅助生殖和避孕器械     0.9375    0.7627    0.8411        59
       患者承载器械     0.6667    0.6000    0.6316        10
       放射治疗器械     0.8333    0.5000    0.6250        20
       无源手术器械     0.7933    0.8322    0.8123       429
       无源植入器械     0.7273    0.3582    0.4800        67
       有源手术器械     0.7850    0.8169    0.8007       295
       有源植入器械     1.0000    0.0526    0.1000        19
   注输、护理和防护器械     0.7241    0.5888    0.6495       107
       物理治疗器械     1.0000    0.2857    0.4444        28
         眼科器械     0.9419    0.9182    0.9299       159
   神经和心血管手术器械     0.7903    0.7903    0.7903        62
 输血、透析和体外循环器械     1.0000    0.3333    0.5000         9
       骨科手术器械     0.7720    0.7926    0.7822       299

     accuracy                         0.8226      3450
    macro avg     0.8463    0.5915    0.6573      3450
 weighted avg     0.8242    0.8226    0.8124      3450

2026-05-04 12:16:50,042 - INFO - 第 33 轮耗时: 数据搬运=0.2592s, 训练=442.1737s
2026-05-04 12:28:01,215 - INFO - 第 34 轮: 训练损失=502.7354, 训练Acc=0.8026, 训练Macro-F1=0.6442, 验证损失=60.4822, 验证Acc=0.8173, 验证Precision=0.8168, 验证Recall=0.8173, 验证weight-F1=0.8078, 验证Macro-F1=0.6392
2026-05-04 12:28:48,622 - INFO - ========== 测试集评估结果 ==========
2026-05-04 12:28:48,623 - INFO - 第 34 轮: 测试损失=60.0428, 测试Acc=0.8223, 测试Precision=0.8234, 测试Recall=0.8223, 测试weighted-F1=0.8128, 测试Macro-F1=0.6542
2026-05-04 12:28:48,623 - INFO -
测试集分类报告：
               precision    recall  f1-score   support

         中医器械     1.0000    0.3846    0.5556        26
       临床检验器械     0.8904    0.6500    0.7514       100
       医用康复器械     0.7778    0.6364    0.7000        22
       医用成像器械     0.8692    0.9424    0.9043       973
    医用诊察和监护器械     0.8000    0.9216    0.8565       612
         医用软件     0.7544    0.4725    0.5811        91
   医疗器械消毒灭菌器械     1.0000    0.4000    0.5714        10
        口腔科器械     0.7778    0.6774    0.7241        31
   呼吸、麻醉和急救器械     0.7500    0.2727    0.4000        22
妇产科、辅助生殖和避孕器械     0.9362    0.7458    0.8302        59
       患者承载器械     0.6250    0.5000    0.5556        10
       放射治疗器械     0.8333    0.5000    0.6250        20
       无源手术器械     0.7946    0.8298    0.8119       429
       无源植入器械     0.7105    0.4030    0.5143        67
       有源手术器械     0.7908    0.8203    0.8053       295
       有源植入器械     1.0000    0.0526    0.1000        19
   注输、护理和防护器械     0.6531    0.5981    0.6244       107
       物理治疗器械     0.9000    0.3214    0.4737        28
         眼科器械     0.9419    0.9182    0.9299       159
   神经和心血管手术器械     0.7812    0.8065    0.7937        62
 输血、透析和体外循环器械     1.0000    0.3333    0.5000         9
       骨科手术器械     0.7789    0.7893    0.7841       299

     accuracy                         0.8223      3450
    macro avg     0.8348    0.5898    0.6542      3450
 weighted avg     0.8234    0.8223    0.8128      3450

2026-05-04 12:28:48,623 - INFO - 第 34 轮耗时: 数据搬运=0.2631s, 训练=446.3266s
2026-05-04 12:39:58,931 - INFO - 第 35 轮: 训练损失=501.3500, 训练Acc=0.8029, 训练Macro-F1=0.6451, 验证损失=60.3612, 验证Acc=0.8144, 验证Precision=0.8151, 验证Recall=0.8144, 验证weight-F1=0.8048, 验证Macro-F1=0.6353
2026-05-04 12:40:44,024 - INFO - ========== 测试集评估结果 ==========
2026-05-04 12:40:44,024 - INFO - 第 35 轮: 测试损失=59.9188, 测试Acc=0.8249, 测试Precision=0.8268, 测试Recall=0.8249, 测试weighted-F1=0.8154, 测试Macro-F1=0.6604
2026-05-04 12:40:44,024 - INFO -
测试集分类报告：
               precision    recall  f1-score   support

         中医器械     1.0000    0.4231    0.5946        26
       临床检验器械     0.8590    0.6700    0.7528       100
       医用康复器械     0.7778    0.6364    0.7000        22
       医用成像器械     0.8834    0.9342    0.9081       973
    医用诊察和监护器械     0.7952    0.9265    0.8558       612
         医用软件     0.7333    0.4835    0.5828        91
   医疗器械消毒灭菌器械     1.0000    0.4000    0.5714        10
        口腔科器械     0.7778    0.6774    0.7241        31
   呼吸、麻醉和急救器械     0.7500    0.2727    0.4000        22
妇产科、辅助生殖和避孕器械     0.9184    0.7627    0.8333        59
       患者承载器械     0.6667    0.6000    0.6316        10
       放射治疗器械     0.8333    0.5000    0.6250        20
       无源手术器械     0.7896    0.8485    0.8180       429
       无源植入器械     0.7419    0.3433    0.4694        67
       有源手术器械     0.7806    0.8203    0.8000       295
       有源植入器械     1.0000    0.0526    0.1000        19
   注输、护理和防护器械     0.6989    0.6075    0.6500       107
       物理治疗器械     1.0000    0.3214    0.4865        28
         眼科器械     0.9481    0.9182    0.9329       159
   神经和心血管手术器械     0.8167    0.7903    0.8033        62
 输血、透析和体外循环器械     1.0000    0.3333    0.5000         9
       骨科手术器械     0.7742    0.8027    0.7882       299

     accuracy                         0.8249      3450
    macro avg     0.8429    0.5966    0.6604      3450
 weighted avg     0.8268    0.8249    0.8154      3450

2026-05-04 12:40:44,729 - INFO - 第 35 轮耗时: 数据搬运=0.2657s, 训练=442.8418s
2026-05-04 12:52:00,251 - INFO - 第 36 轮: 训练损失=500.7744, 训练Acc=0.8061, 训练Macro-F1=0.6518, 验证损失=60.2509, 验证Acc=0.8173, 验证Precision=0.8163, 验证Recall=0.8173, 验证weight-F1=0.8081, 验证Macro-F1=0.6424
2026-05-04 12:52:46,912 - INFO - ========== 测试集评估结果 ==========
2026-05-04 12:52:46,912 - INFO - 第 36 轮: 测试损失=59.8073, 测试Acc=0.8238, 测试Precision=0.8249, 测试Recall=0.8238, 测试weighted-F1=0.8147, 测试Macro-F1=0.6582
2026-05-04 12:52:46,912 - INFO -
测试集分类报告：
               precision    recall  f1-score   support

         中医器械     1.0000    0.3846    0.5556        26
       临床检验器械     0.8904    0.6500    0.7514       100
       医用康复器械     0.7895    0.6818    0.7317        22
       医用成像器械     0.8675    0.9424    0.9034       973
    医用诊察和监护器械     0.8063    0.9183    0.8587       612
         医用软件     0.7586    0.4835    0.5906        91
   医疗器械消毒灭菌器械     1.0000    0.4000    0.5714        10
        口腔科器械     0.8077    0.6774    0.7368        31
   呼吸、麻醉和急救器械     0.7500    0.2727    0.4000        22
妇产科、辅助生殖和避孕器械     0.9362    0.7458    0.8302        59
       患者承载器械     0.5714    0.4000    0.4706        10
       放射治疗器械     0.8333    0.5000    0.6250        20
       无源手术器械     0.7956    0.8345    0.8146       429
       无源植入器械     0.7179    0.4179    0.5283        67
       有源手术器械     0.7821    0.8271    0.8040       295
       有源植入器械     1.0000    0.1053    0.1905        19
   注输、护理和防护器械     0.6633    0.6075    0.6341       107
       物理治疗器械     0.9000    0.3214    0.4737        28
         眼科器械     0.9419    0.9182    0.9299       159
   神经和心血管手术器械     0.8136    0.7742    0.7934        62
 输血、透析和体外循环器械     1.0000    0.3333    0.5000         9
       骨科手术器械     0.7796    0.7926    0.7861       299

     accuracy                         0.8238      3450
    macro avg     0.8366    0.5904    0.6582      3450
 weighted avg     0.8249    0.8238    0.8147      3450

2026-05-04 12:52:46,912 - INFO - 第 36 轮耗时: 数据搬运=0.2597s, 训练=444.2771s
2026-05-04 13:04:03,042 - INFO - 第 37 轮: 训练损失=499.5502, 训练Acc=0.8056, 训练Macro-F1=0.6542, 验证损失=60.1659, 验证Acc=0.8162, 验证Precision=0.8156, 验证Recall=0.8162, 验证weight-F1=0.8066, 验证Macro-F1=0.6409
2026-05-04 13:04:47,593 - INFO - ========== 测试集评估结果 ==========
2026-05-04 13:04:47,593 - INFO - 第 37 轮: 测试损失=59.7276, 测试Acc=0.8270, 测试Precision=0.8277, 测试Recall=0.8270, 测试weighted-F1=0.8179, 测试Macro-F1=0.6595
2026-05-04 13:04:47,593 - INFO -
测试集分类报告：
               precision    recall  f1-score   support

         中医器械     1.0000    0.4615    0.6316        26
       临床检验器械     0.8118    0.6900    0.7459       100
       医用康复器械     0.7500    0.6818    0.7143        22
       医用成像器械     0.8787    0.9383    0.9076       973
    医用诊察和监护器械     0.8057    0.9216    0.8598       612
         医用软件     0.7679    0.4725    0.5850        91
   医疗器械消毒灭菌器械     1.0000    0.3000    0.4615        10
        口腔科器械     0.7778    0.6774    0.7241        31
   呼吸、麻醉和急救器械     0.7500    0.2727    0.4000        22
妇产科、辅助生殖和避孕器械     0.9216    0.7966    0.8545        59
       患者承载器械     0.6667    0.6000    0.6316        10
       放射治疗器械     0.8333    0.5000    0.6250        20
       无源手术器械     0.7713    0.8648    0.8154       429
       无源植入器械     0.7250    0.4328    0.5421        67
       有源手术器械     0.8087    0.8169    0.8128       295
       有源植入器械     1.0000    0.1053    0.1905        19
   注输、护理和防护器械     0.7126    0.5794    0.6392       107
       物理治疗器械     0.9000    0.3214    0.4737        28
         眼科器械     0.9419    0.9182    0.9299       159
   神经和心血管手术器械     0.8095    0.8226    0.8160        62
 输血、透析和体外循环器械     1.0000    0.2222    0.3636         9
       骨科手术器械     0.7966    0.7726    0.7844       299

     accuracy                         0.8270      3450
    macro avg     0.8377    0.5986    0.6595      3450
 weighted avg     0.8277    0.8270    0.8179      3450

2026-05-04 13:04:47,594 - INFO - 第 37 轮耗时: 数据搬运=0.2821s, 训练=449.3222s
2026-05-04 13:17:39,751 - INFO - 第 38 轮: 训练损失=499.2617, 训练Acc=0.8065, 训练Macro-F1=0.6577, 验证损失=60.0783, 验证Acc=0.8199, 验证Precision=0.8192, 验证Recall=0.8199, 验证weight-F1=0.8106, 验证Macro-F1=0.6429
2026-05-04 13:19:49,126 - INFO - ========== 测试集评估结果 ==========
2026-05-04 13:19:49,126 - INFO - 第 38 轮: 测试损失=59.6552, 测试Acc=0.8270, 测试Precision=0.8277, 测试Recall=0.8270, 测试weighted-F1=0.8183, 测试Macro-F1=0.6647
2026-05-04 13:19:49,126 - INFO -
测试集分类报告：
               precision    recall  f1-score   support

         中医器械     1.0000    0.4615    0.6316        26
       临床检验器械     0.8701    0.6700    0.7571       100
       医用康复器械     0.7895    0.6818    0.7317        22
       医用成像器械     0.8770    0.9383    0.9067       973
    医用诊察和监护器械     0.8069    0.9216    0.8604       612
         医用软件     0.7541    0.5055    0.6053        91
   医疗器械消毒灭菌器械     1.0000    0.3000    0.4615        10
        口腔科器械     0.7778    0.6774    0.7241        31
   呼吸、麻醉和急救器械     0.7500    0.2727    0.4000        22
妇产科、辅助生殖和避孕器械     0.9200    0.7797    0.8440        59
       患者承载器械     0.6000    0.6000    0.6000        10
       放射治疗器械     0.8333    0.5000    0.6250        20
       无源手术器械     0.7845    0.8485    0.8152       429
       无源植入器械     0.7105    0.4030    0.5143        67
       有源手术器械     0.7915    0.8237    0.8073       295
       有源植入器械     1.0000    0.1053    0.1905        19
   注输、护理和防护器械     0.6842    0.6075    0.6436       107
       物理治疗器械     0.9000    0.3214    0.4737        28
         眼科器械     0.9423    0.9245    0.9333       159
   神经和心血管手术器械     0.8305    0.7903    0.8099        62
 输血、透析和体外循环器械     1.0000    0.3333    0.5000         9
       骨科手术器械     0.7912    0.7860    0.7886       299

     accuracy                         0.8270      3450
    macro avg     0.8370    0.6024    0.6647      3450
 weighted avg     0.8277    0.8270    0.8183      3450

2026-05-04 13:19:50,356 - INFO - 第 38 轮耗时: 数据搬运=0.3182s, 训练=467.3754s
2026-05-04 13:43:46,957 - INFO - 第 39 轮: 训练损失=498.5115, 训练Acc=0.8060, 训练Macro-F1=0.6516, 验证损失=60.1532, 验证Acc=0.8168, 验证Precision=0.8163, 验证Recall=0.8168, 验证weight-F1=0.8064, 验证Macro-F1=0.6389
2026-05-04 13:45:04,139 - INFO - ========== 测试集评估结果 ==========
2026-05-04 13:45:04,140 - INFO - 第 39 轮: 测试损失=59.7359, 测试Acc=0.8272, 测试Precision=0.8293, 测试Recall=0.8272, 测试weighted-F1=0.8176, 测试Macro-F1=0.6696
2026-05-04 13:45:04,140 - INFO -
测试集分类报告：
               precision    recall  f1-score   support

         中医器械     1.0000    0.4615    0.6316        26
       临床检验器械     0.8667    0.6500    0.7429       100
       医用康复器械     0.7368    0.6364    0.6829        22
       医用成像器械     0.8748    0.9404    0.9064       973
    医用诊察和监护器械     0.7969    0.9297    0.8582       612
         医用软件     0.7455    0.4505    0.5616        91
   医疗器械消毒灭菌器械     1.0000    0.5000    0.6667        10
        口腔科器械     0.8077    0.6774    0.7368        31
   呼吸、麻醉和急救器械     0.8571    0.2727    0.4138        22
妇产科、辅助生殖和避孕器械     0.9200    0.7797    0.8440        59
       患者承载器械     0.6000    0.6000    0.6000        10
       放射治疗器械     0.8333    0.5000    0.6250        20
       无源手术器械     0.7926    0.8462    0.8185       429
       无源植入器械     0.7576    0.3731    0.5000        67
       有源手术器械     0.7993    0.8237    0.8114       295
       有源植入器械     1.0000    0.0526    0.1000        19
   注输、护理和防护器械     0.7356    0.5981    0.6598       107
       物理治疗器械     1.0000    0.3571    0.5263        28
         眼科器械     0.9419    0.9182    0.9299       159
   神经和心血管手术器械     0.8361    0.8226    0.8293        62
 输血、透析和体外循环器械     1.0000    0.3333    0.5000         9
       骨科手术器械     0.7752    0.7960    0.7855       299

     accuracy                         0.8272      3450
    macro avg     0.8490    0.6054    0.6696      3450
 weighted avg     0.8293    0.8272    0.8176      3450

2026-05-04 13:45:05,496 - INFO - 第 39 轮耗时: 数据搬运=1.8167s, 训练=1026.0798s
2026-05-04 14:04:14,341 - INFO - 第 40 轮: 训练损失=498.4504, 训练Acc=0.8074, 训练Macro-F1=0.6571, 验证损失=59.9264, 验证Acc=0.8199, 验证Precision=0.8195, 验证Recall=0.8199, 验证weight-F1=0.8112, 验证Macro-F1=0.6461
2026-05-04 14:05:31,482 - INFO - ========== 测试集评估结果 ==========
2026-05-04 14:05:31,482 - INFO - 第 40 轮: 测试损失=59.5319, 测试Acc=0.8275, 测试Precision=0.8283, 测试Recall=0.8275, 测试weighted-F1=0.8194, 测试Macro-F1=0.6775
2026-05-04 14:05:31,482 - INFO -
测试集分类报告：
               precision    recall  f1-score   support

         中医器械     1.0000    0.4615    0.6316        26
       临床检验器械     0.8816    0.6700    0.7614       100
       医用康复器械     0.7895    0.6818    0.7317        22
       医用成像器械     0.8780    0.9394    0.9076       973
    医用诊察和监护器械     0.8139    0.9216    0.8644       612
         医用软件     0.7460    0.5165    0.6104        91
   医疗器械消毒灭菌器械     1.0000    0.5000    0.6667        10
        口腔科器械     0.7586    0.7097    0.7333        31
   呼吸、麻醉和急救器械     0.7500    0.2727    0.4000        22
妇产科、辅助生殖和避孕器械     0.9216    0.7966    0.8545        59
       患者承载器械     0.6667    0.6000    0.6316        10
       放射治疗器械     0.8333    0.5000    0.6250        20
       无源手术器械     0.8032    0.8089    0.8060       429
       无源植入器械     0.7179    0.4179    0.5283        67
       有源手术器械     0.7688    0.8339    0.8000       295
       有源植入器械     1.0000    0.1053    0.1905        19
   注输、护理和防护器械     0.7143    0.6075    0.6566       107
       物理治疗器械     0.9000    0.3214    0.4737        28
         眼科器械     0.9484    0.9245    0.9363       159
   神经和心血管手术器械     0.7969    0.8226    0.8095        62
 输血、透析和体外循环器械     1.0000    0.3333    0.5000         9
       骨科手术器械     0.7658    0.8094    0.7870       299

     accuracy                         0.8275      3450
    macro avg     0.8388    0.6161    0.6775      3450
 weighted avg     0.8283    0.8275    0.8194      3450

2026-05-04 14:05:32,850 - INFO - 第 40 轮耗时: 数据搬运=0.5664s, 训练=788.0111s
