2026-05-04 00:42:22,580 - INFO - 开始加载数据集，共 2 个文件
2026-05-04 00:42:22,581 - INFO - 读取文件: ./返修/数据集_D2_D3高置信.parquet
2026-05-04 00:42:24,068 - INFO - 读取文件: ./返修/增强数据集_输血透析体外循环.parquet
2026-05-04 00:42:24,082 - INFO - 合并后数据量: 34493 条
2026-05-04 00:42:24,098 - INFO - last_label
医用成像器械           9732
医用诊察和监护器械        6115
无源手术器械           4288
骨科手术器械           2992
有源手术器械           2949
眼科器械             1591
注输、护理和防护器械       1063
临床检验器械           1002
医用软件              911
无源植入器械            663
神经和心血管手术器械        616
妇产科、辅助生殖和避孕器械     584
口腔科器械             308
物理治疗器械            282
中医器械              263
呼吸、麻醉和急救器械        220
医用康复器械            220
放射治疗器械            203
有源植入器械            193
患者承载器械            107
医疗器械消毒灭菌器械         98
输血、透析和体外循环器械       93
Name: count, dtype: int64
2026-05-04 00:42:24,182 - INFO - ['中医器械', '临床检验器械', '医用康复器械', '医用成像器械', '医用诊察和监护器械', '医用软件', '医疗器械消毒灭菌器械', '口腔科器械', '呼吸、麻醉和急救器械', '妇产科、辅助生殖和避孕器械', '患者承载器械', '放射治疗器械', '无源手术器械', '无源植入器械', '有源手术器械', '有源植入器械', '注输、护理和防护器械', '物理治疗器械', '眼科器械', '神经和心血管手术器械', '输血、透析和体外循环器械', '骨科手术器械']
2026-05-04 01:06:08,171 - INFO - 第 1 轮: 训练损失=748.3179, 训练Acc=0.6302, 训练Macro-F1=0.2299, 验证损失=64.7307, 验证Acc=0.7921, 验证Precision=0.7586, 验证Recall=0.7921, 验证weight-F1=0.7534, 验证Macro-F1=0.3686
2026-05-04 01:07:33,311 - INFO - ========== 测试集评估结果 ==========
2026-05-04 01:07:33,311 - INFO - 第 1 轮: 测试损失=63.8556, 测试Acc=0.7954, 测试Precision=0.7459, 测试Recall=0.7954, 测试weighted-F1=0.7553, 测试Macro-F1=0.3693
2026-05-04 01:07:33,311 - INFO -
测试集分类报告：
               precision    recall  f1-score   support

         中医器械     0.0000    0.0000    0.0000        26
       临床检验器械     0.8421    0.4800    0.6115       100
       医用康复器械     0.0000    0.0000    0.0000        22
       医用成像器械     0.8688    0.9661    0.9148       973
    医用诊察和监护器械     0.7484    0.9477    0.8363       612
         医用软件     0.7188    0.2527    0.3740        91
   医疗器械消毒灭菌器械     0.0000    0.0000    0.0000        10
        口腔科器械     0.9091    0.3226    0.4762        31
   呼吸、麻醉和急救器械     0.0000    0.0000    0.0000        22
妇产科、辅助生殖和避孕器械     1.0000    0.1356    0.2388        59
       患者承载器械     0.0000    0.0000    0.0000        10
       放射治疗器械     0.0000    0.0000    0.0000        20
       无源手术器械     0.7389    0.8904    0.8076       429
       无源植入器械     0.0000    0.0000    0.0000        67
       有源手术器械     0.7948    0.8271    0.8106       295
       有源植入器械     0.0000    0.0000    0.0000        19
   注输、护理和防护器械     0.6200    0.5794    0.5990       107
       物理治疗器械     0.0000    0.0000    0.0000        28
         眼科器械     0.8982    0.9434    0.9202       159
   神经和心血管手术器械     0.7963    0.6935    0.7414        62
 输血、透析和体外循环器械     0.0000    0.0000    0.0000         9
       骨科手术器械     0.7471    0.8495    0.7950       299

     accuracy                         0.7954      3450
    macro avg     0.4401    0.3586    0.3693      3450
 weighted avg     0.7459    0.7954    0.7553      3450

2026-05-04 01:07:34,353 - INFO - 第 1 轮耗时: 数据搬运=1.1276s, 训练=1028.2845s
2026-05-04 01:32:37,775 - INFO - 第 2 轮: 训练损失=520.2576, 训练Acc=0.8049, 训练Macro-F1=0.4458, 验证损失=56.3850, 验证Acc=0.8446, 验证Precision=0.8357, 验证Recall=0.8446, 验证weight-F1=0.8240, 验证Macro-F1=0.5265
2026-05-04 01:34:05,056 - INFO - ========== 测试集评估结果 ==========
2026-05-04 01:34:05,056 - INFO - 第 2 轮: 测试损失=55.8712, 测试Acc=0.8446, 测试Precision=0.8374, 测试Recall=0.8446, 测试weighted-F1=0.8229, 测试Macro-F1=0.5188
2026-05-04 01:34:05,056 - INFO -
测试集分类报告：
               precision    recall  f1-score   support

         中医器械     1.0000    0.1154    0.2069        26
       临床检验器械     0.8608    0.6800    0.7598       100
       医用康复器械     0.8182    0.4091    0.5455        22
       医用成像器械     0.9081    0.9753    0.9405       973
    医用诊察和监护器械     0.7683    0.9755    0.8596       612
         医用软件     0.7561    0.3407    0.4697        91
   医疗器械消毒灭菌器械     0.0000    0.0000    0.0000        10
        口腔科器械     0.9167    0.7097    0.8000        31
   呼吸、麻醉和急救器械     0.0000    0.0000    0.0000        22
妇产科、辅助生殖和避孕器械     0.9286    0.6610    0.7723        59
       患者承载器械     0.0000    0.0000    0.0000        10
       放射治疗器械     1.0000    0.2000    0.3333        20
       无源手术器械     0.8046    0.9021    0.8505       429
       无源植入器械     0.7917    0.2836    0.4176        67
       有源手术器械     0.8790    0.8373    0.8576       295
       有源植入器械     1.0000    0.0526    0.1000        19
   注输、护理和防护器械     0.6916    0.6916    0.6916       107
       物理治疗器械     1.0000    0.1071    0.1935        28
         眼科器械     0.9451    0.9748    0.9598       159
   神经和心血管手术器械     0.8276    0.7742    0.8000        62
 输血、透析和体外循环器械     0.0000    0.0000    0.0000         9
       骨科手术器械     0.8459    0.8629    0.8543       299

     accuracy                         0.8446      3450
    macro avg     0.7156    0.4797    0.5188      3450
 weighted avg     0.8374    0.8446    0.8229      3450

2026-05-04 01:34:05,969 - INFO - 第 2 轮耗时: 数据搬运=0.9897s, 训练=1078.3693s
2026-05-04 01:59:25,693 - INFO - 第 3 轮: 训练损失=464.5262, 训练Acc=0.8507, 训练Macro-F1=0.5879, 验证损失=52.9937, 验证Acc=0.8631, 验证Precision=0.8609, 验证Recall=0.8631, 验证weight-F1=0.8487, 验证Macro-F1=0.6298
2026-05-04 02:00:51,437 - INFO - ========== 测试集评估结果 ==========
2026-05-04 02:00:51,438 - INFO - 第 3 轮: 测试损失=52.5555, 测试Acc=0.8696, 测试Precision=0.8681, 测试Recall=0.8696, 测试weighted-F1=0.8553, 测试Macro-F1=0.6155
2026-05-04 02:00:51,438 - INFO -
测试集分类报告：
               precision    recall  f1-score   support

         中医器械     1.0000    0.4231    0.5946        26
       临床检验器械     0.8681    0.7900    0.8272       100
       医用康复器械     0.7222    0.5909    0.6500        22
       医用成像器械     0.9090    0.9856    0.9458       973
    医用诊察和监护器械     0.8542    0.9575    0.9029       612
         医用软件     0.7647    0.5714    0.6541        91
   医疗器械消毒灭菌器械     1.0000    0.2000    0.3333        10
        口腔科器械     0.7812    0.8065    0.7937        31
   呼吸、麻醉和急救器械     0.7500    0.1364    0.2308        22
妇产科、辅助生殖和避孕器械     0.8793    0.8644    0.8718        59
       患者承载器械     0.0000    0.0000    0.0000        10
       放射治疗器械     1.0000    0.4000    0.5714        20
       无源手术器械     0.8438    0.8811    0.8620       429
       无源植入器械     1.0000    0.2836    0.4419        67
       有源手术器械     0.8758    0.8847    0.8803       295
       有源植入器械     1.0000    0.1053    0.1905        19
   注输、护理和防护器械     0.8718    0.6355    0.7351       107
       物理治疗器械     1.0000    0.2857    0.4444        28
         眼科器械     0.9451    0.9748    0.9598       159
   神经和心血管手术器械     0.7846    0.8226    0.8031        62
 输血、透析和体外循环器械     0.0000    0.0000    0.0000         9
       骨科手术器械     0.8030    0.8997    0.8486       299

     accuracy                         0.8696      3450
    macro avg     0.8024    0.5681    0.6155      3450
 weighted avg     0.8681    0.8696    0.8553      3450

2026-05-04 02:00:52,426 - INFO - 第 3 轮耗时: 数据搬运=0.9262s, 训练=1089.9148s
2026-05-04 02:26:15,076 - INFO - 第 4 轮: 训练损失=436.1721, 训练Acc=0.8744, 训练Macro-F1=0.6736, 验证损失=51.2741, 验证Acc=0.8791, 验证Precision=0.8752, 验证Recall=0.8791, 验证weight-F1=0.8694, 验证Macro-F1=0.6725
2026-05-04 02:27:37,222 - INFO - ========== 测试集评估结果 ==========
2026-05-04 02:27:37,222 - INFO - 第 4 轮: 测试损失=50.9555, 测试Acc=0.8765, 测试Precision=0.8819, 测试Recall=0.8765, 测试weighted-F1=0.8657, 测试Macro-F1=0.6648
2026-05-04 02:27:37,222 - INFO -
测试集分类报告：
               precision    recall  f1-score   support

         中医器械     1.0000    0.3846    0.5556        26
       临床检验器械     0.8929    0.7500    0.8152       100
       医用康复器械     0.8333    0.6818    0.7500        22
       医用成像器械     0.9367    0.9733    0.9546       973
    医用诊察和监护器械     0.8068    0.9755    0.8831       612
         医用软件     0.7463    0.5495    0.6329        91
   医疗器械消毒灭菌器械     1.0000    0.4000    0.5714        10
        口腔科器械     0.7812    0.8065    0.7937        31
   呼吸、麻醉和急救器械     1.0000    0.0455    0.0870        22
妇产科、辅助生殖和避孕器械     0.9138    0.8983    0.9060        59
       患者承载器械     1.0000    0.1000    0.1818        10
       放射治疗器械     1.0000    0.5000    0.6667        20
       无源手术器械     0.8632    0.8974    0.8800       429
       无源植入器械     0.9118    0.4627    0.6139        67
       有源手术器械     0.9031    0.8847    0.8938       295
       有源植入器械     1.0000    0.2105    0.3478        19
   注输、护理和防护器械     0.8659    0.6636    0.7513       107
       物理治疗器械     1.0000    0.3571    0.5263        28
         眼科器械     0.9568    0.9748    0.9657       159
   神经和心血管手术器械     0.8103    0.7581    0.7833        62
 输血、透析和体外循环器械     1.0000    0.1111    0.2000         9
       骨科手术器械     0.8262    0.9064    0.8644       299

     accuracy                         0.8765      3450
    macro avg     0.9113    0.6042    0.6648      3450
 weighted avg     0.8819    0.8765    0.8657      3450

2026-05-04 02:27:38,113 - INFO - 第 4 轮耗时: 数据搬运=1.0266s, 训练=1096.5301s
2026-05-04 02:52:52,242 - INFO - 第 5 轮: 训练损失=414.8949, 训练Acc=0.8924, 训练Macro-F1=0.7249, 验证损失=49.7660, 验证Acc=0.8866, 验证Precision=0.8853, 验证Recall=0.8866, 验证weight-F1=0.8791, 验证Macro-F1=0.7134
2026-05-04 02:54:20,707 - INFO - ========== 测试集评估结果 ==========
2026-05-04 02:54:20,707 - INFO - 第 5 轮: 测试损失=49.3443, 测试Acc=0.8872, 测试Precision=0.8885, 测试Recall=0.8872, 测试weighted-F1=0.8803, 测试Macro-F1=0.7292
2026-05-04 02:54:20,708 - INFO -
测试集分类报告：
               precision    recall  f1-score   support

         中医器械     1.0000    0.6154    0.7619        26
       临床检验器械     0.8851    0.7700    0.8235       100
       医用康复器械     0.7895    0.6818    0.7317        22
       医用成像器械     0.9543    0.9651    0.9596       973
    医用诊察和监护器械     0.8361    0.9755    0.9005       612
         医用软件     0.8125    0.5714    0.6710        91
   医疗器械消毒灭菌器械     1.0000    0.6000    0.7500        10
        口腔科器械     0.8621    0.8065    0.8333        31
   呼吸、麻醉和急救器械     0.6000    0.1364    0.2222        22
妇产科、辅助生殖和避孕器械     0.8983    0.8983    0.8983        59
       患者承载器械     1.0000    0.2000    0.3333        10
       放射治疗器械     0.8125    0.6500    0.7222        20
       无源手术器械     0.8295    0.9184    0.8717       429
       无源植入器械     0.9459    0.5224    0.6731        67
       有源手术器械     0.8774    0.9220    0.8992       295
       有源植入器械     0.9091    0.5263    0.6667        19
   注输、护理和防护器械     0.8539    0.7103    0.7755       107
       物理治疗器械     0.9091    0.3571    0.5128        28
         眼科器械     0.9571    0.9811    0.9689       159
   神经和心血管手术器械     0.8254    0.8387    0.8320        62
 输血、透析和体外循环器械     1.0000    0.2222    0.3636         9
       骨科手术器械     0.8889    0.8562    0.8722       299

     accuracy                         0.8872      3450
    macro avg     0.8839    0.6693    0.7292      3450
 weighted avg     0.8885    0.8872    0.8803      3450

2026-05-04 02:54:21,563 - INFO - 第 5 轮耗时: 数据搬运=0.9948s, 训练=1077.4672s
2026-05-04 03:19:18,767 - INFO - 第 6 轮: 训练损失=399.9348, 训练Acc=0.9066, 训练Macro-F1=0.7697, 验证损失=48.9233, 验证Acc=0.8921, 验证Precision=0.8925, 验证Recall=0.8921, 验证weight-F1=0.8867, 验证Macro-F1=0.7319
2026-05-04 03:20:42,965 - INFO - ========== 测试集评估结果 ==========
2026-05-04 03:20:42,965 - INFO - 第 6 轮: 测试损失=48.5683, 测试Acc=0.8942, 测试Precision=0.8935, 测试Recall=0.8942, 测试weighted-F1=0.8884, 测试Macro-F1=0.7461
2026-05-04 03:20:42,965 - INFO -
测试集分类报告：
               precision    recall  f1-score   support

         中医器械     1.0000    0.6923    0.8182        26
       临床检验器械     0.8804    0.8100    0.8438       100
       医用康复器械     0.8421    0.7273    0.7805        22
       医用成像器械     0.9292    0.9846    0.9561       973
    医用诊察和监护器械     0.8741    0.9641    0.9169       612
         医用软件     0.7973    0.6484    0.7152        91
   医疗器械消毒灭菌器械     0.9000    0.9000    0.9000        10
        口腔科器械     0.8438    0.8710    0.8571        31
   呼吸、麻醉和急救器械     0.4000    0.1818    0.2500        22
妇产科、辅助生殖和避孕器械     0.8983    0.8983    0.8983        59
       患者承载器械     1.0000    0.2000    0.3333        10
       放射治疗器械     0.9167    0.5500    0.6875        20
       无源手术器械     0.9270    0.8578    0.8910       429
       无源植入器械     0.8571    0.6269    0.7241        67
       有源手术器械     0.9059    0.8814    0.8935       295
       有源植入器械     1.0000    0.4211    0.5926        19
   注输、护理和防护器械     0.8000    0.7477    0.7729       107
       物理治疗器械     0.9167    0.3929    0.5500        28
         眼科器械     0.9512    0.9811    0.9659       159
   神经和心血管手术器械     0.8596    0.7903    0.8235        62
 输血、透析和体外循环器械     1.0000    0.2222    0.3636         9
       骨科手术器械     0.8265    0.9398    0.8795       299

     accuracy                         0.8942      3450
    macro avg     0.8784    0.6949    0.7461      3450
 weighted avg     0.8935    0.8942    0.8884      3450

2026-05-04 03:20:44,084 - INFO - 第 6 轮耗时: 数据搬运=0.9209s, 训练=1075.7855s
2026-05-04 03:45:57,885 - INFO - 第 7 轮: 训练损失=387.2851, 训练Acc=0.9189, 训练Macro-F1=0.8028, 验证损失=48.1546, 验证Acc=0.8994, 验证Precision=0.8991, 验证Recall=0.8994, 验证weight-F1=0.8946, 验证Macro-F1=0.7726
2026-05-04 03:47:25,841 - INFO - ========== 测试集评估结果 ==========
2026-05-04 03:47:25,842 - INFO - 第 7 轮: 测试损失=47.9328, 测试Acc=0.9014, 测试Precision=0.9010, 测试Recall=0.9014, 测试weighted-F1=0.8978, 测试Macro-F1=0.8020
2026-05-04 03:47:25,842 - INFO -
测试集分类报告：
               precision    recall  f1-score   support

         中医器械     1.0000    0.7692    0.8696        26
       临床检验器械     0.8632    0.8200    0.8410       100
       医用康复器械     0.7083    0.7727    0.7391        22
       医用成像器械     0.9401    0.9836    0.9613       973
    医用诊察和监护器械     0.8810    0.9673    0.9221       612
         医用软件     0.8868    0.5165    0.6528        91
   医疗器械消毒灭菌器械     1.0000    0.8000    0.8889        10
        口腔科器械     0.8438    0.8710    0.8571        31
   呼吸、麻醉和急救器械     0.5882    0.4545    0.5128        22
妇产科、辅助生殖和避孕器械     0.8983    0.8983    0.8983        59
       患者承载器械     1.0000    0.6000    0.7500        10
       放射治疗器械     0.8571    0.6000    0.7059        20
       无源手术器械     0.8637    0.9161    0.8891       429
       无源植入器械     0.8750    0.7313    0.7967        67
       有源手术器械     0.9140    0.8644    0.8885       295
       有源植入器械     0.9167    0.5789    0.7097        19
   注输、护理和防护器械     0.8750    0.7196    0.7897       107
       物理治疗器械     0.8889    0.5714    0.6957        28
         眼科器械     0.9512    0.9811    0.9659       159
   神经和心血管手术器械     0.8387    0.8387    0.8387        62
 输血、透析和体外循环器械     0.8000    0.4444    0.5714         9
       骨科手术器械     0.9078    0.8896    0.8986       299

     accuracy                         0.9014      3450
    macro avg     0.8772    0.7540    0.8020      3450
 weighted avg     0.9010    0.9014    0.8978      3450

2026-05-04 03:47:27,137 - INFO - 第 7 轮耗时: 数据搬运=0.9201s, 训练=1083.6624s
2026-05-04 04:12:29,637 - INFO - 第 8 轮: 训练损失=376.0465, 训练Acc=0.9286, 训练Macro-F1=0.8338, 验证损失=47.3487, 验证Acc=0.9029, 验证Precision=0.9035, 验证Recall=0.9029, 验证weight-F1=0.8998, 验证Macro-F1=0.7819
2026-05-04 04:13:52,833 - INFO - ========== 测试集评估结果 ==========
2026-05-04 04:13:52,833 - INFO - 第 8 轮: 测试损失=47.3069, 测试Acc=0.9072, 测试Precision=0.9068, 测试Recall=0.9072, 测试weighted-F1=0.9041, 测试Macro-F1=0.8003
2026-05-04 04:13:52,833 - INFO -
测试集分类报告：
               precision    recall  f1-score   support

         中医器械     1.0000    0.8077    0.8936        26
       临床检验器械     0.8515    0.8600    0.8557       100
       医用康复器械     0.8500    0.7727    0.8095        22
       医用成像器械     0.9502    0.9805    0.9651       973
    医用诊察和监护器械     0.8870    0.9624    0.9232       612
         医用软件     0.6989    0.7143    0.7065        91
   医疗器械消毒灭菌器械     1.0000    0.8000    0.8889        10
        口腔科器械     0.8966    0.8387    0.8667        31
   呼吸、麻醉和急救器械     0.7143    0.2273    0.3448        22
妇产科、辅助生殖和避孕器械     0.9000    0.9153    0.9076        59
       患者承载器械     1.0000    0.6000    0.7500        10
       放射治疗器械     0.8667    0.6500    0.7429        20
       无源手术器械     0.8958    0.9021    0.8990       429
       无源植入器械     0.8281    0.7910    0.8092        67
       有源手术器械     0.9064    0.9186    0.9125       295
       有源植入器械     0.9091    0.5263    0.6667        19
   注输、护理和防护器械     0.8265    0.7570    0.7902       107
       物理治疗器械     0.9333    0.5000    0.6512        28
         眼科器械     0.9509    0.9748    0.9627       159
   神经和心血管手术器械     0.8814    0.8387    0.8595        62
 输血、透析和体外循环器械     1.0000    0.3333    0.5000         9
       骨科手术器械     0.9353    0.8696    0.9012       299

     accuracy                         0.9072      3450
    macro avg     0.8946    0.7518    0.8003      3450
 weighted avg     0.9068    0.9072    0.9041      3450

2026-05-04 04:13:52,833 - INFO - 第 8 轮耗时: 数据搬运=0.9265s, 训练=1080.1757s
2026-05-04 04:39:08,006 - INFO - 第 9 轮: 训练损失=366.3966, 训练Acc=0.9402, 训练Macro-F1=0.8601, 验证损失=47.2786, 验证Acc=0.9037, 验证Precision=0.9043, 验证Recall=0.9037, 验证weight-F1=0.8991, 验证Macro-F1=0.7800
2026-05-04 04:40:37,876 - INFO - ========== 测试集评估结果 ==========
2026-05-04 04:40:37,877 - INFO - 第 9 轮: 测试损失=47.1668, 测试Acc=0.9064, 测试Precision=0.9051, 测试Recall=0.9064, 测试weighted-F1=0.9020, 测试Macro-F1=0.8043
2026-05-04 04:40:37,877 - INFO -
测试集分类报告：
               precision    recall  f1-score   support

         中医器械     1.0000    0.8846    0.9388        26
       临床检验器械     0.8737    0.8300    0.8513       100
       医用康复器械     0.8095    0.7727    0.7907        22
       医用成像器械     0.9376    0.9877    0.9620       973
    医用诊察和监护器械     0.8828    0.9722    0.9253       612
         医用软件     0.8846    0.5055    0.6434        91
   医疗器械消毒灭菌器械     0.9000    0.9000    0.9000        10
        口腔科器械     0.8710    0.8710    0.8710        31
   呼吸、麻醉和急救器械     0.6000    0.2727    0.3750        22
妇产科、辅助生殖和避孕器械     0.8983    0.8983    0.8983        59
       患者承载器械     1.0000    0.6000    0.7500        10
       放射治疗器械     0.8750    0.7000    0.7778        20
       无源手术器械     0.9106    0.9021    0.9063       429
       无源植入器械     0.9167    0.6567    0.7652        67
       有源手术器械     0.9138    0.8983    0.9060       295
       有源植入器械     0.9091    0.5263    0.6667        19
   注输、护理和防护器械     0.7778    0.7850    0.7814       107
       物理治疗器械     0.9412    0.5714    0.7111        28
         眼科器械     0.9512    0.9811    0.9659       159
   神经和心血管手术器械     0.8500    0.8226    0.8361        62
 输血、透析和体外循环器械     0.8000    0.4444    0.5714         9
       骨科手术器械     0.9000    0.9030    0.9015       299

     accuracy                         0.9064      3450
    macro avg     0.8819    0.7584    0.8043      3450
 weighted avg     0.9051    0.9064    0.9020      3450

2026-05-04 04:40:39,197 - INFO - 第 9 轮耗时: 数据搬运=0.9118s, 训练=1080.8495s
2026-05-04 05:05:56,251 - INFO - 第 10 轮: 训练损失=358.6145, 训练Acc=0.9465, 训练Macro-F1=0.8745, 验证损失=46.8716, 验证Acc=0.9092, 验证Precision=0.9103, 验证Recall=0.9092, 验证weight-F1=0.9050, 验证Macro-F1=0.7967
2026-05-04 05:07:19,181 - INFO - ========== 测试集评估结果 ==========
2026-05-04 05:07:19,182 - INFO - 第 10 轮: 测试损失=46.8279, 测试Acc=0.9043, 测试Precision=0.9038, 测试Recall=0.9043, 测试weighted-F1=0.8993, 测试Macro-F1=0.7972
2026-05-04 05:07:19,182 - INFO -
测试集分类报告：
               precision    recall  f1-score   support

         中医器械     1.0000    0.8462    0.9167        26
       临床检验器械     0.8925    0.8300    0.8601       100
       医用康复器械     0.7895    0.6818    0.7317        22
       医用成像器械     0.9421    0.9866    0.9639       973
    医用诊察和监护器械     0.8617    0.9771    0.9158       612
         医用软件     0.8571    0.4615    0.6000        91
   医疗器械消毒灭菌器械     0.9000    0.9000    0.9000        10
        口腔科器械     0.8621    0.8065    0.8333        31
   呼吸、麻醉和急救器械     0.7500    0.2727    0.4000        22
妇产科、辅助生殖和避孕器械     0.9153    0.9153    0.9153        59
       患者承载器械     1.0000    0.6000    0.7500        10
       放射治疗器械     0.9231    0.6000    0.7273        20
       无源手术器械     0.9272    0.8904    0.9084       429
       无源植入器械     0.9318    0.6119    0.7387        67
       有源手术器械     0.9298    0.8983    0.9138       295
       有源植入器械     0.9231    0.6316    0.7500        19
   注输、护理和防护器械     0.7981    0.7757    0.7867       107
       物理治疗器械     0.8000    0.5714    0.6667        28
         眼科器械     0.9458    0.9874    0.9662       159
   神经和心血管手术器械     0.8125    0.8387    0.8254        62
 输血、透析和体外循环器械     0.8000    0.4444    0.5714         9
       骨科手术器械     0.8734    0.9231    0.8976       299

     accuracy                         0.9043      3450
    macro avg     0.8834    0.7478    0.7972      3450
 weighted avg     0.9038    0.9043    0.8993      3450

2026-05-04 05:07:19,182 - INFO - 第 10 轮耗时: 数据搬运=0.9801s, 训练=1090.6209s
2026-05-04 05:32:35,914 - INFO - 第 11 轮: 训练损失=352.3770, 训练Acc=0.9530, 训练Macro-F1=0.8949, 验证损失=46.5590, 验证Acc=0.9101, 验证Precision=0.9112, 验证Recall=0.9101, 验证weight-F1=0.9069, 验证Macro-F1=0.8054
2026-05-04 05:34:01,295 - INFO - ========== 测试集评估结果 ==========
2026-05-04 05:34:01,295 - INFO - 第 11 轮: 测试损失=46.7915, 测试Acc=0.9072, 测试Precision=0.9062, 测试Recall=0.9072, 测试weighted-F1=0.9033, 测试Macro-F1=0.8159
2026-05-04 05:34:01,295 - INFO -
测试集分类报告：
               precision    recall  f1-score   support

         中医器械     1.0000    0.8077    0.8936        26
       临床检验器械     0.9011    0.8200    0.8586       100
       医用康复器械     0.8000    0.7273    0.7619        22
       医用成像器械     0.9420    0.9856    0.9633       973
    医用诊察和监护器械     0.8590    0.9755    0.9135       612
         医用软件     0.8333    0.4945    0.6207        91
   医疗器械消毒灭菌器械     1.0000    0.8000    0.8889        10
        口腔科器械     0.8710    0.8710    0.8710        31
   呼吸、麻醉和急救器械     0.6667    0.2727    0.3871        22
妇产科、辅助生殖和避孕器械     0.9153    0.9153    0.9153        59
       患者承载器械     1.0000    0.6000    0.7500        10
       放射治疗器械     0.9286    0.6500    0.7647        20
       无源手术器械     0.9076    0.8928    0.9001       429
       无源植入器械     0.8889    0.8358    0.8615        67
       有源手术器械     0.9097    0.8881    0.8988       295
       有源植入器械     0.9231    0.6316    0.7500        19
   注输、护理和防护器械     0.8351    0.7570    0.7941       107
       物理治疗器械     0.8000    0.5714    0.6667        28
         眼科器械     0.9688    0.9748    0.9718       159
   神经和心血管手术器械     0.8182    0.8710    0.8438        62
 输血、透析和体外循环器械     0.8571    0.6667    0.7500         9
       骨科手术器械     0.9410    0.9064    0.9233       299

     accuracy                         0.9072      3450
    macro avg     0.8894    0.7689    0.8159      3450
 weighted avg     0.9062    0.9072    0.9033      3450

2026-05-04 05:34:02,584 - INFO - 第 11 轮耗时: 数据搬运=0.9458s, 训练=1079.9880s
2026-05-04 05:59:48,639 - INFO - 第 12 轮: 训练损失=345.2278, 训练Acc=0.9608, 训练Macro-F1=0.9118, 验证损失=46.3061, 验证Acc=0.9145, 验证Precision=0.9140, 验证Recall=0.9145, 验证weight-F1=0.9123, 验证Macro-F1=0.8456
2026-05-04 06:01:31,441 - INFO - ========== 测试集评估结果 ==========
2026-05-04 06:01:31,441 - INFO - 第 12 轮: 测试损失=46.4013, 测试Acc=0.9125, 测试Precision=0.9113, 测试Recall=0.9125, 测试weighted-F1=0.9094, 测试Macro-F1=0.8377
2026-05-04 06:01:31,441 - INFO -
测试集分类报告：
               precision    recall  f1-score   support

         中医器械     1.0000    0.8846    0.9388        26
       临床检验器械     0.9302    0.8000    0.8602       100
       医用康复器械     0.8421    0.7273    0.7805        22
       医用成像器械     0.9431    0.9887    0.9654       973
    医用诊察和监护器械     0.8854    0.9722    0.9268       612
         医用软件     0.8571    0.5934    0.7013        91
   医疗器械消毒灭菌器械     0.9000    0.9000    0.9000        10
        口腔科器械     0.8485    0.9032    0.8750        31
   呼吸、麻醉和急救器械     0.7000    0.3182    0.4375        22
妇产科、辅助生殖和避孕器械     0.9153    0.9153    0.9153        59
       患者承载器械     1.0000    0.7000    0.8235        10
       放射治疗器械     0.8667    0.6500    0.7429        20
       无源手术器械     0.8866    0.9114    0.8989       429
       无源植入器械     0.9074    0.7313    0.8099        67
       有源手术器械     0.9228    0.8915    0.9069       295
       有源植入器械     0.8824    0.7895    0.8333        19
   注输、护理和防护器械     0.8617    0.7570    0.8060       107
       物理治疗器械     0.8261    0.6786    0.7451        28
         眼科器械     0.9568    0.9748    0.9657       159
   神经和心血管手术器械     0.8571    0.8710    0.8640        62
 输血、透析和体外循环器械     0.8750    0.7778    0.8235         9
       骨科手术器械     0.9301    0.8896    0.9094       299

     accuracy                         0.9125      3450
    macro avg     0.8907    0.8012    0.8377      3450
 weighted avg     0.9113    0.9125    0.9094      3450

2026-05-04 06:01:32,407 - INFO - 第 12 轮耗时: 数据搬运=0.9413s, 训练=1084.3819s
2026-05-04 06:26:43,131 - INFO - 第 13 轮: 训练损失=339.6017, 训练Acc=0.9673, 训练Macro-F1=0.9241, 验证损失=46.3184, 验证Acc=0.9119, 验证Precision=0.9126, 验证Recall=0.9119, 验证weight-F1=0.9092, 验证Macro-F1=0.8281
2026-05-04 06:28:22,598 - INFO - ========== 测试集评估结果 ==========
2026-05-04 06:28:22,598 - INFO - 第 13 轮: 测试损失=46.1067, 测试Acc=0.9159, 测试Precision=0.9168, 测试Recall=0.9159, 测试weighted-F1=0.9137, 测试Macro-F1=0.8481
2026-05-04 06:28:22,598 - INFO -
测试集分类报告：
               precision    recall  f1-score   support

         中医器械     1.0000    0.9615    0.9804        26
       临床检验器械     0.9524    0.8000    0.8696       100
       医用康复器械     0.7391    0.7727    0.7556        22
       医用成像器械     0.9606    0.9774    0.9689       973
    医用诊察和监护器械     0.9096    0.9706    0.9391       612
         医用软件     0.8955    0.6593    0.7595        91
   医疗器械消毒灭菌器械     0.9000    0.9000    0.9000        10
        口腔科器械     0.8750    0.9032    0.8889        31
   呼吸、麻醉和急救器械     0.7692    0.4545    0.5714        22
妇产科、辅助生殖和避孕器械     0.9167    0.9322    0.9244        59
       患者承载器械     1.0000    0.7000    0.8235        10
       放射治疗器械     0.8667    0.6500    0.7429        20
       无源手术器械     0.9248    0.8881    0.9061       429
       无源植入器械     1.0000    0.5970    0.7477        67
       有源手术器械     0.8839    0.9288    0.9058       295
       有源植入器械     0.9412    0.8421    0.8889        19
   注输、护理和防护器械     0.8137    0.7757    0.7943       107
       物理治疗器械     0.8261    0.6786    0.7451        28
         眼科器械     0.9630    0.9811    0.9720       159
   神经和心血管手术器械     0.8571    0.8710    0.8640        62
 输血、透析和体外循环器械     0.8750    0.7778    0.8235         9
       骨科手术器械     0.8413    0.9398    0.8878       299

     accuracy                         0.9159      3450
    macro avg     0.8959    0.8164    0.8481      3450
 weighted avg     0.9168    0.9159    0.9137      3450

2026-05-04 06:28:23,751 - INFO - 第 13 轮耗时: 数据搬运=1.0167s, 训练=1090.9642s
2026-05-04 06:48:07,573 - INFO - 第 14 轮: 训练损失=333.5791, 训练Acc=0.9724, 训练Macro-F1=0.9379, 验证损失=45.7293, 验证Acc=0.9197, 验证Precision=0.9192, 验证Recall=0.9197, 验证weight-F1=0.9182, 验证Macro-F1=0.8478
2026-05-04 06:49:21,483 - INFO - ========== 测试集评估结果 ==========
2026-05-04 06:49:21,483 - INFO - 第 14 轮: 测试损失=45.7992, 测试Acc=0.9180, 测试Precision=0.9164, 测试Recall=0.9180, 测试weighted-F1=0.9160, 测试Macro-F1=0.8363
2026-05-04 06:49:21,483 - INFO -
测试集分类报告：
               precision    recall  f1-score   support

         中医器械     1.0000    0.8846    0.9388        26
       临床检验器械     0.8842    0.8400    0.8615       100
       医用康复器械     0.8000    0.7273    0.7619        22
       医用成像器械     0.9411    0.9846    0.9623       973
    医用诊察和监护器械     0.9245    0.9608    0.9423       612
         医用软件     0.8400    0.6923    0.7590        91
   医疗器械消毒灭菌器械     0.9000    0.9000    0.9000        10
        口腔科器械     0.8750    0.9032    0.8889        31
   呼吸、麻醉和急救器械     0.6923    0.4091    0.5143        22
妇产科、辅助生殖和避孕器械     0.9016    0.9322    0.9167        59
       患者承载器械     0.8750    0.7000    0.7778        10
       放射治疗器械     0.8667    0.6500    0.7429        20
       无源手术器械     0.9173    0.9044    0.9108       429
       无源植入器械     0.8750    0.8358    0.8550        67
       有源手术器械     0.9355    0.8847    0.9094       295
       有源植入器械     0.9333    0.7368    0.8235        19
   注输、护理和防护器械     0.8000    0.8224    0.8111       107
       物理治疗器械     0.8095    0.6071    0.6939        28
         眼科器械     0.9455    0.9811    0.9630       159
   神经和心血管手术器械     0.8615    0.9032    0.8819        62
 输血、透析和体外循环器械     0.8333    0.5556    0.6667         9
       骨科手术器械     0.9223    0.9130    0.9176       299

     accuracy                         0.9180      3450
    macro avg     0.8788    0.8058    0.8363      3450
 weighted avg     0.9164    0.9180    0.9160      3450

2026-05-04 06:49:21,483 - INFO - 第 14 轮耗时: 数据搬运=0.7505s, 训练=840.7104s
2026-05-04 07:07:26,359 - INFO - 第 15 轮: 训练损失=329.6787, 训练Acc=0.9770, 训练Macro-F1=0.9465, 验证损失=45.9917, 验证Acc=0.9162, 验证Precision=0.9154, 验证Recall=0.9162, 验证weight-F1=0.9133, 验证Macro-F1=0.8341
2026-05-04 07:08:23,284 - INFO - ========== 测试集评估结果 ==========
2026-05-04 07:08:23,284 - INFO - 第 15 轮: 测试损失=45.9319, 测试Acc=0.9151, 测试Precision=0.9138, 测试Recall=0.9151, 测试weighted-F1=0.9122, 测试Macro-F1=0.8374
2026-05-04 07:08:23,284 - INFO -
测试集分类报告：
               precision    recall  f1-score   support

         中医器械     1.0000    0.8846    0.9388        26
       临床检验器械     0.8800    0.8800    0.8800       100
       医用康复器械     0.8500    0.7727    0.8095        22
       医用成像器械     0.9422    0.9877    0.9644       973
    医用诊察和监护器械     0.9149    0.9657    0.9396       612
         医用软件     0.8714    0.6703    0.7578        91
   医疗器械消毒灭菌器械     1.0000    0.9000    0.9474        10
        口腔科器械     0.9000    0.8710    0.8852        31
   呼吸、麻醉和急救器械     0.7143    0.4545    0.5556        22
妇产科、辅助生殖和避孕器械     0.9153    0.9153    0.9153        59
       患者承载器械     0.8750    0.7000    0.7778        10
       放射治疗器械     0.8667    0.6500    0.7429        20
       无源手术器械     0.8924    0.9091    0.9007       429
       无源植入器械     0.9512    0.5821    0.7222        67
       有源手术器械     0.9060    0.9153    0.9106       295
       有源植入器械     0.9375    0.7895    0.8571        19
   注输、护理和防护器械     0.8696    0.7477    0.8040       107
       物理治疗器械     0.8095    0.6071    0.6939        28
         眼科器械     0.9571    0.9811    0.9689       159
   神经和心血管手术器械     0.9000    0.8710    0.8852        62
 输血、透析和体外循环器械     0.8333    0.5556    0.6667         9
       骨科手术器械     0.8940    0.9030    0.8985       299

     accuracy                         0.9151      3450
    macro avg     0.8946    0.7961    0.8374      3450
 weighted avg     0.9138    0.9151    0.9122      3450

2026-05-04 07:08:23,285 - INFO - 第 15 轮耗时: 数据搬运=0.6195s, 训练=783.3404s
2026-05-04 07:24:13,893 - INFO - 第 16 轮: 训练损失=325.9225, 训练Acc=0.9800, 训练Macro-F1=0.9539, 验证损失=45.7812, 验证Acc=0.9168, 验证Precision=0.9179, 验证Recall=0.9168, 验证weight-F1=0.9150, 验证Macro-F1=0.8347
2026-05-04 07:25:12,864 - INFO - ========== 测试集评估结果 ==========
2026-05-04 07:25:12,865 - INFO - 第 16 轮: 测试损失=45.6893, 测试Acc=0.9154, 测试Precision=0.9149, 测试Recall=0.9154, 测试weighted-F1=0.9136, 测试Macro-F1=0.8391
2026-05-04 07:25:12,865 - INFO -
测试集分类报告：
               precision    recall  f1-score   support

         中医器械     1.0000    0.9615    0.9804        26
       临床检验器械     0.9405    0.7900    0.8587       100
       医用康复器械     0.8333    0.6818    0.7500        22
       医用成像器械     0.9624    0.9743    0.9683       973
    医用诊察和监护器械     0.9002    0.9722    0.9348       612
         医用软件     0.8133    0.6703    0.7349        91
   医疗器械消毒灭菌器械     0.8889    0.8000    0.8421        10
        口腔科器械     0.8667    0.8387    0.8525        31
   呼吸、麻醉和急救器械     0.6250    0.4545    0.5263        22
妇产科、辅助生殖和避孕器械     0.9153    0.9153    0.9153        59
       患者承载器械     0.8000    0.8000    0.8000        10
       放射治疗器械     0.8667    0.6500    0.7429        20
       无源手术器械     0.9131    0.9068    0.9099       429
       无源植入器械     0.9412    0.7164    0.8136        67
       有源手术器械     0.9082    0.9051    0.9066       295
       有源植入器械     0.9375    0.7895    0.8571        19
   注输、护理和防护器械     0.7647    0.8505    0.8053       107
       物理治疗器械     0.8889    0.5714    0.6957        28
         眼科器械     0.9573    0.9874    0.9721       159
   神经和心血管手术器械     0.8833    0.8548    0.8689        62
 输血、透析和体外循环器械     0.8750    0.7778    0.8235         9
       骨科手术器械     0.8893    0.9130    0.9010       299

     accuracy                         0.9154      3450
    macro avg     0.8805    0.8082    0.8391      3450
 weighted avg     0.9149    0.9154    0.9136      3450

2026-05-04 07:25:12,865 - INFO - 第 16 轮耗时: 数据搬运=0.4230s, 训练=677.0851s
2026-05-04 07:40:44,291 - INFO - 第 17 轮: 训练损失=323.4274, 训练Acc=0.9828, 训练Macro-F1=0.9627, 验证损失=45.4140, 验证Acc=0.9185, 验证Precision=0.9184, 验证Recall=0.9185, 验证weight-F1=0.9164, 验证Macro-F1=0.8481
2026-05-04 07:41:42,401 - INFO - ========== 测试集评估结果 ==========
2026-05-04 07:41:42,401 - INFO - 第 17 轮: 测试损失=45.8355, 测试Acc=0.9162, 测试Precision=0.9150, 测试Recall=0.9162, 测试weighted-F1=0.9140, 测试Macro-F1=0.8390
2026-05-04 07:41:42,401 - INFO -
测试集分类报告：
               precision    recall  f1-score   support

         中医器械     1.0000    0.8462    0.9167        26
       临床检验器械     0.9121    0.8300    0.8691       100
       医用康复器械     0.8421    0.7273    0.7805        22
       医用成像器械     0.9532    0.9846    0.9687       973
    医用诊察和监护器械     0.8891    0.9690    0.9273       612
         医用软件     0.8056    0.6374    0.7117        91
   医疗器械消毒灭菌器械     1.0000    0.8000    0.8889        10
        口腔科器械     0.9032    0.9032    0.9032        31
   呼吸、麻醉和急救器械     0.6000    0.4091    0.4865        22
妇产科、辅助生殖和避孕器械     0.9167    0.9322    0.9244        59
       患者承载器械     0.7778    0.7000    0.7368        10
       放射治疗器械     0.8750    0.7000    0.7778        20
       无源手术器械     0.9055    0.9161    0.9108       429
       无源植入器械     0.8594    0.8209    0.8397        67
       有源手术器械     0.9150    0.9119    0.9134       295
       有源植入器械     0.9333    0.7368    0.8235        19
   注输、护理和防护器械     0.8218    0.7757    0.7981       107
       物理治疗器械     0.8824    0.5357    0.6667        28
         眼科器械     0.9512    0.9811    0.9659       159
   神经和心血管手术器械     0.9016    0.8871    0.8943        62
 输血、透析和体外循环器械     0.8000    0.8889    0.8421         9
       骨科手术器械     0.9527    0.8763    0.9129       299

     accuracy                         0.9162      3450
    macro avg     0.8817    0.8077    0.8390      3450
 weighted avg     0.9150    0.9162    0.9140      3450

2026-05-04 07:41:42,401 - INFO - 第 17 轮耗时: 数据搬运=0.4510s, 训练=662.6361s
2026-05-04 07:57:22,360 - INFO - 第 18 轮: 训练损失=319.7571, 训练Acc=0.9850, 训练Macro-F1=0.9659, 验证损失=45.9339, 验证Acc=0.9142, 验证Precision=0.9144, 验证Recall=0.9142, 验证weight-F1=0.9118, 验证Macro-F1=0.8292
2026-05-04 07:58:21,850 - INFO - ========== 测试集评估结果 ==========
2026-05-04 07:58:21,851 - INFO - 第 18 轮: 测试损失=46.2552, 测试Acc=0.9133, 测试Precision=0.9131, 测试Recall=0.9133, 测试weighted-F1=0.9110, 测试Macro-F1=0.8434
2026-05-04 07:58:21,851 - INFO -
测试集分类报告：
               precision    recall  f1-score   support

         中医器械     1.0000    0.8462    0.9167        26
       临床检验器械     0.9412    0.8000    0.8649       100
       医用康复器械     0.8500    0.7727    0.8095        22
       医用成像器械     0.9606    0.9764    0.9684       973
    医用诊察和监护器械     0.8843    0.9739    0.9269       612
         医用软件     0.8615    0.6154    0.7179        91
   医疗器械消毒灭菌器械     1.0000    0.8000    0.8889        10
        口腔科器械     0.9032    0.9032    0.9032        31
   呼吸、麻醉和急救器械     0.7143    0.4545    0.5556        22
妇产科、辅助生殖和避孕器械     0.9167    0.9322    0.9244        59
       患者承载器械     0.8750    0.7000    0.7778        10
       放射治疗器械     0.8750    0.7000    0.7778        20
       无源手术器械     0.8769    0.9301    0.9027       429
       无源植入器械     0.9167    0.6567    0.7652        67
       有源手术器械     0.9051    0.9051    0.9051       295
       有源植入器械     0.9333    0.7368    0.8235        19
   注输、护理和防护器械     0.8218    0.7757    0.7981       107
       物理治疗器械     0.7037    0.6786    0.6909        28
         眼科器械     0.9632    0.9874    0.9752       159
   神经和心血管手术器械     0.8871    0.8871    0.8871        62
 输血、透析和体外循环器械     1.0000    0.7778    0.8750         9
       骨科手术器械     0.9228    0.8796    0.9007       299

     accuracy                         0.9133      3450
    macro avg     0.8960    0.8041    0.8434      3450
 weighted avg     0.9131    0.9133    0.9110      3450

2026-05-04 07:58:21,852 - INFO - 第 18 轮耗时: 数据搬运=0.4785s, 训练=669.5153s
2026-05-04 08:14:11,256 - INFO - 第 19 轮: 训练损失=317.4530, 训练Acc=0.9881, 训练Macro-F1=0.9712, 验证损失=45.2384, 验证Acc=0.9206, 验证Precision=0.9213, 验证Recall=0.9206, 验证weight-F1=0.9192, 验证Macro-F1=0.8604
2026-05-04 08:15:08,777 - INFO - ========== 测试集评估结果 ==========
2026-05-04 08:15:08,777 - INFO - 第 19 轮: 测试损失=45.4895, 测试Acc=0.9180, 测试Precision=0.9169, 测试Recall=0.9180, 测试weighted-F1=0.9165, 测试Macro-F1=0.8557
2026-05-04 08:15:08,778 - INFO -
测试集分类报告：
               precision    recall  f1-score   support

         中医器械     1.0000    0.9231    0.9600        26
       临床检验器械     0.9213    0.8200    0.8677       100
       医用康复器械     0.8571    0.8182    0.8372        22
       医用成像器械     0.9521    0.9815    0.9666       973
    医用诊察和监护器械     0.9226    0.9542    0.9382       612
         医用软件     0.7500    0.7582    0.7541        91
   医疗器械消毒灭菌器械     1.0000    0.8000    0.8889        10
        口腔科器械     0.9032    0.9032    0.9032        31
   呼吸、麻醉和急救器械     0.7143    0.4545    0.5556        22
妇产科、辅助生殖和避孕器械     0.9167    0.9322    0.9244        59
       患者承载器械     0.8750    0.7000    0.7778        10
       放射治疗器械     0.8667    0.6500    0.7429        20
       无源手术器械     0.8937    0.9207    0.9070       429
       无源植入器械     0.9298    0.7910    0.8548        67
       有源手术器械     0.9225    0.8881    0.9050       295
       有源植入器械     0.9375    0.7895    0.8571        19
   注输、护理和防护器械     0.8200    0.7664    0.7923       107
       物理治疗器械     0.8095    0.6071    0.6939        28
         眼科器械     0.9455    0.9811    0.9630       159
   神经和心血管手术器械     0.8852    0.8710    0.8780        62
 输血、透析和体外循环器械     0.9000    1.0000    0.9474         9
       骨科手术器械     0.9155    0.9064    0.9109       299

     accuracy                         0.9180      3450
    macro avg     0.8927    0.8280    0.8557      3450
 weighted avg     0.9169    0.9180    0.9165      3450

2026-05-04 08:15:09,643 - INFO - 第 19 轮耗时: 数据搬运=0.4953s, 训练=673.4510s
2026-05-04 08:30:47,918 - INFO - 第 20 轮: 训练损失=314.8227, 训练Acc=0.9891, 训练Macro-F1=0.9766, 验证损失=45.7137, 验证Acc=0.9203, 验证Precision=0.9199, 验证Recall=0.9203, 验证weight-F1=0.9181, 验证Macro-F1=0.8566
2026-05-04 08:31:46,323 - INFO - ========== 测试集评估结果 ==========
2026-05-04 08:31:46,323 - INFO - 第 20 轮: 测试损失=46.1185, 测试Acc=0.9119, 测试Precision=0.9109, 测试Recall=0.9119, 测试weighted-F1=0.9092, 测试Macro-F1=0.8471
2026-05-04 08:31:46,323 - INFO -
测试集分类报告：
               precision    recall  f1-score   support

         中医器械     1.0000    0.8077    0.8936        26
       临床检验器械     0.9310    0.8100    0.8663       100
       医用康复器械     0.7917    0.8636    0.8261        22
       医用成像器械     0.9430    0.9866    0.9643       973
    医用诊察和监护器械     0.8943    0.9673    0.9294       612
         医用软件     0.8507    0.6264    0.7215        91
   医疗器械消毒灭菌器械     1.0000    0.9000    0.9474        10
        口腔科器械     0.8750    0.9032    0.8889        31
   呼吸、麻醉和急救器械     0.7143    0.4545    0.5556        22
妇产科、辅助生殖和避孕器械     0.9167    0.9322    0.9244        59
       患者承载器械     0.8750    0.7000    0.7778        10
       放射治疗器械     0.8750    0.7000    0.7778        20
       无源手术器械     0.8947    0.9114    0.9030       429
       无源植入器械     0.9149    0.6418    0.7544        67
       有源手术器械     0.9069    0.8915    0.8991       295
       有源植入器械     1.0000    0.7368    0.8485        19
   注输、护理和防护器械     0.8681    0.7383    0.7980       107
       物理治疗器械     0.8095    0.6071    0.6939        28
         眼科器械     0.9627    0.9748    0.9688       159
   神经和心血管手术器械     0.8438    0.8710    0.8571        62
 输血、透析和体外循环器械     1.0000    0.8889    0.9412         9
       骨科手术器械     0.8997    0.8997    0.8997       299

     accuracy                         0.9119      3450
    macro avg     0.8985    0.8097    0.8471      3450
 weighted avg     0.9109    0.9119    0.9092      3450

2026-05-04 08:31:46,324 - INFO - 第 20 轮耗时: 数据搬运=0.4572s, 训练=661.2378s
2026-05-04 08:47:28,493 - INFO - 第 21 轮: 训练损失=312.9330, 训练Acc=0.9903, 训练Macro-F1=0.9787, 验证损失=45.8168, 验证Acc=0.9206, 验证Precision=0.9206, 验证Recall=0.9206, 验证weight-F1=0.9183, 验证Macro-F1=0.8512
2026-05-04 08:48:25,814 - INFO - ========== 测试集评估结果 ==========
2026-05-04 08:48:25,814 - INFO - 第 21 轮: 测试损失=46.3475, 测试Acc=0.9159, 测试Precision=0.9154, 测试Recall=0.9159, 测试weighted-F1=0.9130, 测试Macro-F1=0.8311
2026-05-04 08:48:25,814 - INFO -
测试集分类报告：
               precision    recall  f1-score   support

         中医器械     1.0000    0.8077    0.8936        26
       临床检验器械     0.9158    0.8700    0.8923       100
       医用康复器械     0.8421    0.7273    0.7805        22
       医用成像器械     0.9422    0.9877    0.9644       973
    医用诊察和监护器械     0.8896    0.9739    0.9298       612
         医用软件     0.8286    0.6374    0.7205        91
   医疗器械消毒灭菌器械     1.0000    0.8000    0.8889        10
        口腔科器械     0.8750    0.9032    0.8889        31
   呼吸、麻醉和急救器械     0.8571    0.2727    0.4138        22
妇产科、辅助生殖和避孕器械     0.9167    0.9322    0.9244        59
       患者承载器械     0.7778    0.7000    0.7368        10
       放射治疗器械     0.9286    0.6500    0.7647        20
       无源手术器械     0.9085    0.9021    0.9053       429
       无源植入器械     0.8889    0.8358    0.8615        67
       有源手术器械     0.9288    0.8847    0.9062       295
       有源植入器械     0.9286    0.6842    0.7879        19
   注输、护理和防护器械     0.8218    0.7757    0.7981       107
       物理治疗器械     0.7619    0.5714    0.6531        28
         眼科器械     0.9571    0.9811    0.9689       159
   神经和心血管手术器械     0.8286    0.9355    0.8788        62
 输血、透析和体外循环器械     1.0000    0.6667    0.8000         9
       骨科手术器械     0.9571    0.8963    0.9257       299

     accuracy                         0.9159      3450
    macro avg     0.8979    0.7907    0.8311      3450
 weighted avg     0.9154    0.9159    0.9130      3450

2026-05-04 08:48:25,815 - INFO - 第 21 轮耗时: 数据搬运=0.4144s, 训练=670.5100s
2026-05-04 09:03:52,206 - INFO - 第 22 轮: 训练损失=310.7606, 训练Acc=0.9920, 训练Macro-F1=0.9811, 验证损失=45.5491, 验证Acc=0.9246, 验证Precision=0.9255, 验证Recall=0.9246, 验证weight-F1=0.9229, 验证Macro-F1=0.8626
2026-05-04 09:04:51,696 - INFO - ========== 测试集评估结果 ==========
2026-05-04 09:04:51,696 - INFO - 第 22 轮: 测试损失=46.2382, 测试Acc=0.9145, 测试Precision=0.9138, 测试Recall=0.9145, 测试weighted-F1=0.9119, 测试Macro-F1=0.8312
2026-05-04 09:04:51,697 - INFO -
测试集分类报告：
               precision    recall  f1-score   support

         中医器械     1.0000    0.8846    0.9388        26
       临床检验器械     0.8947    0.8500    0.8718       100
       医用康复器械     0.7619    0.7273    0.7442        22
       医用成像器械     0.9644    0.9733    0.9688       973
    医用诊察和监护器械     0.8708    0.9804    0.9224       612
         医用软件     0.8333    0.4945    0.6207        91
   医疗器械消毒灭菌器械     0.8750    0.7000    0.7778        10
        口腔科器械     0.9000    0.8710    0.8852        31
   呼吸、麻醉和急救器械     0.7143    0.4545    0.5556        22
妇产科、辅助生殖和避孕器械     0.9153    0.9153    0.9153        59
       患者承载器械     0.7778    0.7000    0.7368        10
       放射治疗器械     0.8333    0.7500    0.7895        20
       无源手术器械     0.9078    0.9184    0.9131       429
       无源植入器械     0.9180    0.8358    0.8750        67
       有源手术器械     0.9147    0.9085    0.9116       295
       有源植入器械     0.9286    0.6842    0.7879        19
   注输、护理和防护器械     0.7944    0.7944    0.7944       107
       物理治疗器械     0.6667    0.5714    0.6154        28
         眼科器械     0.9750    0.9811    0.9781       159
   神经和心血管手术器械     0.8594    0.8871    0.8730        62
 输血、透析和体外循环器械     0.8889    0.8889    0.8889         9
       骨科手术器械     0.9504    0.8963    0.9225       299

     accuracy                         0.9145      3450
    macro avg     0.8702    0.8030    0.8312      3450
 weighted avg     0.9138    0.9145    0.9119      3450

2026-05-04 09:04:51,697 - INFO - 第 22 轮耗时: 数据搬运=0.4737s, 训练=654.5166s
2026-05-04 09:20:28,280 - INFO - 第 23 轮: 训练损失=305.9471, 训练Acc=0.9951, 训练Macro-F1=0.9882, 验证损失=45.0744, 验证Acc=0.9237, 验证Precision=0.9238, 验证Recall=0.9237, 验证weight-F1=0.9221, 验证Macro-F1=0.8666
2026-05-04 09:21:26,597 - INFO - ========== 测试集评估结果 ==========
2026-05-04 09:21:26,598 - INFO - 第 23 轮: 测试损失=45.7150, 测试Acc=0.9209, 测试Precision=0.9199, 测试Recall=0.9209, 测试weighted-F1=0.9188, 测试Macro-F1=0.8531
2026-05-04 09:21:26,598 - INFO -
测试集分类报告：
               precision    recall  f1-score   support

         中医器械     1.0000    0.8846    0.9388        26
       临床检验器械     0.9451    0.8600    0.9005       100
       医用康复器械     0.8421    0.7273    0.7805        22
       医用成像器械     0.9626    0.9784    0.9704       973
    医用诊察和监护器械     0.8886    0.9771    0.9307       612
         医用软件     0.8310    0.6484    0.7284        91
   医疗器械消毒灭菌器械     0.8889    0.8000    0.8421        10
        口腔科器械     0.8710    0.8710    0.8710        31
   呼吸、麻醉和急救器械     0.7692    0.4545    0.5714        22
妇产科、辅助生殖和避孕器械     0.9167    0.9322    0.9244        59
       患者承载器械     0.8000    0.8000    0.8000        10
       放射治疗器械     0.8750    0.7000    0.7778        20
       无源手术器械     0.9157    0.9114    0.9136       429
       无源植入器械     0.9016    0.8209    0.8594        67
       有源手术器械     0.8984    0.9288    0.9133       295
       有源植入器械     0.9375    0.7895    0.8571        19
   注输、护理和防护器械     0.8367    0.7664    0.8000       107
       物理治疗器械     0.8333    0.5357    0.6522        28
         眼科器械     0.9571    0.9811    0.9689       159
   神经和心血管手术器械     0.9167    0.8871    0.9016        62
 输血、透析和体外循环器械     0.9000    1.0000    0.9474         9
       骨科手术器械     0.9373    0.8997    0.9181       299

     accuracy                         0.9209      3450
    macro avg     0.8920    0.8252    0.8531      3450
 weighted avg     0.9199    0.9209    0.9188      3450

2026-05-04 09:21:26,598 - INFO - 第 23 轮耗时: 数据搬运=0.5048s, 训练=666.7726s
2026-05-04 09:36:55,445 - INFO - 第 24 轮: 训练损失=304.8410, 训练Acc=0.9951, 训练Macro-F1=0.9879, 验证损失=44.8813, 验证Acc=0.9232, 验证Precision=0.9228, 验证Recall=0.9232, 验证weight-F1=0.9218, 验证Macro-F1=0.8644
2026-05-04 09:37:53,877 - INFO - ========== 测试集评估结果 ==========
2026-05-04 09:37:53,877 - INFO - 第 24 轮: 测试损失=45.4400, 测试Acc=0.9200, 测试Precision=0.9189, 测试Recall=0.9200, 测试weighted-F1=0.9180, 测试Macro-F1=0.8529
2026-05-04 09:37:53,877 - INFO -
测试集分类报告：
               precision    recall  f1-score   support

         中医器械     1.0000    0.8462    0.9167        26
       临床检验器械     0.9231    0.8400    0.8796       100
       医用康复器械     0.8500    0.7727    0.8095        22
       医用成像器械     0.9588    0.9805    0.9695       973
    医用诊察和监护器械     0.9043    0.9722    0.9370       612
         医用软件     0.8289    0.6923    0.7545        91
   医疗器械消毒灭菌器械     1.0000    0.9000    0.9474        10
        口腔科器械     0.8750    0.9032    0.8889        31
   呼吸、麻醉和急救器械     0.7500    0.4091    0.5294        22
妇产科、辅助生殖和避孕器械     0.9167    0.9322    0.9244        59
       患者承载器械     0.8000    0.8000    0.8000        10
       放射治疗器械     0.8824    0.7500    0.8108        20
       无源手术器械     0.8977    0.9207    0.9091       429
       无源植入器械     0.8852    0.8060    0.8438        67
       有源手术器械     0.8977    0.9220    0.9097       295
       有源植入器械     0.9333    0.7368    0.8235        19
   注输、护理和防护器械     0.8119    0.7664    0.7885       107
       物理治疗器械     0.8333    0.5357    0.6522        28
         眼科器械     0.9630    0.9811    0.9720       159
   神经和心血管手术器械     0.9016    0.8871    0.8943        62
 输血、透析和体外循环器械     0.8889    0.8889    0.8889         9
       骨科手术器械     0.9496    0.8829    0.9151       299

     accuracy                         0.9200      3450
    macro avg     0.8932    0.8239    0.8529      3450
 weighted avg     0.9189    0.9200    0.9180      3450

2026-05-04 09:37:53,877 - INFO - 第 24 轮耗时: 数据搬运=0.4691s, 训练=660.9066s
2026-05-04 09:53:20,933 - INFO - 第 25 轮: 训练损失=303.6946, 训练Acc=0.9959, 训练Macro-F1=0.9902, 验证损失=44.8784, 验证Acc=0.9246, 验证Precision=0.9243, 验证Recall=0.9246, 验证weight-F1=0.9229, 验证Macro-F1=0.8651
2026-05-04 09:54:19,767 - INFO - ========== 测试集评估结果 ==========
2026-05-04 09:54:19,767 - INFO - 第 25 轮: 测试损失=45.5319, 测试Acc=0.9183, 测试Precision=0.9171, 测试Recall=0.9183, 测试weighted-F1=0.9160, 测试Macro-F1=0.8504
2026-05-04 09:54:19,767 - INFO -
测试集分类报告：
               precision    recall  f1-score   support

         中医器械     1.0000    0.8462    0.9167        26
       临床检验器械     0.9247    0.8600    0.8912       100
       医用康复器械     0.8095    0.7727    0.7907        22
       医用成像器械     0.9559    0.9805    0.9680       973
    医用诊察和监护器械     0.8949    0.9739    0.9327       612
         医用软件     0.8261    0.6264    0.7125        91
   医疗器械消毒灭菌器械     0.9000    0.9000    0.9000        10
        口腔科器械     0.8750    0.9032    0.8889        31
   呼吸、麻醉和急救器械     0.7692    0.4545    0.5714        22
妇产科、辅助生殖和避孕器械     0.9016    0.9322    0.9167        59
       患者承载器械     0.7778    0.7000    0.7368        10
       放射治疗器械     0.8750    0.7000    0.7778        20
       无源手术器械     0.9037    0.9184    0.9110       429
       无源植入器械     0.8966    0.7761    0.8320        67
       有源手术器械     0.8990    0.9051    0.9020       295
       有源植入器械     0.9375    0.7895    0.8571        19
   注输、护理和防护器械     0.8351    0.7570    0.7941       107
       物理治疗器械     0.8889    0.5714    0.6957        28
         眼科器械     0.9632    0.9874    0.9752       159
   神经和心血管手术器械     0.8852    0.8710    0.8780        62
 输血、透析和体外循环器械     1.0000    0.8889    0.9412         9
       骨科手术器械     0.9406    0.8997    0.9197       299

     accuracy                         0.9183      3450
    macro avg     0.8936    0.8188    0.8504      3450
 weighted avg     0.9171    0.9183    0.9160      3450

2026-05-04 09:54:19,768 - INFO - 第 25 轮耗时: 数据搬运=0.4950s, 训练=653.7761s
2026-05-04 10:10:03,209 - INFO - 第 26 轮: 训练损失=303.2269, 训练Acc=0.9957, 训练Macro-F1=0.9888, 验证损失=45.1202, 验证Acc=0.9214, 验证Precision=0.9216, 验证Recall=0.9214, 验证weight-F1=0.9196, 验证Macro-F1=0.8607
2026-05-04 10:10:03,209 - INFO - 提前终止训练：验证集macro_f13轮未提升。
2026-05-04 10:10:03,210 - INFO - 验证集最佳的模型在第23轮。
2026-05-04 10:10:03,210 - INFO - 测试集最佳的模型在第19轮。
