2026-05-04 00:44:50,205 - INFO - 开始加载数据集，共 2 个文件
2026-05-04 00:44:50,205 - INFO - 读取文件: ./返修/数据集_D2_D3高置信.parquet
2026-05-04 00:44:52,029 - INFO - 读取文件: ./返修/增强数据集_输血透析体外循环.parquet
2026-05-04 00:44:52,043 - INFO - 合并后数据量: 34493 条
2026-05-04 00:44:52,058 - INFO - last_label
医用成像器械           9732
医用诊察和监护器械        6115
无源手术器械           4288
骨科手术器械           2992
有源手术器械           2949
眼科器械             1591
注输、护理和防护器械       1063
临床检验器械           1002
医用软件              911
无源植入器械            663
神经和心血管手术器械        616
妇产科、辅助生殖和避孕器械     584
口腔科器械             308
物理治疗器械            282
中医器械              263
呼吸、麻醉和急救器械        220
医用康复器械            220
放射治疗器械            203
有源植入器械            193
患者承载器械            107
医疗器械消毒灭菌器械         98
输血、透析和体外循环器械       93
Name: count, dtype: int64
2026-05-04 00:44:52,143 - INFO - ['中医器械', '临床检验器械', '医用康复器械', '医用成像器械', '医用诊察和监护器械', '医用软件', '医疗器械消毒灭菌器械', '口腔科器械', '呼吸、麻醉和急救器械', '妇产科、辅助生殖和避孕器械', '患者承载器械', '放射治疗器械', '无源手术器械', '无源植入器械', '有源手术器械', '有源植入器械', '注输、护理和防护器械', '物理治疗器械', '眼科器械', '神经和心血管手术器械', '输血、透析和体外循环器械', '骨科手术器械']
2026-05-04 01:12:26,473 - INFO - 第 1 轮: 训练损失=533.3036, 训练Acc=0.7773, 训练Macro-F1=0.4987, 验证损失=49.3732, 验证Acc=0.8843, 验证Precision=0.8775, 验证Recall=0.8843, 验证weight-F1=0.8763, 验证Macro-F1=0.6868
2026-05-04 01:13:52,353 - INFO - ========== 测试集评估结果 ==========
2026-05-04 01:13:52,353 - INFO - 第 1 轮: 测试损失=49.1097, 测试Acc=0.8904, 测试Precision=0.8863, 测试Recall=0.8904, 测试weighted-F1=0.8846, 测试Macro-F1=0.7399
2026-05-04 01:13:52,353 - INFO -
测试集分类报告：
               precision    recall  f1-score   support

         中医器械     1.0000    0.6154    0.7619        26
       临床检验器械     0.8600    0.8600    0.8600       100
       医用康复器械     0.6667    0.7273    0.6957        22
       医用成像器械     0.9335    0.9805    0.9564       973
    医用诊察和监护器械     0.8846    0.9641    0.9226       612
         医用软件     0.8462    0.6044    0.7051        91
   医疗器械消毒灭菌器械     1.0000    0.8000    0.8889        10
        口腔科器械     0.8788    0.9355    0.9062        31
   呼吸、麻醉和急救器械     0.6111    0.5000    0.5500        22
妇产科、辅助生殖和避孕器械     0.8788    0.9831    0.9280        59
       患者承载器械     0.0000    0.0000    0.0000        10
       放射治疗器械     0.8462    0.5500    0.6667        20
       无源手术器械     0.8716    0.8858    0.8786       429
       无源植入器械     0.7143    0.5224    0.6034        67
       有源手术器械     0.8767    0.8678    0.8722       295
       有源植入器械     1.0000    0.3684    0.5385        19
   注输、护理和防护器械     0.8191    0.7196    0.7662       107
       物理治疗器械     0.8667    0.4643    0.6047        28
         眼科器械     0.9455    0.9811    0.9630       159
   神经和心血管手术器械     0.8387    0.8387    0.8387        62
 输血、透析和体外循环器械     1.0000    0.3333    0.5000         9
       骨科手术器械     0.8780    0.8662    0.8721       299

     accuracy                         0.8904      3450
    macro avg     0.8280    0.6985    0.7399      3450
 weighted avg     0.8863    0.8904    0.8846      3450

2026-05-04 01:13:53,064 - INFO - 第 1 轮耗时: 数据搬运=0.9695s, 训练=1225.8912s
2026-05-04 01:40:56,938 - INFO - 第 2 轮: 训练损失=379.2477, 训练Acc=0.9009, 训练Macro-F1=0.7824, 验证损失=45.9438, 验证Acc=0.9087, 验证Precision=0.9094, 验证Recall=0.9087, 验证weight-F1=0.9072, 验证Macro-F1=0.8064
2026-05-04 01:42:26,849 - INFO - ========== 测试集评估结果 ==========
2026-05-04 01:42:26,849 - INFO - 第 2 轮: 测试损失=45.9053, 测试Acc=0.9128, 测试Precision=0.9141, 测试Recall=0.9128, 测试weighted-F1=0.9121, 测试Macro-F1=0.8430
2026-05-04 01:42:26,849 - INFO -
测试集分类报告：
               precision    recall  f1-score   support

         中医器械     1.0000    0.7692    0.8696        26
       临床检验器械     0.9149    0.8600    0.8866       100
       医用康复器械     0.7500    0.8182    0.7826        22
       医用成像器械     0.9492    0.9784    0.9636       973
    医用诊察和监护器械     0.9285    0.9542    0.9412       612
         医用软件     0.8537    0.7692    0.8092        91
   医疗器械消毒灭菌器械     1.0000    0.8000    0.8889        10
        口腔科器械     0.8571    0.9677    0.9091        31
   呼吸、麻醉和急救器械     0.6667    0.7273    0.6957        22
妇产科、辅助生殖和避孕器械     0.9194    0.9661    0.9421        59
       患者承载器械     1.0000    0.7000    0.8235        10
       放射治疗器械     0.8235    0.7000    0.7568        20
       无源手术器械     0.9183    0.8904    0.9041       429
       无源植入器械     0.6875    0.8209    0.7483        67
       有源手术器械     0.8851    0.8881    0.8866       295
       有源植入器械     0.9167    0.5789    0.7097        19
   注输、护理和防护器械     0.7667    0.8598    0.8106       107
       物理治疗器械     0.7727    0.6071    0.6800        28
         眼科器械     0.9571    0.9811    0.9689       159
   神经和心血管手术器械     0.9286    0.8387    0.8814        62
 输血、透析和体外循环器械     1.0000    0.6667    0.8000         9
       骨科手术器械     0.9270    0.8495    0.8866       299

     accuracy                         0.9128      3450
    macro avg     0.8828    0.8178    0.8430      3450
 weighted avg     0.9141    0.9128    0.9121      3450

2026-05-04 01:42:27,664 - INFO - 第 2 轮耗时: 数据搬运=0.9757s, 训练=1205.8239s
2026-05-04 02:09:37,867 - INFO - 第 3 轮: 训练损失=352.7880, 训练Acc=0.9231, 训练Macro-F1=0.8456, 验证损失=45.1473, 验证Acc=0.9171, 验证Precision=0.9177, 验证Recall=0.9171, 验证weight-F1=0.9159, 验证Macro-F1=0.8470
2026-05-04 02:11:02,236 - INFO - ========== 测试集评估结果 ==========
2026-05-04 02:11:02,236 - INFO - 第 3 轮: 测试损失=45.7983, 测试Acc=0.9075, 测试Precision=0.9093, 测试Recall=0.9075, 测试weighted-F1=0.9059, 测试Macro-F1=0.8337
2026-05-04 02:11:02,236 - INFO -
测试集分类报告：
               precision    recall  f1-score   support

         中医器械     1.0000    0.5769    0.7317        26
       临床检验器械     0.8687    0.8600    0.8643       100
       医用康复器械     0.7500    0.8182    0.7826        22
       医用成像器械     0.9526    0.9712    0.9618       973
    医用诊察和监护器械     0.8787    0.9706    0.9224       612
         医用软件     0.9062    0.6374    0.7484        91
   医疗器械消毒灭菌器械     1.0000    0.8000    0.8889        10
        口腔科器械     0.8750    0.9032    0.8889        31
   呼吸、麻醉和急救器械     0.6667    0.6364    0.6512        22
妇产科、辅助生殖和避孕器械     0.9344    0.9661    0.9500        59
       患者承载器械     0.9091    1.0000    0.9524        10
       放射治疗器械     0.7647    0.6500    0.7027        20
       无源手术器械     0.8734    0.9324    0.9019       429
       无源植入器械     0.7826    0.8060    0.7941        67
       有源手术器械     0.9313    0.8271    0.8761       295
       有源植入器械     0.8571    0.6316    0.7273        19
   注输、护理和防护器械     0.7946    0.8318    0.8128       107
       物理治疗器械     0.6786    0.6786    0.6786        28
         眼科器械     0.9630    0.9811    0.9720       159
   神经和心血管手术器械     0.9286    0.8387    0.8814        62
 输血、透析和体外循环器械     0.8571    0.6667    0.7500         9
       骨科手术器械     0.9656    0.8462    0.9020       299

     accuracy                         0.9075      3450
    macro avg     0.8699    0.8105    0.8337      3450
 weighted avg     0.9093    0.9075    0.9059      3450

2026-05-04 02:11:02,237 - INFO - 第 3 轮耗时: 数据搬运=0.9840s, 训练=1212.8564s
2026-05-04 02:38:14,800 - INFO - 第 4 轮: 训练损失=336.4222, 训练Acc=0.9390, 训练Macro-F1=0.8853, 验证损失=44.3452, 验证Acc=0.9185, 验证Precision=0.9191, 验证Recall=0.9185, 验证weight-F1=0.9169, 验证Macro-F1=0.8510
2026-05-04 02:39:42,680 - INFO - ========== 测试集评估结果 ==========
2026-05-04 02:39:42,681 - INFO - 第 4 轮: 测试损失=44.6592, 测试Acc=0.9154, 测试Precision=0.9152, 测试Recall=0.9154, 测试weighted-F1=0.9132, 测试Macro-F1=0.8520
2026-05-04 02:39:42,681 - INFO -
测试集分类报告：
               precision    recall  f1-score   support

         中医器械     1.0000    0.8846    0.9388        26
       临床检验器械     0.8667    0.9100    0.8878       100
       医用康复器械     0.7083    0.7727    0.7391        22
       医用成像器械     0.9512    0.9815    0.9661       973
    医用诊察和监护器械     0.9160    0.9624    0.9386       612
         医用软件     0.8929    0.5495    0.6803        91
   医疗器械消毒灭菌器械     1.0000    0.8000    0.8889        10
        口腔科器械     0.8529    0.9355    0.8923        31
   呼吸、麻醉和急救器械     0.8000    0.7273    0.7619        22
妇产科、辅助生殖和避孕器械     0.9344    0.9661    0.9500        59
       患者承载器械     1.0000    1.0000    1.0000        10
       放射治疗器械     0.8571    0.6000    0.7059        20
       无源手术器械     0.8921    0.9254    0.9085       429
       无源植入器械     0.8125    0.7761    0.7939        67
       有源手术器械     0.9173    0.8644    0.8901       295
       有源植入器械     1.0000    0.5789    0.7333        19
   注输、护理和防护器械     0.8036    0.8411    0.8219       107
       物理治疗器械     0.7200    0.6429    0.6792        28
         眼科器械     0.9573    0.9874    0.9721       159
   神经和心血管手术器械     0.9167    0.8871    0.9016        62
 输血、透析和体外循环器械     1.0000    0.6667    0.8000         9
       骨科手术器械     0.9187    0.8696    0.8935       299

     accuracy                         0.9154      3450
    macro avg     0.8963    0.8241    0.8520      3450
 weighted avg     0.9152    0.9154    0.9132      3450

2026-05-04 02:39:43,726 - INFO - 第 4 轮耗时: 数据搬运=1.1452s, 训练=1208.6959s
2026-05-04 03:06:59,872 - INFO - 第 5 轮: 训练损失=322.8733, 训练Acc=0.9537, 训练Macro-F1=0.9188, 验证损失=44.2943, 验证Acc=0.9264, 验证Precision=0.9268, 验证Recall=0.9264, 验证weight-F1=0.9250, 验证Macro-F1=0.8645
2026-05-04 03:08:31,112 - INFO - ========== 测试集评估结果 ==========
2026-05-04 03:08:31,112 - INFO - 第 5 轮: 测试损失=44.2400, 测试Acc=0.9203, 测试Precision=0.9199, 测试Recall=0.9203, 测试weighted-F1=0.9186, 测试Macro-F1=0.8593
2026-05-04 03:08:31,112 - INFO -
测试集分类报告：
               precision    recall  f1-score   support

         中医器械     1.0000    0.8846    0.9388        26
       临床检验器械     0.8723    0.8200    0.8454       100
       医用康复器械     0.7391    0.7727    0.7556        22
       医用成像器械     0.9549    0.9784    0.9665       973
    医用诊察和监护器械     0.9233    0.9641    0.9432       612
         医用软件     0.8873    0.6923    0.7778        91
   医疗器械消毒灭菌器械     1.0000    0.9000    0.9474        10
        口腔科器械     0.8529    0.9355    0.8923        31
   呼吸、麻醉和急救器械     0.9375    0.6818    0.7895        22
妇产科、辅助生殖和避孕器械     0.9344    0.9661    0.9500        59
       患者承载器械     0.9091    1.0000    0.9524        10
       放射治疗器械     0.9167    0.5500    0.6875        20
       无源手术器械     0.8911    0.9347    0.9124       429
       无源植入器械     0.9057    0.7164    0.8000        67
       有源手术器械     0.8986    0.9017    0.9002       295
       有源植入器械     1.0000    0.6842    0.8125        19
   注输、护理和防护器械     0.8400    0.7850    0.8116       107
       物理治疗器械     0.7200    0.6429    0.6792        28
         眼科器械     0.9752    0.9874    0.9812       159
   神经和心血管手术器械     0.9474    0.8710    0.9076        62
 输血、透析和体外循环器械     0.8571    0.6667    0.7500         9
       骨科手术器械     0.9060    0.9030    0.9045       299

     accuracy                         0.9203      3450
    macro avg     0.9031    0.8290    0.8593      3450
 weighted avg     0.9199    0.9203    0.9186      3450

2026-05-04 03:08:32,085 - INFO - 第 5 轮耗时: 数据搬运=1.2448s, 训练=1210.2248s
2026-05-04 03:35:51,258 - INFO - 第 6 轮: 训练损失=314.0377, 训练Acc=0.9623, 训练Macro-F1=0.9347, 验证损失=43.6702, 验证Acc=0.9232, 验证Precision=0.9236, 验证Recall=0.9232, 验证weight-F1=0.9225, 验证Macro-F1=0.8533
2026-05-04 03:37:17,383 - INFO - ========== 测试集评估结果 ==========
2026-05-04 03:37:17,384 - INFO - 第 6 轮: 测试损失=43.7683, 测试Acc=0.9200, 测试Precision=0.9208, 测试Recall=0.9200, 测试weighted-F1=0.9193, 测试Macro-F1=0.8573
2026-05-04 03:37:17,385 - INFO -
测试集分类报告：
               precision    recall  f1-score   support

         中医器械     1.0000    0.7692    0.8696        26
       临床检验器械     0.7982    0.8700    0.8325       100
       医用康复器械     0.7200    0.8182    0.7660        22
       医用成像器械     0.9711    0.9671    0.9691       973
    医用诊察和监护器械     0.9158    0.9592    0.9370       612
         医用软件     0.8193    0.7473    0.7816        91
   医疗器械消毒灭菌器械     0.9000    0.9000    0.9000        10
        口腔科器械     0.8108    0.9677    0.8824        31
   呼吸、麻醉和急救器械     0.8667    0.5909    0.7027        22
妇产科、辅助生殖和避孕器械     0.9355    0.9831    0.9587        59
       患者承载器械     0.7692    1.0000    0.8696        10
       放射治疗器械     0.8333    0.7500    0.7895        20
       无源手术器械     0.9291    0.9161    0.9225       429
       无源植入器械     0.7949    0.9254    0.8552        67
       有源手术器械     0.8893    0.8983    0.8938       295
       有源植入器械     0.9231    0.6316    0.7500        19
   注输、护理和防护器械     0.8817    0.7664    0.8200       107
       物理治疗器械     0.7500    0.6429    0.6923        28
         眼科器械     0.9752    0.9874    0.9812       159
   神经和心血管手术器械     0.9474    0.8710    0.9076        62
 输血、透析和体外循环器械     1.0000    0.7778    0.8750         9
       骨科手术器械     0.9116    0.8963    0.9039       299

     accuracy                         0.9200      3450
    macro avg     0.8792    0.8471    0.8573      3450
 weighted avg     0.9208    0.9200    0.9193      3450

2026-05-04 03:37:17,386 - INFO - 第 6 轮耗时: 数据搬运=1.0120s, 训练=1217.4124s
2026-05-04 04:04:28,343 - INFO - 第 7 轮: 训练损失=305.4193, 训练Acc=0.9697, 训练Macro-F1=0.9467, 验证损失=43.5142, 验证Acc=0.9275, 验证Precision=0.9269, 验证Recall=0.9275, 验证weight-F1=0.9262, 验证Macro-F1=0.8645
2026-05-04 04:05:57,909 - INFO - ========== 测试集评估结果 ==========
2026-05-04 04:05:57,910 - INFO - 第 7 轮: 测试损失=43.8674, 测试Acc=0.9197, 测试Precision=0.9195, 测试Recall=0.9197, 测试weighted-F1=0.9182, 测试Macro-F1=0.8659
2026-05-04 04:05:57,910 - INFO -
测试集分类报告：
               precision    recall  f1-score   support

         中医器械     1.0000    0.9231    0.9600        26
       临床检验器械     0.8913    0.8200    0.8542       100
       医用康复器械     0.7200    0.8182    0.7660        22
       医用成像器械     0.9569    0.9815    0.9691       973
    医用诊察和监护器械     0.9073    0.9592    0.9325       612
         医用软件     0.8696    0.6593    0.7500        91
   医疗器械消毒灭菌器械     1.0000    0.9000    0.9474        10
        口腔科器械     0.8333    0.9677    0.8955        31
   呼吸、麻醉和急救器械     0.9167    0.5000    0.6471        22
妇产科、辅助生殖和避孕器械     0.9344    0.9661    0.9500        59
       患者承载器械     0.8333    1.0000    0.9091        10
       放射治疗器械     0.8947    0.8500    0.8718        20
       无源手术器械     0.9178    0.9114    0.9146       429
       无源植入器械     0.7910    0.7910    0.7910        67
       有源手术器械     0.9062    0.8847    0.8954       295
       有源植入器械     1.0000    0.6316    0.7742        19
   注输、护理和防护器械     0.8654    0.8411    0.8531       107
       物理治疗器械     0.7600    0.6786    0.7170        28
         眼科器械     0.9691    0.9874    0.9782       159
   神经和心血管手术器械     0.9016    0.8871    0.8943        62
 输血、透析和体外循环器械     1.0000    0.7778    0.8750         9
       骨科手术器械     0.9116    0.8963    0.9039       299

     accuracy                         0.9197      3450
    macro avg     0.8991    0.8469    0.8659      3450
 weighted avg     0.9195    0.9197    0.9182      3450

2026-05-04 04:05:59,007 - INFO - 第 7 轮耗时: 数据搬运=0.9920s, 训练=1219.0622s
2026-05-04 04:33:08,493 - INFO - 第 8 轮: 训练损失=297.6607, 训练Acc=0.9777, 训练Macro-F1=0.9582, 验证损失=43.4999, 验证Acc=0.9304, 验证Precision=0.9305, 验证Recall=0.9304, 验证weight-F1=0.9297, 验证Macro-F1=0.8742
2026-05-04 04:34:36,438 - INFO - ========== 测试集评估结果 ==========
2026-05-04 04:34:36,439 - INFO - 第 8 轮: 测试损失=43.4613, 测试Acc=0.9261, 测试Precision=0.9258, 测试Recall=0.9261, 测试weighted-F1=0.9251, 测试Macro-F1=0.8716
2026-05-04 04:34:36,439 - INFO -
测试集分类报告：
               precision    recall  f1-score   support

         中医器械     1.0000    0.8077    0.8936        26
       临床检验器械     0.8776    0.8600    0.8687       100
       医用康复器械     0.8182    0.8182    0.8182        22
       医用成像器械     0.9540    0.9794    0.9665       973
    医用诊察和监护器械     0.9330    0.9559    0.9443       612
         医用软件     0.7957    0.8132    0.8043        91
   医疗器械消毒灭菌器械     1.0000    0.9000    0.9474        10
        口腔科器械     0.8529    0.9355    0.8923        31
   呼吸、麻醉和急救器械     0.8667    0.5909    0.7027        22
妇产科、辅助生殖和避孕器械     0.9344    0.9661    0.9500        59
       患者承载器械     0.9091    1.0000    0.9524        10
       放射治疗器械     0.9333    0.7000    0.8000        20
       无源手术器械     0.9382    0.9207    0.9294       429
       无源植入器械     0.8462    0.8209    0.8333        67
       有源手术器械     0.9020    0.9051    0.9036       295
       有源植入器械     1.0000    0.6842    0.8125        19
   注输、护理和防护器械     0.8598    0.8598    0.8598       107
       物理治疗器械     0.7273    0.5714    0.6400        28
         眼科器械     0.9752    0.9874    0.9812       159
   神经和心血管手术器械     0.9455    0.8387    0.8889        62
 输血、透析和体外循环器械     1.0000    0.7778    0.8750         9
       骨科手术器械     0.9128    0.9097    0.9112       299

     accuracy                         0.9261      3450
    macro avg     0.9083    0.8456    0.8716      3450
 weighted avg     0.9258    0.9261    0.9251      3450

2026-05-04 04:34:37,427 - INFO - 第 8 轮耗时: 数据搬运=1.0251s, 训练=1209.4869s
2026-05-04 05:02:01,227 - INFO - 第 9 轮: 训练损失=291.7470, 训练Acc=0.9832, 训练Macro-F1=0.9699, 验证损失=43.5258, 验证Acc=0.9304, 验证Precision=0.9305, 验证Recall=0.9304, 验证weight-F1=0.9300, 验证Macro-F1=0.8769
2026-05-04 05:03:25,602 - INFO - ========== 测试集评估结果 ==========
2026-05-04 05:03:25,602 - INFO - 第 9 轮: 测试损失=44.0054, 测试Acc=0.9209, 测试Precision=0.9215, 测试Recall=0.9209, 测试weighted-F1=0.9201, 测试Macro-F1=0.8669
2026-05-04 05:03:25,602 - INFO -
测试集分类报告：
               precision    recall  f1-score   support

         中医器械     1.0000    0.8846    0.9388        26
       临床检验器械     0.8148    0.8800    0.8462       100
       医用康复器械     0.8182    0.8182    0.8182        22
       医用成像器械     0.9531    0.9815    0.9671       973
    医用诊察和监护器械     0.9341    0.9493    0.9417       612
         医用软件     0.7692    0.7692    0.7692        91
   医疗器械消毒灭菌器械     1.0000    0.9000    0.9474        10
        口腔科器械     0.8788    0.9355    0.9062        31
   呼吸、麻醉和急救器械     0.9167    0.5000    0.6471        22
妇产科、辅助生殖和避孕器械     0.9194    0.9661    0.9421        59
       患者承载器械     0.9091    1.0000    0.9524        10
       放射治疗器械     0.7727    0.8500    0.8095        20
       无源手术器械     0.9435    0.8951    0.9187       429
       无源植入器械     0.7531    0.9104    0.8243        67
       有源手术器械     0.8960    0.9051    0.9005       295
       有源植入器械     0.9286    0.6842    0.7879        19
   注输、护理和防护器械     0.8454    0.7664    0.8039       107
       物理治疗器械     0.6667    0.5714    0.6154        28
         眼科器械     0.9688    0.9748    0.9718       159
   神经和心血管手术器械     0.9032    0.9032    0.9032        62
 输血、透析和体外循环器械     1.0000    0.8889    0.9412         9
       骨科手术器械     0.9468    0.8930    0.9191       299

     accuracy                         0.9209      3450
    macro avg     0.8881    0.8558    0.8669      3450
 weighted avg     0.9215    0.9209    0.9201      3450

2026-05-04 05:03:25,602 - INFO - 第 9 轮耗时: 数据搬运=1.0191s, 训练=1219.6258s
2026-05-04 05:30:21,589 - INFO - 第 10 轮: 训练损失=287.6532, 训练Acc=0.9871, 训练Macro-F1=0.9775, 验证损失=43.7635, 验证Acc=0.9293, 验证Precision=0.9296, 验证Recall=0.9293, 验证weight-F1=0.9284, 验证Macro-F1=0.8661
2026-05-04 05:31:58,242 - INFO - ========== 测试集评估结果 ==========
2026-05-04 05:31:58,242 - INFO - 第 10 轮: 测试损失=43.8535, 测试Acc=0.9238, 测试Precision=0.9231, 测试Recall=0.9238, 测试weighted-F1=0.9224, 测试Macro-F1=0.8746
2026-05-04 05:31:58,242 - INFO -
测试集分类报告：
               precision    recall  f1-score   support

         中医器械     1.0000    0.8846    0.9388        26
       临床检验器械     0.8804    0.8100    0.8438       100
       医用康复器械     0.6923    0.8182    0.7500        22
       医用成像器械     0.9540    0.9805    0.9671       973
    医用诊察和监护器械     0.9302    0.9575    0.9436       612
         医用软件     0.8750    0.6154    0.7226        91
   医疗器械消毒灭菌器械     1.0000    0.9000    0.9474        10
        口腔科器械     0.8333    0.9677    0.8955        31
   呼吸、麻醉和急救器械     0.9000    0.8182    0.8571        22
妇产科、辅助生殖和避孕器械     0.9508    0.9831    0.9667        59
       患者承载器械     0.9091    1.0000    0.9524        10
       放射治疗器械     0.8095    0.8500    0.8293        20
       无源手术器械     0.9332    0.9114    0.9222       429
       无源植入器械     0.8382    0.8507    0.8444        67
       有源手术器械     0.8915    0.8915    0.8915       295
       有源植入器械     0.8667    0.6842    0.7647        19
   注输、护理和防护器械     0.8812    0.8318    0.8558       107
       物理治疗器械     0.7273    0.5714    0.6400        28
         眼科器械     0.9752    0.9874    0.9812       159
   神经和心血管手术器械     0.9344    0.9194    0.9268        62
 输血、透析和体外循环器械     0.8889    0.8889    0.8889         9
       骨科手术器械     0.9020    0.9231    0.9124       299

     accuracy                         0.9238      3450
    macro avg     0.8897    0.8657    0.8746      3450
 weighted avg     0.9231    0.9238    0.9224      3450

2026-05-04 05:31:59,541 - INFO - 第 10 轮耗时: 数据搬运=1.1247s, 训练=1197.2601s
2026-05-04 05:59:56,343 - INFO - 第 11 轮: 训练损失=283.4476, 训练Acc=0.9907, 训练Macro-F1=0.9841, 验证损失=44.3608, 验证Acc=0.9275, 验证Precision=0.9282, 验证Recall=0.9275, 验证weight-F1=0.9269, 验证Macro-F1=0.8744
2026-05-04 06:01:36,930 - INFO - ========== 测试集评估结果 ==========
2026-05-04 06:01:36,930 - INFO - 第 11 轮: 测试损失=45.1217, 测试Acc=0.9186, 测试Precision=0.9190, 测试Recall=0.9186, 测试weighted-F1=0.9177, 测试Macro-F1=0.8646
2026-05-04 06:01:36,930 - INFO -
测试集分类报告：
               precision    recall  f1-score   support

         中医器械     1.0000    0.8077    0.8936        26
       临床检验器械     0.8723    0.8200    0.8454       100
       医用康复器械     0.7500    0.8182    0.7826        22
       医用成像器械     0.9376    0.9877    0.9620       973
    医用诊察和监护器械     0.9227    0.9559    0.9390       612
         医用软件     0.8214    0.7582    0.7886        91
   医疗器械消毒灭菌器械     1.0000    0.8000    0.8889        10
        口腔科器械     0.8571    0.9677    0.9091        31
   呼吸、麻醉和急救器械     0.7895    0.6818    0.7317        22
妇产科、辅助生殖和避孕器械     0.9344    0.9661    0.9500        59
       患者承载器械     0.9091    1.0000    0.9524        10
       放射治疗器械     0.8000    0.8000    0.8000        20
       无源手术器械     0.9475    0.8834    0.9144       429
       无源植入器械     0.7195    0.8806    0.7919        67
       有源手术器械     0.9253    0.8814    0.9028       295
       有源植入器械     0.9286    0.6842    0.7879        19
   注输、护理和防护器械     0.8365    0.8131    0.8246       107
       物理治疗器械     0.6957    0.5714    0.6275        28
         眼科器械     0.9814    0.9937    0.9875       159
   神经和心血管手术器械     0.9630    0.8387    0.8966        62
 输血、透析和体外循环器械     1.0000    0.8889    0.9412         9
       骨科手术器械     0.9233    0.8863    0.9044       299

     accuracy                         0.9186      3450
    macro avg     0.8870    0.8493    0.8646      3450
 weighted avg     0.9190    0.9186    0.9177      3450

2026-05-04 06:01:36,930 - INFO - 第 11 轮耗时: 数据搬运=1.1634s, 训练=1220.8100s
2026-05-04 06:28:55,120 - INFO - 第 12 轮: 训练损失=278.3237, 训练Acc=0.9943, 训练Macro-F1=0.9900, 验证损失=43.8590, 验证Acc=0.9293, 验证Precision=0.9297, 验证Recall=0.9293, 验证weight-F1=0.9286, 验证Macro-F1=0.8738
2026-05-04 06:28:55,121 - INFO - 提前终止训练：验证集macro_f13轮未提升。
2026-05-04 06:28:55,122 - INFO - 验证集最佳的模型在第9轮。
2026-05-04 06:28:55,122 - INFO - 测试集最佳的模型在第10轮。
