2026-05-04 00:46:56,980 - INFO - 开始加载数据集，共 2 个文件
2026-05-04 00:46:56,980 - INFO - 读取文件: ./返修/数据集_D2_D3高置信.parquet
2026-05-04 00:46:58,811 - INFO - 读取文件: ./返修/增强数据集_输血透析体外循环.parquet
2026-05-04 00:46:58,825 - INFO - 合并后数据量: 34493 条
2026-05-04 00:46:58,841 - INFO - last_label
医用成像器械           9732
医用诊察和监护器械        6115
无源手术器械           4288
骨科手术器械           2992
有源手术器械           2949
眼科器械             1591
注输、护理和防护器械       1063
临床检验器械           1002
医用软件              911
无源植入器械            663
神经和心血管手术器械        616
妇产科、辅助生殖和避孕器械     584
口腔科器械             308
物理治疗器械            282
中医器械              263
呼吸、麻醉和急救器械        220
医用康复器械            220
放射治疗器械            203
有源植入器械            193
患者承载器械            107
医疗器械消毒灭菌器械         98
输血、透析和体外循环器械       93
Name: count, dtype: int64
2026-05-04 00:46:58,942 - INFO - ['中医器械', '临床检验器械', '医用康复器械', '医用成像器械', '医用诊察和监护器械', '医用软件', '医疗器械消毒灭菌器械', '口腔科器械', '呼吸、麻醉和急救器械', '妇产科、辅助生殖和避孕器械', '患者承载器械', '放射治疗器械', '无源手术器械', '无源植入器械', '有源手术器械', '有源植入器械', '注输、护理和防护器械', '物理治疗器械', '眼科器械', '神经和心血管手术器械', '输血、透析和体外循环器械', '骨科手术器械']
2026-05-04 01:20:50,746 - INFO - 第 1 轮: 训练损失=504.2886, 训练Acc=0.8014, 训练Macro-F1=0.5806, 验证损失=49.6132, 验证Acc=0.8861, 验证Precision=0.8845, 验证Recall=0.8861, 验证weight-F1=0.8810, 验证Macro-F1=0.7672
2026-05-04 01:22:38,823 - INFO - ========== 测试集评估结果 ==========
2026-05-04 01:22:38,823 - INFO - 第 1 轮: 测试损失=49.9845, 测试Acc=0.8875, 测试Precision=0.8867, 测试Recall=0.8875, 测试weighted-F1=0.8820, 测试Macro-F1=0.7794
2026-05-04 01:22:38,823 - INFO -
测试集分类报告：
               precision    recall  f1-score   support

         中医器械     1.0000    0.6154    0.7619        26
       临床检验器械     0.8627    0.8800    0.8713       100
       医用康复器械     0.8000    0.7273    0.7619        22
       医用成像器械     0.9176    0.9846    0.9499       973
    医用诊察和监护器械     0.8642    0.9673    0.9129       612
         医用软件     0.8627    0.4835    0.6197        91
   医疗器械消毒灭菌器械     1.0000    0.7000    0.8235        10
        口腔科器械     0.8750    0.9032    0.8889        31
   呼吸、麻醉和急救器械     0.7000    0.3182    0.4375        22
妇产科、辅助生殖和避孕器械     0.8788    0.9831    0.9280        59
       患者承载器械     1.0000    0.6000    0.7500        10
       放射治疗器械     0.8667    0.6500    0.7429        20
       无源手术器械     0.8715    0.8695    0.8705       429
       无源植入器械     0.7458    0.6567    0.6984        67
       有源手术器械     0.8702    0.8407    0.8552       295
       有源植入器械     0.8000    0.4211    0.5517        19
   注输、护理和防护器械     0.8523    0.7009    0.7692       107
       物理治疗器械     0.9333    0.5000    0.6512        28
         眼科器械     0.9451    0.9748    0.9598       159
   神经和心血管手术器械     0.9592    0.7581    0.8468        62
 输血、透析和体外循环器械     1.0000    0.4444    0.6154         9
       骨科手术器械     0.8878    0.8729    0.8803       299

     accuracy                         0.8875      3450
    macro avg     0.8860    0.7205    0.7794      3450
 weighted avg     0.8867    0.8875    0.8820      3450

2026-05-04 01:22:39,674 - INFO - 第 1 轮耗时: 数据搬运=1.1826s, 训练=1582.0519s
2026-05-04 01:55:49,406 - INFO - 第 2 轮: 训练损失=376.0884, 训练Acc=0.9040, 训练Macro-F1=0.8074, 验证损失=46.8714, 验证Acc=0.9069, 验证Precision=0.9081, 验证Recall=0.9069, 验证weight-F1=0.9036, 验证Macro-F1=0.8035
2026-05-04 01:57:38,114 - INFO - ========== 测试集评估结果 ==========
2026-05-04 01:57:38,114 - INFO - 第 2 轮: 测试损失=46.7004, 测试Acc=0.9052, 测试Precision=0.9058, 测试Recall=0.9052, 测试weighted-F1=0.9019, 测试Macro-F1=0.8140
2026-05-04 01:57:38,114 - INFO -
测试集分类报告：
               precision    recall  f1-score   support

         中医器械     1.0000    0.6154    0.7619        26
       临床检验器械     0.9268    0.7600    0.8352       100
       医用康复器械     0.8182    0.8182    0.8182        22
       医用成像器械     0.9430    0.9856    0.9638       973
    医用诊察和监护器械     0.9253    0.9510    0.9380       612
         医用软件     0.7889    0.7802    0.7845        91
   医疗器械消毒灭菌器械     1.0000    0.8000    0.8889        10
        口腔科器械     0.8788    0.9355    0.9062        31
   呼吸、麻醉和急救器械     0.7857    0.5000    0.6111        22
妇产科、辅助生殖和避孕器械     0.9344    0.9661    0.9500        59
       患者承载器械     1.0000    0.4000    0.5714        10
       放射治疗器械     0.8667    0.6500    0.7429        20
       无源手术器械     0.8695    0.9161    0.8922       429
       无源植入器械     0.9412    0.4776    0.6337        67
       有源手术器械     0.8562    0.8881    0.8719       295
       有源植入器械     0.9167    0.5789    0.7097        19
   注输、护理和防护器械     0.7768    0.8131    0.7945       107
       物理治疗器械     0.8947    0.6071    0.7234        28
         眼科器械     0.9571    0.9811    0.9689       159
   神经和心血管手术器械     0.8947    0.8226    0.8571        62
 输血、透析和体外循环器械     1.0000    0.6667    0.8000         9
       骨科手术器械     0.8859    0.8829    0.8844       299

     accuracy                         0.9052      3450
    macro avg     0.9027    0.7635    0.8140      3450
 weighted avg     0.9058    0.9052    0.9019      3450

2026-05-04 01:57:39,400 - INFO - 第 2 轮耗时: 数据搬运=1.2659s, 训练=1546.3251s
2026-05-04 02:30:56,045 - INFO - 第 3 轮: 训练损失=353.0512, 训练Acc=0.9247, 训练Macro-F1=0.8567, 验证损失=45.2765, 验证Acc=0.9133, 验证Precision=0.9127, 验证Recall=0.9133, 验证weight-F1=0.9107, 验证Macro-F1=0.8334
2026-05-04 02:32:45,234 - INFO - ========== 测试集评估结果 ==========
2026-05-04 02:32:45,235 - INFO - 第 3 轮: 测试损失=45.5346, 测试Acc=0.9128, 测试Precision=0.9119, 测试Recall=0.9128, 测试weighted-F1=0.9106, 测试Macro-F1=0.8303
2026-05-04 02:32:45,235 - INFO -
测试集分类报告：
               precision    recall  f1-score   support

         中医器械     1.0000    0.6923    0.8182        26
       临床检验器械     0.8641    0.8900    0.8768       100
       医用康复器械     0.7727    0.7727    0.7727        22
       医用成像器械     0.9466    0.9836    0.9647       973
    医用诊察和监护器械     0.9202    0.9608    0.9400       612
         医用软件     0.8452    0.7802    0.8114        91
   医疗器械消毒灭菌器械     0.8889    0.8000    0.8421        10
        口腔科器械     0.8788    0.9355    0.9062        31
   呼吸、麻醉和急救器械     0.7500    0.4091    0.5294        22
妇产科、辅助生殖和避孕器械     0.9508    0.9831    0.9667        59
       患者承载器械     1.0000    0.8000    0.8889        10
       放射治疗器械     0.8667    0.6500    0.7429        20
       无源手术器械     0.8687    0.9254    0.8962       429
       无源植入器械     0.8571    0.7164    0.7805        67
       有源手术器械     0.9164    0.8542    0.8842       295
       有源植入器械     0.8000    0.6316    0.7059        19
   注输、护理和防护器械     0.9036    0.7009    0.7895       107
       物理治疗器械     0.6429    0.6429    0.6429        28
         眼科器械     0.9748    0.9748    0.9748       159
   神经和心血管手术器械     0.9138    0.8548    0.8833        62
 输血、透析和体外循环器械     0.8571    0.6667    0.7500         9
       骨科手术器械     0.9024    0.8963    0.8993       299

     accuracy                         0.9128      3450
    macro avg     0.8782    0.7964    0.8303      3450
 weighted avg     0.9119    0.9128    0.9106      3450

2026-05-04 02:32:46,356 - INFO - 第 3 轮耗时: 数据搬运=1.4527s, 训练=1560.4819s
2026-05-04 03:06:01,944 - INFO - 第 4 轮: 训练损失=337.7103, 训练Acc=0.9384, 训练Macro-F1=0.8867, 验证损失=44.9522, 验证Acc=0.9165, 验证Precision=0.9166, 验证Recall=0.9165, 验证weight-F1=0.9137, 验证Macro-F1=0.8399
2026-05-04 03:07:57,528 - INFO - ========== 测试集评估结果 ==========
2026-05-04 03:07:57,529 - INFO - 第 4 轮: 测试损失=45.5191, 测试Acc=0.9113, 测试Precision=0.9110, 测试Recall=0.9113, 测试weighted-F1=0.9082, 测试Macro-F1=0.8260
2026-05-04 03:07:57,529 - INFO -
测试集分类报告：
               precision    recall  f1-score   support

         中医器械     1.0000    0.7692    0.8696        26
       临床检验器械     0.8817    0.8200    0.8497       100
       医用康复器械     0.7500    0.8182    0.7826        22
       医用成像器械     0.9503    0.9836    0.9667       973
    医用诊察和监护器械     0.8763    0.9722    0.9218       612
         医用软件     0.8793    0.5604    0.6846        91
   医疗器械消毒灭菌器械     1.0000    0.7000    0.8235        10
        口腔科器械     0.8788    0.9355    0.9062        31
   呼吸、麻醉和急救器械     0.6667    0.3636    0.4706        22
妇产科、辅助生殖和避孕器械     0.9355    0.9831    0.9587        59
       患者承载器械     1.0000    0.7000    0.8235        10
       放射治疗器械     0.8750    0.7000    0.7778        20
       无源手术器械     0.8937    0.9207    0.9070       429
       无源植入器械     0.7857    0.8209    0.8029        67
       有源手术器械     0.8966    0.8814    0.8889       295
       有源植入器械     0.9167    0.5789    0.7097        19
   注输、护理和防护器械     0.8542    0.7664    0.8079       107
       物理治疗器械     0.8889    0.5714    0.6957        28
         眼科器械     0.9573    0.9874    0.9721       159
   神经和心血管手术器械     0.9623    0.8226    0.8870        62
 输血、透析和体外循环器械     0.8571    0.6667    0.7500         9
       骨科手术器械     0.9464    0.8863    0.9154       299

     accuracy                         0.9113      3450
    macro avg     0.8933    0.7822    0.8260      3450
 weighted avg     0.9110    0.9113    0.9082      3450

2026-05-04 03:07:57,529 - INFO - 第 4 轮耗时: 数据搬运=1.6873s, 训练=1550.1606s
2026-05-04 03:41:32,831 - INFO - 第 5 轮: 训练损失=326.7599, 训练Acc=0.9508, 训练Macro-F1=0.9110, 验证损失=44.4885, 验证Acc=0.9266, 验证Precision=0.9277, 验证Recall=0.9266, 验证weight-F1=0.9252, 验证Macro-F1=0.8670
2026-05-04 03:43:23,937 - INFO - ========== 测试集评估结果 ==========
2026-05-04 03:43:23,938 - INFO - 第 5 轮: 测试损失=44.8047, 测试Acc=0.9157, 测试Precision=0.9161, 测试Recall=0.9157, 测试weighted-F1=0.9139, 测试Macro-F1=0.8484
2026-05-04 03:43:23,938 - INFO -
测试集分类报告：
               precision    recall  f1-score   support

         中医器械     1.0000    0.8077    0.8936        26
       临床检验器械     0.9375    0.7500    0.8333       100
       医用康复器械     0.7391    0.7727    0.7556        22
       医用成像器械     0.9570    0.9836    0.9701       973
    医用诊察和监护器械     0.9147    0.9641    0.9387       612
         医用软件     0.8571    0.6593    0.7453        91
   医疗器械消毒灭菌器械     1.0000    0.8000    0.8889        10
        口腔科器械     0.8788    0.9355    0.9062        31
   呼吸、麻醉和急救器械     0.8125    0.5909    0.6842        22
妇产科、辅助生殖和避孕器械     0.9500    0.9661    0.9580        59
       患者承载器械     0.9091    1.0000    0.9524        10
       放射治疗器械     0.8421    0.8000    0.8205        20
       无源手术器械     0.9543    0.8765    0.9137       429
       无源植入器械     0.8113    0.6418    0.7167        67
       有源手术器械     0.8658    0.9186    0.8914       295
       有源植入器械     1.0000    0.6316    0.7742        19
   注输、护理和防护器械     0.7759    0.8411    0.8072       107
       物理治疗器械     0.7826    0.6429    0.7059        28
         眼科器械     0.9461    0.9937    0.9693       159
   神经和心血管手术器械     0.9636    0.8548    0.9060        62
 输血、透析和体外循环器械     0.7000    0.7778    0.7368         9
       骨科手术器械     0.8660    0.9298    0.8968       299

     accuracy                         0.9157      3450
    macro avg     0.8847    0.8245    0.8484      3450
 weighted avg     0.9161    0.9157    0.9139      3450

2026-05-04 03:43:25,058 - INFO - 第 5 轮耗时: 数据搬运=1.1316s, 训练=1575.1949s
2026-05-04 04:16:37,071 - INFO - 第 6 轮: 训练损失=315.3015, 训练Acc=0.9623, 训练Macro-F1=0.9368, 验证损失=43.6110, 验证Acc=0.9293, 验证Precision=0.9294, 验证Recall=0.9293, 验证weight-F1=0.9284, 验证Macro-F1=0.8721
2026-05-04 04:18:25,447 - INFO - ========== 测试集评估结果 ==========
2026-05-04 04:18:25,447 - INFO - 第 6 轮: 测试损失=44.0397, 测试Acc=0.9220, 测试Precision=0.9219, 测试Recall=0.9220, 测试weighted-F1=0.9211, 测试Macro-F1=0.8648
2026-05-04 04:18:25,447 - INFO -
测试集分类报告：
               precision    recall  f1-score   support

         中医器械     1.0000    0.9231    0.9600        26
       临床检验器械     0.8627    0.8800    0.8713       100
       医用康复器械     0.8095    0.7727    0.7907        22
       医用成像器械     0.9636    0.9805    0.9720       973
    医用诊察和监护器械     0.9259    0.9592    0.9422       612
         医用软件     0.8857    0.6813    0.7702        91
   医疗器械消毒灭菌器械     0.9000    0.9000    0.9000        10
        口腔科器械     0.8788    0.9355    0.9062        31
   呼吸、麻醉和急救器械     0.7778    0.6364    0.7000        22
妇产科、辅助生殖和避孕器械     0.9500    0.9661    0.9580        59
       患者承载器械     1.0000    1.0000    1.0000        10
       放射治疗器械     0.8421    0.8000    0.8205        20
       无源手术器械     0.9317    0.8904    0.9106       429
       无源植入器械     0.7808    0.8507    0.8143        67
       有源手术器械     0.8812    0.9051    0.8930       295
       有源植入器械     0.9286    0.6842    0.7879        19
   注输、护理和防护器械     0.8224    0.8224    0.8224       107
       物理治疗器械     0.6786    0.6786    0.6786        28
         眼科器械     0.9752    0.9874    0.9812       159
   神经和心血管手术器械     0.9623    0.8226    0.8870        62
 输血、透析和体外循环器械     0.8571    0.6667    0.7500         9
       骨科手术器械     0.9043    0.9164    0.9103       299

     accuracy                         0.9220      3450
    macro avg     0.8872    0.8481    0.8648      3450
 weighted avg     0.9219    0.9220    0.9211      3450

2026-05-04 04:18:26,401 - INFO - 第 6 轮耗时: 数据搬运=1.4423s, 训练=1551.8329s
2026-05-04 04:51:55,792 - INFO - 第 7 轮: 训练损失=308.1193, 训练Acc=0.9687, 训练Macro-F1=0.9474, 验证损失=43.6147, 验证Acc=0.9261, 验证Precision=0.9272, 验证Recall=0.9261, 验证weight-F1=0.9251, 验证Macro-F1=0.8671
2026-05-04 04:53:43,613 - INFO - ========== 测试集评估结果 ==========
2026-05-04 04:53:43,613 - INFO - 第 7 轮: 测试损失=43.8280, 测试Acc=0.9232, 测试Precision=0.9228, 测试Recall=0.9232, 测试weighted-F1=0.9220, 测试Macro-F1=0.8655
2026-05-04 04:53:43,613 - INFO -
测试集分类报告：
               precision    recall  f1-score   support

         中医器械     1.0000    0.8462    0.9167        26
       临床检验器械     0.8925    0.8300    0.8601       100
       医用康复器械     0.7727    0.7727    0.7727        22
       医用成像器械     0.9626    0.9794    0.9710       973
    医用诊察和监护器械     0.9274    0.9608    0.9438       612
         医用软件     0.8846    0.7582    0.8166        91
   医疗器械消毒灭菌器械     1.0000    0.8000    0.8889        10
        口腔科器械     0.8788    0.9355    0.9062        31
   呼吸、麻醉和急救器械     0.7778    0.6364    0.7000        22
妇产科、辅助生殖和避孕器械     0.9344    0.9661    0.9500        59
       患者承载器械     1.0000    1.0000    1.0000        10
       放射治疗器械     0.8095    0.8500    0.8293        20
       无源手术器械     0.9396    0.9068    0.9229       429
       无源植入器械     0.8750    0.6269    0.7304        67
       有源手术器械     0.8963    0.9085    0.9024       295
       有源植入器械     0.8333    0.7895    0.8108        19
   注输、护理和防护器械     0.8131    0.8131    0.8131       107
       物理治疗器械     0.7037    0.6786    0.6909        28
         眼科器械     0.9693    0.9937    0.9814       159
   神经和心血管手术器械     0.9474    0.8710    0.9076        62
 输血、透析和体外循环器械     0.8750    0.7778    0.8235         9
       骨科手术器械     0.8746    0.9331    0.9029       299

     accuracy                         0.9232      3450
    macro avg     0.8894    0.8470    0.8655      3450
 weighted avg     0.9228    0.9232    0.9220      3450

2026-05-04 04:53:44,479 - INFO - 第 7 轮耗时: 数据搬运=1.4464s, 训练=1560.6846s
2026-05-04 05:27:04,618 - INFO - 第 8 轮: 训练损失=301.8889, 训练Acc=0.9747, 训练Macro-F1=0.9574, 验证损失=43.6458, 验证Acc=0.9264, 验证Precision=0.9276, 验证Recall=0.9264, 验证weight-F1=0.9257, 验证Macro-F1=0.8747
2026-05-04 05:28:55,750 - INFO - ========== 测试集评估结果 ==========
2026-05-04 05:28:55,750 - INFO - 第 8 轮: 测试损失=44.2274, 测试Acc=0.9217, 测试Precision=0.9225, 测试Recall=0.9217, 测试weighted-F1=0.9210, 测试Macro-F1=0.8572
2026-05-04 05:28:55,750 - INFO -
测试集分类报告：
               precision    recall  f1-score   support

         中医器械     1.0000    0.7692    0.8696        26
       临床检验器械     0.9186    0.7900    0.8495       100
       医用康复器械     0.7727    0.7727    0.7727        22
       医用成像器械     0.9560    0.9825    0.9691       973
    医用诊察和监护器械     0.9202    0.9608    0.9400       612
         医用软件     0.8904    0.7143    0.7927        91
   医疗器械消毒灭菌器械     0.8750    0.7000    0.7778        10
        口腔科器械     0.8824    0.9677    0.9231        31
   呼吸、麻醉和急救器械     0.7200    0.8182    0.7660        22
妇产科、辅助生殖和避孕器械     0.9344    0.9661    0.9500        59
       患者承载器械     0.9091    1.0000    0.9524        10
       放射治疗器械     0.8333    0.7500    0.7895        20
       无源手术器械     0.9415    0.8998    0.9201       429
       无源植入器械     0.7714    0.8060    0.7883        67
       有源手术器械     0.8827    0.9186    0.9003       295
       有源植入器械     1.0000    0.6842    0.8125        19
   注输、护理和防护器械     0.7607    0.8318    0.7946       107
       物理治疗器械     0.7200    0.6429    0.6792        28
         眼科器械     0.9752    0.9874    0.9812       159
   神经和心血管手术器械     0.9500    0.9194    0.9344        62
 输血、透析和体外循环器械     0.7778    0.7778    0.7778         9
       骨科手术器械     0.9466    0.8896    0.9172       299

     accuracy                         0.9217      3450
    macro avg     0.8790    0.8431    0.8572      3450
 weighted avg     0.9225    0.9217    0.9210      3450

2026-05-04 05:28:55,750 - INFO - 第 8 轮耗时: 数据搬运=1.3521s, 训练=1545.4351s
2026-05-04 06:01:59,465 - INFO - 第 9 轮: 训练损失=295.4398, 训练Acc=0.9820, 训练Macro-F1=0.9694, 验证损失=43.6052, 验证Acc=0.9258, 验证Precision=0.9261, 验证Recall=0.9258, 验证weight-F1=0.9250, 验证Macro-F1=0.8669
2026-05-04 06:03:46,627 - INFO - ========== 测试集评估结果 ==========
2026-05-04 06:03:46,627 - INFO - 第 9 轮: 测试损失=43.7961, 测试Acc=0.9243, 测试Precision=0.9243, 测试Recall=0.9243, 测试weighted-F1=0.9236, 测试Macro-F1=0.8730
2026-05-04 06:03:46,627 - INFO -
测试集分类报告：
               precision    recall  f1-score   support

         中医器械     1.0000    0.9231    0.9600        26
       临床检验器械     0.8000    0.8800    0.8381       100
       医用康复器械     0.8500    0.7727    0.8095        22
       医用成像器械     0.9722    0.9702    0.9712       973
    医用诊察和监护器械     0.9260    0.9608    0.9431       612
         医用软件     0.8630    0.6923    0.7683        91
   医疗器械消毒灭菌器械     1.0000    0.8000    0.8889        10
        口腔科器械     0.8824    0.9677    0.9231        31
   呼吸、麻醉和急救器械     0.7500    0.6818    0.7143        22
妇产科、辅助生殖和避孕器械     0.9500    0.9661    0.9580        59
       患者承载器械     0.8333    1.0000    0.9091        10
       放射治疗器械     0.7826    0.9000    0.8372        20
       无源手术器械     0.9420    0.9091    0.9253       429
       无源植入器械     0.8448    0.7313    0.7840        67
       有源手术器械     0.8746    0.9220    0.8977       295
       有源植入器械     0.8889    0.8421    0.8649        19
   注输、护理和防护器械     0.8542    0.7664    0.8079       107
       物理治疗器械     0.7308    0.6786    0.7037        28
         眼科器械     0.9753    0.9937    0.9844       159
   神经和心血管手术器械     0.9206    0.9355    0.9280        62
 输血、透析和体外循环器械     1.0000    0.7778    0.8750         9
       骨科手术器械     0.9049    0.9231    0.9139       299

     accuracy                         0.9243      3450
    macro avg     0.8884    0.8634    0.8730      3450
 weighted avg     0.9243    0.9243    0.9236      3450

2026-05-04 06:03:47,500 - INFO - 第 9 轮耗时: 数据搬运=1.2420s, 训练=1534.9005s
2026-05-04 06:34:55,001 - INFO - 第 10 轮: 训练损失=290.9432, 训练Acc=0.9857, 训练Macro-F1=0.9758, 验证损失=43.5250, 验证Acc=0.9275, 验证Precision=0.9275, 验证Recall=0.9275, 验证weight-F1=0.9266, 验证Macro-F1=0.8690
2026-05-04 06:36:18,900 - INFO - ========== 测试集评估结果 ==========
2026-05-04 06:36:18,900 - INFO - 第 10 轮: 测试损失=43.8708, 测试Acc=0.9232, 测试Precision=0.9229, 测试Recall=0.9232, 测试weighted-F1=0.9220, 测试Macro-F1=0.8699
2026-05-04 06:36:18,900 - INFO -
测试集分类报告：
               precision    recall  f1-score   support

         中医器械     1.0000    0.9231    0.9600        26
       临床检验器械     0.8673    0.8500    0.8586       100
       医用康复器械     0.8095    0.7727    0.7907        22
       医用成像器械     0.9637    0.9815    0.9725       973
    医用诊察和监护器械     0.9218    0.9624    0.9416       612
         医用软件     0.8784    0.7143    0.7879        91
   医疗器械消毒灭菌器械     1.0000    0.8000    0.8889        10
        口腔科器械     0.9062    0.9355    0.9206        31
   呼吸、麻醉和急救器械     0.9286    0.5909    0.7222        22
妇产科、辅助生殖和避孕器械     0.9355    0.9831    0.9587        59
       患者承载器械     0.9091    1.0000    0.9524        10
       放射治疗器械     0.8095    0.8500    0.8293        20
       无源手术器械     0.9064    0.9254    0.9158       429
       无源植入器械     0.8596    0.7313    0.7903        67
       有源手术器械     0.8829    0.8949    0.8889       295
       有源植入器械     1.0000    0.6842    0.8125        19
   注输、护理和防护器械     0.8224    0.8224    0.8224       107
       物理治疗器械     0.6667    0.6429    0.6545        28
         眼科器械     0.9814    0.9937    0.9875       159
   神经和心血管手术器械     0.9630    0.8387    0.8966        62
 输血、透析和体外循环器械     1.0000    0.7778    0.8750         9
       骨科手术器械     0.9212    0.8997    0.9103       299

     accuracy                         0.9232      3450
    macro avg     0.9061    0.8443    0.8699      3450
 weighted avg     0.9229    0.9232    0.9220      3450

2026-05-04 06:36:18,901 - INFO - 第 10 轮耗时: 数据搬运=1.3168s, 训练=1452.8170s
2026-05-04 07:01:08,332 - INFO - 第 11 轮: 训练损失=287.0031, 训练Acc=0.9883, 训练Macro-F1=0.9806, 验证损失=43.7379, 验证Acc=0.9290, 验证Precision=0.9297, 验证Recall=0.9290, 验证weight-F1=0.9278, 验证Macro-F1=0.8705
2026-05-04 07:01:08,332 - INFO - 提前终止训练：验证集macro_f13轮未提升。
2026-05-04 07:01:08,333 - INFO - 验证集最佳的模型在第8轮。
2026-05-04 07:01:08,333 - INFO - 测试集最佳的模型在第9轮。
