2026-05-04 01:31:47,619 - INFO - 脚本开始
2026-05-04 01:31:47,620 - INFO - 开始加载数据集，共 2 个文件
2026-05-04 01:31:47,620 - INFO - 读取文件: ../返修/增强数据集_输血透析体外循环.parquet
2026-05-04 01:31:47,813 - INFO - 读取文件: ../返修/数据集_D2_D3高置信.parquet
2026-05-04 01:31:49,449 - INFO - 合并后数据量: 34493 条
2026-05-04 01:31:49,571 - INFO - 数据形状: X=(34493, 1024), y=34493
2026-05-04 01:31:49,583 - INFO - 共有 22 个类别: ['中医器械', '临床检验器械', '医用康复器械', '医用成像器械', '医用诊察和监护器械', '医用软件', '医疗器械消毒灭菌器械', '口腔科器械', '呼吸、麻醉和急救器械', '妇产科、辅助生殖和避孕器械', '患者承载器械', '放射治疗器械', '无源手术器械', '无源植入器械', '有源手术器械', '有源植入器械', '注输、护理和防护器械', '物理治疗器械', '眼科器械', '神经和心血管手术器械', '输血、透析和体外循环器械', '骨科手术器械']
2026-05-04 01:31:49,683 - INFO - 划分数据集: 训练集 (31043, 1024), 测试集 (3450, 1024)
2026-05-04 01:31:49,683 - INFO - 使用 L2 归一化
2026-05-04 01:31:49,866 - INFO - 在训练集上拟合 PCA: 从 1024 -> 128
2026-05-04 01:31:50,941 - INFO - PCA 完成: 保留方差比例 76.26%
2026-05-04 01:31:50,941 - INFO - 开始在训练集上进行交叉验证与超参数搜索: model_type=knn, cv=5, scoring=f1_macro
2026-05-04 01:32:21,956 - INFO - 超参数搜索耗时: 31.01s
2026-05-04 01:32:21,956 - INFO - 最优参数: {'metric': 'cosine', 'n_neighbors': 5, 'weights': 'distance'}
2026-05-04 01:32:21,956 - INFO - 交叉验证最优得分 (f1_macro): 0.7961
2026-05-04 01:32:21,984 - INFO - 在训练集上拟合最终模型耗时: 0.03s
2026-05-04 01:32:25,843 - INFO -
===== 测试集 分类报告 =====
               precision    recall  f1-score   support

         中医器械     0.9091    0.7407    0.8163        27
       临床检验器械     0.8351    0.8020    0.8182       101
       医用康复器械     0.8696    0.9091    0.8889        22
       医用成像器械     0.9405    0.9648    0.9525       967
    医用诊察和监护器械     0.8865    0.9421    0.9135       622
         医用软件     0.7460    0.5165    0.6104        91
   医疗器械消毒灭菌器械     0.7500    0.9000    0.8182        10
        口腔科器械     0.9643    0.8710    0.9153        31
   呼吸、麻醉和急救器械     0.5882    0.4545    0.5128        22
妇产科、辅助生殖和避孕器械     0.8750    0.9655    0.9180        58
       患者承载器械     0.6250    0.4545    0.5263        11
       放射治疗器械     1.0000    0.4000    0.5714        20
       无源手术器械     0.8858    0.9108    0.8981       426
       无源植入器械     0.8030    0.7794    0.7910        68
       有源手术器械     0.8684    0.9041    0.8859       292
       有源植入器械     0.8333    0.5263    0.6452        19
   注输、护理和防护器械     0.7835    0.7103    0.7451       107
       物理治疗器械     0.7000    0.4828    0.5714        29
         眼科器械     0.9560    0.9682    0.9620       157
   神经和心血管手术器械     0.9167    0.8730    0.8943        63
 输血、透析和体外循环器械     1.0000    0.8889    0.9412         9
       骨科手术器械     0.9072    0.8859    0.8964       298

     accuracy                         0.8945      3450
    macro avg     0.8474    0.7659    0.7951      3450
 weighted avg     0.8920    0.8945    0.8910      3450

2026-05-04 01:32:28,058 - INFO - 混淆矩阵图已保存至: ./返修机器学习分类结果/l2/f1_macro/results_aug/knn/42\confusion_matrix.png
2026-05-04 01:32:30,427 - INFO - ONNX 模型已导出: ./返修机器学习分类结果/l2/f1_macro/results_aug/knn/42\saved_model\model.onnx
2026-05-04 01:32:30,428 - INFO - 训练配置与模型信息已保存至: ./返修机器学习分类结果/l2/f1_macro/results_aug/knn/42\saved_model\config.json
2026-05-04 01:32:30,428 - INFO - 总时长: 42.81s (搜索 31.01s, 拟合 0.03s)
2026-05-04 01:32:30,428 - INFO - 脚本结束
2026-05-04 01:32:30,590 - INFO - 脚本开始
2026-05-04 01:32:30,591 - INFO - 开始加载数据集，共 2 个文件
2026-05-04 01:32:30,591 - INFO - 读取文件: ../返修/增强数据集_输血透析体外循环.parquet
2026-05-04 01:32:30,607 - INFO - 读取文件: ../返修/数据集_D2_D3高置信.parquet
2026-05-04 01:32:32,583 - INFO - 合并后数据量: 34493 条
2026-05-04 01:32:32,804 - INFO - 数据形状: X=(34493, 1024), y=34493
2026-05-04 01:32:32,814 - INFO - 共有 22 个类别: ['中医器械', '临床检验器械', '医用康复器械', '医用成像器械', '医用诊察和监护器械', '医用软件', '医疗器械消毒灭菌器械', '口腔科器械', '呼吸、麻醉和急救器械', '妇产科、辅助生殖和避孕器械', '患者承载器械', '放射治疗器械', '无源手术器械', '无源植入器械', '有源手术器械', '有源植入器械', '注输、护理和防护器械', '物理治疗器械', '眼科器械', '神经和心血管手术器械', '输血、透析和体外循环器械', '骨科手术器械']
2026-05-04 01:32:32,922 - INFO - 划分数据集: 训练集 (31043, 1024), 测试集 (3450, 1024)
2026-05-04 01:32:32,922 - INFO - 使用 L2 归一化
2026-05-04 01:32:33,124 - INFO - 在训练集上拟合 PCA: 从 1024 -> 128
2026-05-04 01:32:34,278 - INFO - PCA 完成: 保留方差比例 76.26%
2026-05-04 01:32:34,278 - INFO - 开始在训练集上进行交叉验证与超参数搜索: model_type=logistic, cv=5, scoring=f1_macro
2026-05-04 01:32:51,729 - INFO - 超参数搜索耗时: 17.45s
2026-05-04 01:32:51,729 - INFO - 最优参数: {'C': 10, 'penalty': 'l2', 'solver': 'lbfgs'}
2026-05-04 01:32:51,729 - INFO - 交叉验证最优得分 (f1_macro): 0.8009
2026-05-04 01:33:00,089 - INFO - 在训练集上拟合最终模型耗时: 8.36s
2026-05-04 01:33:00,109 - INFO -
===== 测试集 分类报告 =====
               precision    recall  f1-score   support

         中医器械     0.8846    0.8519    0.8679        27
       临床检验器械     0.8182    0.8020    0.8100       101
       医用康复器械     0.8261    0.8636    0.8444        22
       医用成像器械     0.9387    0.9659    0.9521       967
    医用诊察和监护器械     0.8924    0.9196    0.9058       622
         医用软件     0.7424    0.5385    0.6242        91
   医疗器械消毒灭菌器械     1.0000    0.9000    0.9474        10
        口腔科器械     0.9091    0.9677    0.9375        31
   呼吸、麻醉和急救器械     0.6957    0.7273    0.7111        22
妇产科、辅助生殖和避孕器械     0.9016    0.9483    0.9244        58
       患者承载器械     0.9000    0.8182    0.8571        11
       放射治疗器械     0.9167    0.5500    0.6875        20
       无源手术器械     0.8783    0.9319    0.9043       426
       无源植入器械     0.8421    0.7059    0.7680        68
       有源手术器械     0.8881    0.8973    0.8927       292
       有源植入器械     0.8462    0.5789    0.6875        19
   注输、护理和防护器械     0.8000    0.7103    0.7525       107
       物理治疗器械     0.8421    0.5517    0.6667        29
         眼科器械     0.9682    0.9682    0.9682       157
   神经和心血管手术器械     0.9180    0.8889    0.9032        63
 输血、透析和体外循环器械     0.7500    0.3333    0.4615         9
       骨科手术器械     0.9030    0.9060    0.9045       298

     accuracy                         0.8983      3450
    macro avg     0.8664    0.7875    0.8172      3450
 weighted avg     0.8961    0.8983    0.8955      3450

2026-05-04 01:33:01,960 - INFO - 混淆矩阵图已保存至: ./返修机器学习分类结果/l2/f1_macro/results_aug/logistic/42\confusion_matrix.png
2026-05-04 01:33:01,999 - INFO - ONNX 模型已导出: ./返修机器学习分类结果/l2/f1_macro/results_aug/logistic/42\saved_model\model.onnx
2026-05-04 01:33:02,000 - INFO - 训练配置与模型信息已保存至: ./返修机器学习分类结果/l2/f1_macro/results_aug/logistic/42\saved_model\config.json
2026-05-04 01:33:02,000 - INFO - 总时长: 31.41s (搜索 17.45s, 拟合 8.36s)
2026-05-04 01:33:02,000 - INFO - 脚本结束
2026-05-04 01:33:02,132 - INFO - 脚本开始
2026-05-04 01:33:02,132 - INFO - 开始加载数据集，共 2 个文件
2026-05-04 01:33:02,133 - INFO - 读取文件: ../返修/增强数据集_输血透析体外循环.parquet
2026-05-04 01:33:02,143 - INFO - 读取文件: ../返修/数据集_D2_D3高置信.parquet
2026-05-04 01:33:03,710 - INFO - 合并后数据量: 34493 条
2026-05-04 01:33:03,837 - INFO - 数据形状: X=(34493, 1024), y=34493
2026-05-04 01:33:03,848 - INFO - 共有 22 个类别: ['中医器械', '临床检验器械', '医用康复器械', '医用成像器械', '医用诊察和监护器械', '医用软件', '医疗器械消毒灭菌器械', '口腔科器械', '呼吸、麻醉和急救器械', '妇产科、辅助生殖和避孕器械', '患者承载器械', '放射治疗器械', '无源手术器械', '无源植入器械', '有源手术器械', '有源植入器械', '注输、护理和防护器械', '物理治疗器械', '眼科器械', '神经和心血管手术器械', '输血、透析和体外循环器械', '骨科手术器械']
2026-05-04 01:33:03,941 - INFO - 划分数据集: 训练集 (31043, 1024), 测试集 (3450, 1024)
2026-05-04 01:33:03,941 - INFO - 使用 L2 归一化
2026-05-04 01:33:03,941 - INFO - 在训练集上拟合 PCA: 从 1024 -> 128
2026-05-04 01:33:05,061 - INFO - PCA 完成: 保留方差比例 75.84%
2026-05-04 01:33:05,061 - INFO - 开始在训练集上进行交叉验证与超参数搜索: model_type=rf, cv=5, scoring=f1_macro
2026-05-04 01:34:21,995 - INFO - 超参数搜索耗时: 76.93s
2026-05-04 01:34:21,995 - INFO - 最优参数: {'max_depth': None, 'min_samples_split': 2, 'n_estimators': 100}
2026-05-04 01:34:21,996 - INFO - 交叉验证最优得分 (f1_macro): 0.5291
2026-05-04 01:34:27,354 - INFO - 在训练集上拟合最终模型耗时: 5.36s
2026-05-04 01:34:27,454 - INFO -
===== 测试集 分类报告 =====
               precision    recall  f1-score   support

         中医器械     1.0000    0.2963    0.4571        27
       临床检验器械     0.8571    0.6535    0.7416       101
       医用康复器械     1.0000    0.4545    0.6250        22
       医用成像器械     0.8417    0.9845    0.9075       967
    医用诊察和监护器械     0.7726    0.9614    0.8567       622
         医用软件     0.8947    0.1868    0.3091        91
   医疗器械消毒灭菌器械     1.0000    0.6000    0.7500        10
        口腔科器械     0.8750    0.4516    0.5957        31
   呼吸、麻醉和急救器械     1.0000    0.0909    0.1667        22
妇产科、辅助生殖和避孕器械     0.9706    0.5690    0.7174        58
       患者承载器械     0.0000    0.0000    0.0000        11
       放射治疗器械     1.0000    0.1000    0.1818        20
       无源手术器械     0.7776    0.9108    0.8389       426
       无源植入器械     0.9444    0.2500    0.3953        68
       有源手术器械     0.8516    0.8253    0.8383       292
       有源植入器械     0.0000    0.0000    0.0000        19
   注输、护理和防护器械     0.7971    0.5140    0.6250       107
       物理治疗器械     1.0000    0.0345    0.0667        29
         眼科器械     0.9653    0.8854    0.9236       157
   神经和心血管手术器械     0.9375    0.7143    0.8108        63
 输血、透析和体外循环器械     1.0000    0.3333    0.5000         9
       骨科手术器械     0.8203    0.8423    0.8311       298

     accuracy                         0.8255      3450
    macro avg     0.8321    0.4845    0.5517      3450
 weighted avg     0.8317    0.8255    0.8002      3450

2026-05-04 01:34:29,374 - INFO - 混淆矩阵图已保存至: ./返修机器学习分类结果/l2/f1_macro/results_aug/rf/42\confusion_matrix.png
2026-05-04 01:35:16,839 - INFO - ONNX 模型已导出: ./返修机器学习分类结果/l2/f1_macro/results_aug/rf/42\saved_model\model.onnx
2026-05-04 01:35:16,840 - INFO - 训练配置与模型信息已保存至: ./返修机器学习分类结果/l2/f1_macro/results_aug/rf/42\saved_model\config.json
2026-05-04 01:35:16,840 - INFO - 总时长: 134.71s (搜索 76.93s, 拟合 5.36s)
2026-05-04 01:35:16,840 - INFO - 脚本结束
2026-05-04 01:35:17,024 - INFO - 脚本开始
2026-05-04 01:35:17,024 - INFO - 开始加载数据集，共 2 个文件
2026-05-04 01:35:17,024 - INFO - 读取文件: ../返修/增强数据集_输血透析体外循环.parquet
2026-05-04 01:35:17,033 - INFO - 读取文件: ../返修/数据集_D2_D3高置信.parquet
2026-05-04 01:35:18,577 - INFO - 合并后数据量: 34493 条
2026-05-04 01:35:18,699 - INFO - 数据形状: X=(34493, 1024), y=34493
2026-05-04 01:35:18,712 - INFO - 共有 22 个类别: ['中医器械', '临床检验器械', '医用康复器械', '医用成像器械', '医用诊察和监护器械', '医用软件', '医疗器械消毒灭菌器械', '口腔科器械', '呼吸、麻醉和急救器械', '妇产科、辅助生殖和避孕器械', '患者承载器械', '放射治疗器械', '无源手术器械', '无源植入器械', '有源手术器械', '有源植入器械', '注输、护理和防护器械', '物理治疗器械', '眼科器械', '神经和心血管手术器械', '输血、透析和体外循环器械', '骨科手术器械']
2026-05-04 01:35:18,828 - INFO - 划分数据集: 训练集 (31043, 1024), 测试集 (3450, 1024)
2026-05-04 01:35:18,829 - INFO - 使用 L2 归一化
2026-05-04 01:35:18,829 - INFO - 在训练集上拟合 PCA: 从 1024 -> 128
2026-05-04 01:35:19,973 - INFO - PCA 完成: 保留方差比例 75.84%
2026-05-04 01:35:19,973 - INFO - 开始在训练集上进行交叉验证与超参数搜索: model_type=xgb, cv=5, scoring=f1_macro
2026-05-04 01:36:54,170 - INFO - 超参数搜索耗时: 94.20s
2026-05-04 01:36:54,171 - INFO - 最优参数: {'learning_rate': 0.1, 'max_depth': 6, 'n_estimators': 50}
2026-05-04 01:36:54,171 - INFO - 交叉验证最优得分 (f1_macro): 0.6554
2026-05-04 01:37:06,165 - INFO - 在训练集上拟合最终模型耗时: 11.99s
2026-05-04 01:37:06,191 - INFO -
===== 测试集 分类报告 =====
               precision    recall  f1-score   support

         中医器械     0.9375    0.5556    0.6977        27
       临床检验器械     0.7978    0.7030    0.7474       101
       医用康复器械     0.7500    0.5455    0.6316        22
       医用成像器械     0.8963    0.9648    0.9293       967
    医用诊察和监护器械     0.8147    0.9260    0.8668       622
         医用软件     0.6607    0.4066    0.5034        91
   医疗器械消毒灭菌器械     1.0000    0.7000    0.8235        10
        口腔科器械     0.9091    0.6452    0.7547        31
   呼吸、麻醉和急救器械     0.7500    0.2727    0.4000        22
妇产科、辅助生殖和避孕器械     0.8605    0.6379    0.7327        58
       患者承载器械     0.5000    0.1818    0.2667        11
       放射治疗器械     1.0000    0.1500    0.2609        20
       无源手术器械     0.8058    0.9155    0.8571       426
       无源植入器械     0.8158    0.4559    0.5849        68
       有源手术器械     0.8377    0.8664    0.8519       292
       有源植入器械     1.0000    0.2632    0.4167        19
   注输、护理和防护器械     0.7333    0.6168    0.6701       107
       物理治疗器械     0.8333    0.1724    0.2857        29
         眼科器械     0.9481    0.9299    0.9389       157
   神经和心血管手术器械     0.8667    0.8254    0.8455        63
 输血、透析和体外循环器械     0.7500    0.3333    0.4615         9
       骨科手术器械     0.8576    0.8490    0.8533       298

     accuracy                         0.8472      3450
    macro avg     0.8329    0.5871    0.6536      3450
 weighted avg     0.8454    0.8472    0.8358      3450

2026-05-04 01:37:08,104 - INFO - 混淆矩阵图已保存至: ./返修机器学习分类结果/l2/f1_macro/results_aug/xgb/42\confusion_matrix.png
2026-05-04 01:37:08,226 - WARNING - ONNX 导出失败: Unable to find a shape calculator for type '<class 'xgboost.sklearn.XGBClassifier'>'.
It usually means the pipeline being converted contains a
transformer or a predictor with no corresponding converter
implemented in sklearn-onnx. If the converted is implemented
in another library, you need to register
the converted so that it can be used by sklearn-onnx (function
update_registered_converter). If the model is not yet covered
by sklearn-onnx, you may raise an issue to
https://github.com/onnx/sklearn-onnx/issues
to get the converter implemented or even contribute to the
project. If the model is a custom model, a new converter must
be implemented. Examples can be found in the gallery.

2026-05-04 01:37:08,226 - INFO - 训练配置与模型信息已保存至: ./返修机器学习分类结果/l2/f1_macro/results_aug/xgb/42\saved_model\config.json
2026-05-04 01:37:08,226 - INFO - 总时长: 111.20s (搜索 94.20s, 拟合 11.99s)
2026-05-04 01:37:08,227 - INFO - 脚本结束
2026-05-04 01:37:08,349 - INFO - 脚本开始
2026-05-04 01:37:08,349 - INFO - 开始加载数据集，共 2 个文件
2026-05-04 01:37:08,349 - INFO - 读取文件: ../返修/增强数据集_输血透析体外循环.parquet
2026-05-04 01:37:08,363 - INFO - 读取文件: ../返修/数据集_D2_D3高置信.parquet
2026-05-04 01:37:09,914 - INFO - 合并后数据量: 34493 条
2026-05-04 01:37:10,039 - INFO - 数据形状: X=(34493, 1024), y=34493
2026-05-04 01:37:10,050 - INFO - 共有 22 个类别: ['中医器械', '临床检验器械', '医用康复器械', '医用成像器械', '医用诊察和监护器械', '医用软件', '医疗器械消毒灭菌器械', '口腔科器械', '呼吸、麻醉和急救器械', '妇产科、辅助生殖和避孕器械', '患者承载器械', '放射治疗器械', '无源手术器械', '无源植入器械', '有源手术器械', '有源植入器械', '注输、护理和防护器械', '物理治疗器械', '眼科器械', '神经和心血管手术器械', '输血、透析和体外循环器械', '骨科手术器械']
2026-05-04 01:37:10,183 - INFO - 划分数据集: 训练集 (31043, 1024), 测试集 (3450, 1024)
2026-05-04 01:37:10,183 - INFO - 使用 L2 归一化
2026-05-04 01:37:10,365 - INFO - 在训练集上拟合 PCA: 从 1024 -> 128
2026-05-04 01:37:11,427 - INFO - PCA 完成: 保留方差比例 76.26%
2026-05-04 01:37:11,427 - INFO - 开始在训练集上进行交叉验证与超参数搜索: model_type=svm, cv=5, scoring=f1_macro
2026-05-04 02:03:38,481 - INFO - 超参数搜索耗时: 1587.05s
2026-05-04 02:03:38,482 - INFO - 最优参数: {'C': 10, 'gamma': 'scale', 'kernel': 'rbf'}
2026-05-04 02:03:38,482 - INFO - 交叉验证最优得分 (f1_macro): 0.8440
2026-05-04 02:07:56,462 - INFO - 在训练集上拟合最终模型耗时: 257.98s
2026-05-04 02:08:11,492 - INFO -
===== 测试集 分类报告 =====
               precision    recall  f1-score   support

         中医器械     0.9200    0.8519    0.8846        27
       临床检验器械     0.8776    0.8515    0.8643       101
       医用康复器械     1.0000    0.9545    0.9767        22
       医用成像器械     0.9527    0.9793    0.9658       967
    医用诊察和监护器械     0.9287    0.9421    0.9354       622
         医用软件     0.8101    0.7033    0.7529        91
   医疗器械消毒灭菌器械     1.0000    0.8000    0.8889        10
        口腔科器械     0.9375    0.9677    0.9524        31
   呼吸、麻醉和急救器械     0.6087    0.6364    0.6222        22
妇产科、辅助生殖和避孕器械     0.9180    0.9655    0.9412        58
       患者承载器械     1.0000    0.7273    0.8421        11
       放射治疗器械     0.9412    0.8000    0.8649        20
       无源手术器械     0.9066    0.9343    0.9202       426
       无源植入器械     0.9032    0.8235    0.8615        68
       有源手术器械     0.9091    0.9247    0.9168       292
       有源植入器械     0.9167    0.5789    0.7097        19
   注输、护理和防护器械     0.8119    0.7664    0.7885       107
       物理治疗器械     0.8182    0.6207    0.7059        29
         眼科器械     0.9747    0.9809    0.9778       157
   神经和心血管手术器械     0.9833    0.9365    0.9593        63
 输血、透析和体外循环器械     1.0000    0.6667    0.8000         9
       骨科手术器械     0.9257    0.9195    0.9226       298

     accuracy                         0.9238      3450
    macro avg     0.9111    0.8332    0.8661      3450
 weighted avg     0.9231    0.9238    0.9226      3450

2026-05-04 02:08:13,233 - INFO - 混淆矩阵图已保存至: ./返修机器学习分类结果/l2/f1_macro/results_aug/svm/42\confusion_matrix.png
2026-05-04 02:08:14,759 - INFO - ONNX 模型已导出: ./返修机器学习分类结果/l2/f1_macro/results_aug/svm/42\saved_model\model.onnx
2026-05-04 02:08:14,760 - INFO - 训练配置与模型信息已保存至: ./返修机器学习分类结果/l2/f1_macro/results_aug/svm/42\saved_model\config.json
2026-05-04 02:08:14,760 - INFO - 总时长: 1866.41s (搜索 1587.05s, 拟合 257.98s)
2026-05-04 02:08:14,760 - INFO - 脚本结束
