完整结构(微调)：
               precision    recall  f1-score   support
     accuracy                         0.9261      3450
    macro avg     0.9046    0.8604    0.8792      3450
 weighted avg     0.9256    0.9261    0.9249      3450

BERT + Linear(无微调)：
               precision    recall  f1-score   support
     accuracy                         0.8275      3450
    macro avg     0.8388    0.6161    0.6775      3450
 weighted avg     0.8283    0.8275    0.8194      3450

BERT + Linear(微调)：
测试集分类报告：
               precision    recall  f1-score   support
     accuracy                         0.9154      3450
    macro avg     0.8963    0.8241    0.8520      3450
 weighted avg     0.9152    0.9154    0.9132      3450

完整结构(不微调)：

               precision    recall  f1-score   support
     accuracy                         0.9125      3450
    macro avg     0.8907    0.8012    0.8377      3450
 weighted avg     0.9113    0.9125    0.9094      3450

