2026-05-04 19:40:21,854 - INFO - ============================================================
2026-05-04 19:40:21,854 - INFO - 开始生成测试集混淆矩阵
2026-05-04 19:40:21,854 - INFO - ============================================================
2026-05-04 19:40:21,878 - INFO - 使用设备: cuda
2026-05-04 19:40:22,703 - INFO - 模型加载成功：./返修/test_best_model.pth
2026-05-04 19:40:22,703 - INFO - 开始加载数据集，共 2 个文件
2026-05-04 19:40:22,704 - INFO - 读取文件: D:/WorkSpace/JupyterWorkSpace/pq/app/openSpec/docs/idea/start/output/增强数据集_输血透析体外循环.parquet
2026-05-04 19:40:22,799 - INFO - 读取文件: D:/WorkSpace/JupyterWorkSpace/pq/app/openSpec/docs/idea/start/output/数据集_D2_D3高置信.parquet
2026-05-04 19:40:23,736 - INFO - 合并后数据量: 34493 条
2026-05-04 19:40:23,741 - INFO - 数据集类别分布：
2026-05-04 19:40:23,746 - INFO - last_label
医用成像器械           9732
医用诊察和监护器械        6115
无源手术器械           4288
骨科手术器械           2992
有源手术器械           2949
眼科器械             1591
注输、护理和防护器械       1063
临床检验器械           1002
医用软件              911
无源植入器械            663
神经和心血管手术器械        616
妇产科、辅助生殖和避孕器械     584
口腔科器械             308
物理治疗器械            282
中医器械              263
医用康复器械            220
呼吸、麻醉和急救器械        220
放射治疗器械            203
有源植入器械            193
患者承载器械            107
医疗器械消毒灭菌器械         98
输血、透析和体外循环器械       93
Name: count, dtype: int64
2026-05-04 19:40:23,783 - INFO - 测试集样本数: 3450
2026-05-04 19:40:23,783 - INFO - 类别列表: ['中医器械', '临床检验器械', '医用康复器械', '医用成像器械', '医用诊察和监护器械', '医用软件', '医疗器械消毒灭菌器械', '口腔科器械', '呼吸、麻醉和急救器械', '妇产科、辅助生殖和避孕器械', '患者承载器械', '放射治疗器械', '无源手术器械', '无源植入器械', '有源手术器械', '有源植入器械', '注输、护理和防护器械', '物理治疗器械', '眼科器械', '神经和心血管手术器械', '输血、透析和体外循环器械', '骨科手术器械']
2026-05-04 19:40:23,800 - INFO - 开始在测试集上进行预测...
2026-05-04 19:41:10,780 - INFO - 预测完成，共预测 3450 条数据
2026-05-04 19:41:10,785 - INFO - 
测试集分类报告：
               precision    recall  f1-score   support

         中医器械     1.0000    0.9231    0.9600        26
       临床检验器械     0.8627    0.8800    0.8713       100
       医用康复器械     0.7500    0.8182    0.7826        22
       医用成像器械     0.9648    0.9846    0.9746       973
    医用诊察和监护器械     0.9306    0.9641    0.9470       612
         医用软件     0.8769    0.6264    0.7308        91
   医疗器械消毒灭菌器械     1.0000    0.9000    0.9474        10
        口腔科器械     0.9062    0.9355    0.9206        31
   呼吸、麻醉和急救器械     0.8889    0.7273    0.8000        22
妇产科、辅助生殖和避孕器械     0.9206    0.9831    0.9508        59
       患者承载器械     0.9000    0.9000    0.9000        10
       放射治疗器械     0.8947    0.8500    0.8718        20
       无源手术器械     0.9131    0.9068    0.9099       429
       无源植入器械     0.8308    0.8060    0.8182        67
       有源手术器械     0.8882    0.9153    0.9015       295
       有源植入器械     1.0000    0.6842    0.8125        19
   注输、护理和防护器械     0.8990    0.8318    0.8641       107
       物理治疗器械     0.6667    0.6429    0.6545        28
         眼科器械     0.9812    0.9874    0.9843       159
   神经和心血管手术器械     0.9153    0.8710    0.8926        62
 输血、透析和体外循环器械     1.0000    0.8889    0.9412         9
       骨科手术器械     0.9122    0.9030    0.9076       299

     accuracy                         0.9261      3450
    macro avg     0.9046    0.8604    0.8792      3450
 weighted avg     0.9256    0.9261    0.9249      3450

2026-05-04 19:41:12,254 - INFO - 混淆矩阵图已保存至: ./返修/测试集混淆矩阵\confusion_matrix_test.png
2026-05-04 19:41:12,268 - INFO - 混淆矩阵数据已保存至: ./返修/测试集混淆矩阵\confusion_matrix_test.csv
2026-05-04 19:41:12,625 - INFO - 预测结果已保存至: ./返修/测试集混淆矩阵\test_predictions.xlsx
2026-05-04 19:41:12,666 - INFO - 错误样本已保存至: ./返修/测试集混淆矩阵\test_error_samples.xlsx
2026-05-04 19:41:12,666 - INFO - 错误样本数量: 255 / 3450 = 7.39%
2026-05-04 19:41:12,738 - INFO - ============================================================
2026-05-04 19:41:12,738 - INFO - 混淆矩阵生成完成
2026-05-04 19:41:12,738 - INFO - ============================================================
